Archive member included to satisfy reference by file (symbol)

/usr/lib/gcc/arm-none-eabi/9.2.1/../../../arm-none-eabi/lib/thumb/v7-m/nofp/libc_nano.a(lib_a-atexit.o)
                              /usr/lib/gcc/arm-none-eabi/9.2.1/../../../arm-none-eabi/lib/thumb/v7-m/nofp/crt0.o (atexit)
/usr/lib/gcc/arm-none-eabi/9.2.1/../../../arm-none-eabi/lib/thumb/v7-m/nofp/libc_nano.a(lib_a-errno.o)
                              build/sysmem.o (__errno)
/usr/lib/gcc/arm-none-eabi/9.2.1/../../../arm-none-eabi/lib/thumb/v7-m/nofp/libc_nano.a(lib_a-exit.o)
                              /usr/lib/gcc/arm-none-eabi/9.2.1/../../../arm-none-eabi/lib/thumb/v7-m/nofp/crt0.o (exit)
/usr/lib/gcc/arm-none-eabi/9.2.1/../../../arm-none-eabi/lib/thumb/v7-m/nofp/libc_nano.a(lib_a-fini.o)
                              /usr/lib/gcc/arm-none-eabi/9.2.1/../../../arm-none-eabi/lib/thumb/v7-m/nofp/crt0.o (__libc_fini_array)
/usr/lib/gcc/arm-none-eabi/9.2.1/../../../arm-none-eabi/lib/thumb/v7-m/nofp/libc_nano.a(lib_a-impure.o)
                              /usr/lib/gcc/arm-none-eabi/9.2.1/../../../arm-none-eabi/lib/thumb/v7-m/nofp/libc_nano.a(lib_a-exit.o) (_global_impure_ptr)
/usr/lib/gcc/arm-none-eabi/9.2.1/../../../arm-none-eabi/lib/thumb/v7-m/nofp/libc_nano.a(lib_a-init.o)
                              /usr/lib/gcc/arm-none-eabi/9.2.1/../../../arm-none-eabi/lib/thumb/v7-m/nofp/crt0.o (__libc_init_array)
/usr/lib/gcc/arm-none-eabi/9.2.1/../../../arm-none-eabi/lib/thumb/v7-m/nofp/libc_nano.a(lib_a-memset.o)
                              /usr/lib/gcc/arm-none-eabi/9.2.1/../../../arm-none-eabi/lib/thumb/v7-m/nofp/crt0.o (memset)
/usr/lib/gcc/arm-none-eabi/9.2.1/../../../arm-none-eabi/lib/thumb/v7-m/nofp/libc_nano.a(lib_a-sprintf.o)
                              build/main.o (sprintf)
/usr/lib/gcc/arm-none-eabi/9.2.1/../../../arm-none-eabi/lib/thumb/v7-m/nofp/libc_nano.a(lib_a-strlen-stub.o)
                              build/main.o (strlen)
/usr/lib/gcc/arm-none-eabi/9.2.1/../../../arm-none-eabi/lib/thumb/v7-m/nofp/libc_nano.a(lib_a-__atexit.o)
                              /usr/lib/gcc/arm-none-eabi/9.2.1/../../../arm-none-eabi/lib/thumb/v7-m/nofp/libc_nano.a(lib_a-atexit.o) (__register_exitproc)
/usr/lib/gcc/arm-none-eabi/9.2.1/../../../arm-none-eabi/lib/thumb/v7-m/nofp/libc_nano.a(lib_a-__call_atexit.o)
                              /usr/lib/gcc/arm-none-eabi/9.2.1/../../../arm-none-eabi/lib/thumb/v7-m/nofp/libc_nano.a(lib_a-__atexit.o) (__call_exitprocs)
/usr/lib/gcc/arm-none-eabi/9.2.1/../../../arm-none-eabi/lib/thumb/v7-m/nofp/libc_nano.a(lib_a-nano-svfprintf.o)
                              /usr/lib/gcc/arm-none-eabi/9.2.1/../../../arm-none-eabi/lib/thumb/v7-m/nofp/libc_nano.a(lib_a-sprintf.o) (_svfprintf_r)
/usr/lib/gcc/arm-none-eabi/9.2.1/../../../arm-none-eabi/lib/thumb/v7-m/nofp/libc_nano.a(lib_a-nano-vfprintf_i.o)
                              /usr/lib/gcc/arm-none-eabi/9.2.1/../../../arm-none-eabi/lib/thumb/v7-m/nofp/libc_nano.a(lib_a-nano-svfprintf.o) (_printf_i)
/usr/lib/gcc/arm-none-eabi/9.2.1/../../../arm-none-eabi/lib/thumb/v7-m/nofp/libc_nano.a(lib_a-memchr-stub.o)
                              /usr/lib/gcc/arm-none-eabi/9.2.1/../../../arm-none-eabi/lib/thumb/v7-m/nofp/libc_nano.a(lib_a-nano-svfprintf.o) (memchr)
/usr/lib/gcc/arm-none-eabi/9.2.1/../../../arm-none-eabi/lib/thumb/v7-m/nofp/libc_nano.a(lib_a-memcpy.o)
                              /usr/lib/gcc/arm-none-eabi/9.2.1/../../../arm-none-eabi/lib/thumb/v7-m/nofp/libc_nano.a(lib_a-nano-svfprintf.o) (memcpy)
/usr/lib/gcc/arm-none-eabi/9.2.1/../../../arm-none-eabi/lib/thumb/v7-m/nofp/libc_nano.a(lib_a-memmove.o)
                              /usr/lib/gcc/arm-none-eabi/9.2.1/../../../arm-none-eabi/lib/thumb/v7-m/nofp/libc_nano.a(lib_a-nano-svfprintf.o) (memmove)
/usr/lib/gcc/arm-none-eabi/9.2.1/../../../arm-none-eabi/lib/thumb/v7-m/nofp/libc_nano.a(lib_a-nano-freer.o)
                              /usr/lib/gcc/arm-none-eabi/9.2.1/../../../arm-none-eabi/lib/thumb/v7-m/nofp/libc_nano.a(lib_a-nano-svfprintf.o) (_free_r)
/usr/lib/gcc/arm-none-eabi/9.2.1/../../../arm-none-eabi/lib/thumb/v7-m/nofp/libc_nano.a(lib_a-nano-mallocr.o)
                              /usr/lib/gcc/arm-none-eabi/9.2.1/../../../arm-none-eabi/lib/thumb/v7-m/nofp/libc_nano.a(lib_a-nano-svfprintf.o) (_malloc_r)
/usr/lib/gcc/arm-none-eabi/9.2.1/../../../arm-none-eabi/lib/thumb/v7-m/nofp/libc_nano.a(lib_a-nano-reallocr.o)
                              /usr/lib/gcc/arm-none-eabi/9.2.1/../../../arm-none-eabi/lib/thumb/v7-m/nofp/libc_nano.a(lib_a-nano-svfprintf.o) (_realloc_r)
/usr/lib/gcc/arm-none-eabi/9.2.1/../../../arm-none-eabi/lib/thumb/v7-m/nofp/libc_nano.a(lib_a-sbrkr.o)
                              /usr/lib/gcc/arm-none-eabi/9.2.1/../../../arm-none-eabi/lib/thumb/v7-m/nofp/libc_nano.a(lib_a-nano-mallocr.o) (_sbrk_r)
/usr/lib/gcc/arm-none-eabi/9.2.1/../../../arm-none-eabi/lib/thumb/v7-m/nofp/libc_nano.a(lib_a-mlock.o)
[...]
Memory Configuration

Name             Origin             Length             Attributes
RAM              0x0000000020000000 0x000000000000c000 xrw
FLASH            0x0000000008000000 0x0000000000040000 xr
*default*        0x0000000000000000 0xffffffffffffffff

Linker script and memory map

LOAD /usr/lib/gcc/arm-none-eabi/9.2.1/thumb/v7-m/nofp/crti.o
LOAD /usr/lib/gcc/arm-none-eabi/9.2.1/thumb/v7-m/nofp/crtbegin.o
LOAD /usr/lib/gcc/arm-none-eabi/9.2.1/../../../arm-none-eabi/lib/thumb/v7-m/nofp/crt0.o
LOAD build/main.o
LOAD build/gpio.o
LOAD build/stm32f1xx_it.o
LOAD build/stm32f1xx_hal_msp.o
LOAD build/stm32f1xx_hal_gpio_ex.o
LOAD build/stm32f1xx_hal_tim.o
LOAD build/stm32f1xx_hal_tim_ex.o
LOAD build/stm32f1xx_hal.o
LOAD build/stm32f1xx_hal_rcc.o
LOAD build/stm32f1xx_hal_rcc_ex.o
LOAD build/stm32f1xx_hal_gpio.o
LOAD build/stm32f1xx_hal_dma.o
LOAD build/stm32f1xx_hal_cortex.o
LOAD build/stm32f1xx_hal_pwr.o
LOAD build/stm32f1xx_hal_flash.o
LOAD build/stm32f1xx_hal_flash_ex.o
LOAD build/stm32f1xx_hal_exti.o
LOAD build/system_stm32f1xx.o
LOAD build/sysmem.o
LOAD build/syscalls.o
LOAD build/tim.o
LOAD build/usart.o
LOAD build/stm32f1xx_hal_uart.o
LOAD build/dma.o
LOAD build/startup_stm32f103xe.o
LOAD /usr/lib/gcc/arm-none-eabi/9.2.1/../../../arm-none-eabi/lib/thumb/v7-m/nofp/libc_nano.a
LOAD /usr/lib/gcc/arm-none-eabi/9.2.1/../../../arm-none-eabi/lib/thumb/v7-m/nofp/libm.a
LOAD /usr/lib/gcc/arm-none-eabi/9.2.1/../../../arm-none-eabi/lib/thumb/v7-m/nofp/libnosys.a
START GROUP
LOAD /usr/lib/gcc/arm-none-eabi/9.2.1/thumb/v7-m/nofp/libgcc.a
LOAD /usr/lib/gcc/arm-none-eabi/9.2.1/../../../arm-none-eabi/lib/thumb/v7-m/nofp/libc_nano.a
END GROUP
START GROUP
LOAD /usr/lib/gcc/arm-none-eabi/9.2.1/thumb/v7-m/nofp/libgcc.a
LOAD /usr/lib/gcc/arm-none-eabi/9.2.1/../../../arm-none-eabi/lib/thumb/v7-m/nofp/libc_nano.a
END GROUP
LOAD /usr/lib/gcc/arm-none-eabi/9.2.1/thumb/v7-m/nofp/crtend.o
LOAD /usr/lib/gcc/arm-none-eabi/9.2.1/thumb/v7-m/nofp/crtn.o
                0x000000002000c000                _estack = (ORIGIN (RAM) + LENGTH (RAM))
                0x0000000000000200                _Min_Heap_Size = 0x200
                0x0000000000000400                _Min_Stack_Size = 0x400

.isr_vector     0x0000000008000000      0x1e4
                0x0000000008000000                . = ALIGN (0x4)
 *(.isr_vector)
 .isr_vector    0x0000000008000000      0x1e4 build/startup_stm32f103xe.o
                0x0000000008000000                g_pfnVectors
                0x00000000080001e4                . = ALIGN (0x4)

.text           0x00000000080001e4     0x342c
                0x00000000080001e4                . = ALIGN (0x4)
 *(.text)
 .text          0x00000000080001e4       0x88 /usr/lib/gcc/arm-none-eabi/9.2.1/thumb/v7-m/nofp/crtbegin.o
 .text          0x000000000800026c        0xc /usr/lib/gcc/arm-none-eabi/9.2.1/../../../arm-none-eabi/lib/thumb/v7-m/nofp/libc_nano.a(lib_a-errno.o)
                0x000000000800026c                __errno
 .text          0x0000000008000278       0x48 /usr/lib/gcc/arm-none-eabi/9.2.1/../../../arm-none-eabi/lib/thumb/v7-m/nofp/libc_nano.a(lib_a-init.o)
                0x0000000008000278                __libc_init_array
 .text          0x00000000080002c0       0xa0 /usr/lib/gcc/arm-none-eabi/9.2.1/../../../arm-none-eabi/lib/thumb/v7-m/nofp/libc_nano.a(lib_a-memset.o)
                0x00000000080002c0                memset
 .text          0x0000000008000360       0x80 /usr/lib/gcc/arm-none-eabi/9.2.1/../../../arm-none-eabi/lib/thumb/v7-m/nofp/libc_nano.a(lib_a-sprintf.o)
                0x0000000008000360                _siprintf_r
                0x0000000008000360                _sprintf_r
                0x000000000800039c                sprintf
                0x000000000800039c                siprintf
 .text          0x00000000080003e0       0x5c /usr/lib/gcc/arm-none-eabi/9.2.1/../../../arm-none-eabi/lib/thumb/v7-m/nofp/libc_nano.a(lib_a-strlen-stub.o)
                0x00000000080003e0                strlen
 .text          0x000000000800043c      0x434 /usr/lib/gcc/arm-none-eabi/9.2.1/../../../arm-none-eabi/lib/thumb/v7-m/nofp/libc_nano.a(lib_a-nano-svfprintf.o)
                0x000000000800043c                __ssputs_r
                0x0000000008000500                __ssprint_r
                0x00000000080005f8                _svfprintf_r
                0x00000000080005f8                _svfiprintf_r
 .text          0x0000000008000870      0x3bc /usr/lib/gcc/arm-none-eabi/9.2.1/../../../arm-none-eabi/lib/thumb/v7-m/nofp/libc_nano.a(lib_a-nano-vfprintf_i.o)
                0x0000000008000870                _printf_common
                0x0000000008000998                _printf_i
 .text          0x0000000008000c2c       0x8c /usr/lib/gcc/arm-none-eabi/9.2.1/../../../arm-none-eabi/lib/thumb/v7-m/nofp/libc_nano.a(lib_a-memchr-stub.o)
                0x0000000008000c2c                memchr
 .text          0x0000000008000cb8       0xec /usr/lib/gcc/arm-none-eabi/9.2.1/../../../arm-none-eabi/lib/thumb/v7-m/nofp/libc_nano.a(lib_a-memcpy.o)
                0x0000000008000cb8                memcpy
 .text          0x0000000008000da4       0xcc /usr/lib/gcc/arm-none-eabi/9.2.1/../../../arm-none-eabi/lib/thumb/v7-m/nofp/libc_nano.a(lib_a-memmove.o)
                0x0000000008000da4                memmove
 .text          0x0000000008000e70       0xa8 /usr/lib/gcc/arm-none-eabi/9.2.1/../../../arm-none-eabi/lib/thumb/v7-m/nofp/libc_nano.a(lib_a-nano-freer.o)
                0x0000000008000e70                _free_r
 .text          0x0000000008000f18       0xc8 /usr/lib/gcc/arm-none-eabi/9.2.1/../../../arm-none-eabi/lib/thumb/v7-m/nofp/libc_nano.a(lib_a-nano-mallocr.o)
                0x0000000008000f18                _malloc_r
 .text          0x0000000008000fe0       0x4c /usr/lib/gcc/arm-none-eabi/9.2.1/../../../arm-none-eabi/lib/thumb/v7-m/nofp/libc_nano.a(lib_a-nano-reallocr.o)
                0x0000000008000fe0                _realloc_r
 .text          0x000000000800102c       0x24 /usr/lib/gcc/arm-none-eabi/9.2.1/../../../arm-none-eabi/lib/thumb/v7-m/nofp/libc_nano.a(lib_a-sbrkr.o)
                0x000000000800102c                _sbrk_r
 .text          0x0000000008001050        0x8 /usr/lib/gcc/arm-none-eabi/9.2.1/../../../arm-none-eabi/lib/thumb/v7-m/nofp/libc_nano.a(lib_a-mlock.o)
                0x0000000008001050                __malloc_lock
                0x0000000008001054                __malloc_unlock
 .text          0x0000000008001058       0x10 /usr/lib/gcc/arm-none-eabi/9.2.1/../../../arm-none-eabi/lib/thumb/v7-m/nofp/libc_nano.a(lib_a-nano-msizer.o)
                0x0000000008001058                _malloc_usable_size_r
 *(.text*)
 .text.Error_Handler_Custom
                0x0000000008001068       0x18 build/main.o
                0x0000000008001068                Error_Handler_Custom
 .text.nmea_checksum
                0x0000000008001080       0x1e build/main.o
                0x0000000008001080                nmea_checksum
 *fill*         0x000000000800109e        0x2 
 .text.GPRMC_Generator
                0x00000000080010a0       0xbc build/main.o
                0x00000000080010a0                GPRMC_Generator
 .text.HAL_TIM_PeriodElapsedCallback
                0x000000000800115c       0x54 build/main.o
                0x000000000800115c                HAL_TIM_PeriodElapsedCallback
 .text.TIM2_IRQHandler
                0x00000000080011b0       0x58 build/main.o
                0x00000000080011b0                TIM2_IRQHandler
 .text.HAL_UART_TxCpltCallback
                0x0000000008001208       0x1c build/main.o
                0x0000000008001208                HAL_UART_TxCpltCallback
 .text.Error_Handler
                0x0000000008001224        0x6 build/main.o
                0x0000000008001224                Error_Handler
 .text.SystemClock_Config
                0x000000000800122a       0x62 build/main.o
                0x000000000800122a                SystemClock_Config
 .text.main     0x000000000800128c      0x1ac build/main.o
                0x000000000800128c                main
 .text.MX_GPIO_Init
                0x0000000008001438       0xcc build/gpio.o
                0x0000000008001438                MX_GPIO_Init
 .text.NMI_Handler
                0x0000000008001504        0x2 build/stm32f1xx_it.o
                0x0000000008001504                NMI_Handler
 .text.HardFault_Handler
                0x0000000008001506        0x2 build/stm32f1xx_it.o
                0x0000000008001506                HardFault_Handler
 .text.MemManage_Handler
                0x0000000008001508        0x2 build/stm32f1xx_it.o
                0x0000000008001508                MemManage_Handler
 .text.BusFault_Handler
                0x000000000800150a        0x2 build/stm32f1xx_it.o
                0x000000000800150a                BusFault_Handler
 .text.UsageFault_Handler
                0x000000000800150c        0x2 build/stm32f1xx_it.o
                0x000000000800150c                UsageFault_Handler
 .text.SVC_Handler
                0x000000000800150e        0x2 build/stm32f1xx_it.o
                0x000000000800150e                SVC_Handler
 .text.DebugMon_Handler
                0x0000000008001510        0x2 build/stm32f1xx_it.o
                0x0000000008001510                DebugMon_Handler
 .text.PendSV_Handler
                0x0000000008001512        0x2 build/stm32f1xx_it.o
                0x0000000008001512                PendSV_Handler
 .text.SysTick_Handler
                0x0000000008001514        0x8 build/stm32f1xx_it.o
                0x0000000008001514                SysTick_Handler
 .text.DMA1_Channel2_IRQHandler
                0x000000000800151c       0x10 build/stm32f1xx_it.o
                0x000000000800151c                DMA1_Channel2_IRQHandler
 .text.DMA1_Channel4_IRQHandler
                0x000000000800152c       0x10 build/stm32f1xx_it.o
                0x000000000800152c                DMA1_Channel4_IRQHandler
 .text.TIM3_IRQHandler
                0x000000000800153c       0x10 build/stm32f1xx_it.o
                0x000000000800153c                TIM3_IRQHandler
 .text.USART1_IRQHandler
                0x000000000800154c       0x10 build/stm32f1xx_it.o
                0x000000000800154c                USART1_IRQHandler
 .text.USART3_IRQHandler
                0x000000000800155c       0x10 build/stm32f1xx_it.o
                0x000000000800155c                USART3_IRQHandler
 .text.TIM5_IRQHandler
                0x000000000800156c       0x10 build/stm32f1xx_it.o
                0x000000000800156c                TIM5_IRQHandler
 .text.HAL_MspInit
                0x000000000800157c       0x44 build/stm32f1xx_hal_msp.o
                0x000000000800157c                HAL_MspInit
 .text.TIM_TI1_ConfigInputStage
                0x00000000080015c0       0x24 build/stm32f1xx_hal_tim.o
 .text.TIM_TI2_ConfigInputStage
                0x00000000080015e4       0x26 build/stm32f1xx_hal_tim.o
 .text.TIM_ITRx_SetConfig
                0x000000000800160a       0x10 build/stm32f1xx_hal_tim.o
 *fill*         0x000000000800161a        0x2 
 .text.HAL_TIM_Base_Start_IT
                0x000000000800161c       0x78 build/stm32f1xx_hal_tim.o
                0x000000000800161c                HAL_TIM_Base_Start_IT
 .text.HAL_TIM_OC_DelayElapsedCallback
                0x0000000008001694        0x2 build/stm32f1xx_hal_tim.o
                0x0000000008001694                HAL_TIM_OC_DelayElapsedCallback
 .text.HAL_TIM_IC_CaptureCallback
                0x0000000008001696        0x2 build/stm32f1xx_hal_tim.o
                0x0000000008001696                HAL_TIM_IC_CaptureCallback
 .text.HAL_TIM_PWM_PulseFinishedCallback
                0x0000000008001698        0x2 build/stm32f1xx_hal_tim.o
                0x0000000008001698                HAL_TIM_PWM_PulseFinishedCallback
 .text.HAL_TIM_TriggerCallback
                0x000000000800169a        0x2 build/stm32f1xx_hal_tim.o
                0x000000000800169a                HAL_TIM_TriggerCallback
 .text.HAL_TIM_IRQHandler
                0x000000000800169c      0x17a build/stm32f1xx_hal_tim.o
                0x000000000800169c                HAL_TIM_IRQHandler
 *fill*         0x0000000008001816        0x2 
 .text.TIM_Base_SetConfig
                0x0000000008001818       0x98 build/stm32f1xx_hal_tim.o
                0x0000000008001818                TIM_Base_SetConfig
 .text.HAL_TIM_Base_Init
                0x00000000080018b0       0x58 build/stm32f1xx_hal_tim.o
                0x00000000080018b0                HAL_TIM_Base_Init
 .text.TIM_ETR_SetConfig
                0x0000000008001908       0x16 build/stm32f1xx_hal_tim.o
                0x0000000008001908                TIM_ETR_SetConfig
 .text.HAL_TIM_ConfigClockSource
                0x000000000800191e       0xfe build/stm32f1xx_hal_tim.o
                0x000000000800191e                HAL_TIM_ConfigClockSource
 .text.HAL_TIMEx_MasterConfigSynchronization
                0x0000000008001a1c       0x78 build/stm32f1xx_hal_tim_ex.o
                0x0000000008001a1c                HAL_TIMEx_MasterConfigSynchronization
 .text.HAL_TIMEx_CommutCallback
                0x0000000008001a94        0x2 build/stm32f1xx_hal_tim_ex.o
                0x0000000008001a94                HAL_TIMEx_CommutCallback
 .text.HAL_TIMEx_BreakCallback
                0x0000000008001a96        0x2 build/stm32f1xx_hal_tim_ex.o
                0x0000000008001a96                HAL_TIMEx_BreakCallback
 .text.HAL_InitTick
                0x0000000008001a98       0x4c build/stm32f1xx_hal.o
                0x0000000008001a98                HAL_InitTick
 .text.HAL_Init
                0x0000000008001ae4       0x24 build/stm32f1xx_hal.o
                0x0000000008001ae4                HAL_Init
 .text.HAL_IncTick
                0x0000000008001b08       0x18 build/stm32f1xx_hal.o
                0x0000000008001b08                HAL_IncTick
 .text.HAL_GetTick
                0x0000000008001b20        0xc build/stm32f1xx_hal.o
                0x0000000008001b20                HAL_GetTick
 .text.HAL_Delay
                0x0000000008001b2c       0x28 build/stm32f1xx_hal.o
                0x0000000008001b2c                HAL_Delay
 .text.RCC_Delay
                0x0000000008001b54       0x2c build/stm32f1xx_hal_rcc.o
 .text.HAL_RCC_OscConfig
                0x0000000008001b80      0x410 build/stm32f1xx_hal_rcc.o
                0x0000000008001b80                HAL_RCC_OscConfig
 .text.HAL_RCC_GetSysClockFreq
                0x0000000008001f90       0x54 build/stm32f1xx_hal_rcc.o
                0x0000000008001f90                HAL_RCC_GetSysClockFreq
 .text.HAL_RCC_ClockConfig
                0x0000000008001fe4      0x16c build/stm32f1xx_hal_rcc.o
                0x0000000008001fe4                HAL_RCC_ClockConfig
 .text.HAL_RCC_GetHCLKFreq
                0x0000000008002150        0xc build/stm32f1xx_hal_rcc.o
                0x0000000008002150                HAL_RCC_GetHCLKFreq
 .text.HAL_RCC_GetPCLK1Freq
                0x000000000800215c       0x20 build/stm32f1xx_hal_rcc.o
                0x000000000800215c                HAL_RCC_GetPCLK1Freq
 .text.HAL_RCC_GetPCLK2Freq
                0x000000000800217c       0x20 build/stm32f1xx_hal_rcc.o
                0x000000000800217c                HAL_RCC_GetPCLK2Freq
 .text.HAL_GPIO_Init
                0x000000000800219c      0x238 build/stm32f1xx_hal_gpio.o
                0x000000000800219c                HAL_GPIO_Init
 .text.HAL_GPIO_WritePin
                0x00000000080023d4        0xc build/stm32f1xx_hal_gpio.o
                0x00000000080023d4                HAL_GPIO_WritePin
 .text.HAL_GPIO_TogglePin
                0x00000000080023e0       0x12 build/stm32f1xx_hal_gpio.o
                0x00000000080023e0                HAL_GPIO_TogglePin
 .text.DMA_SetConfig
                0x00000000080023f2       0x2c build/stm32f1xx_hal_dma.o
 *fill*         0x000000000800241e        0x2 
 .text.HAL_DMA_Init
                0x0000000008002420       0x98 build/stm32f1xx_hal_dma.o
                0x0000000008002420                HAL_DMA_Init
 .text.HAL_DMA_Start_IT
                0x00000000080024b8       0x76 build/stm32f1xx_hal_dma.o
                0x00000000080024b8                HAL_DMA_Start_IT
 .text.HAL_DMA_Abort
                0x000000000800252e       0x46 build/stm32f1xx_hal_dma.o
                0x000000000800252e                HAL_DMA_Abort
 .text.HAL_DMA_Abort_IT
                0x0000000008002574      0x16c build/stm32f1xx_hal_dma.o
                0x0000000008002574                HAL_DMA_Abort_IT
 .text.HAL_DMA_IRQHandler
                0x00000000080026e0      0x2ec build/stm32f1xx_hal_dma.o
                0x00000000080026e0                HAL_DMA_IRQHandler
 .text.HAL_NVIC_SetPriorityGrouping
                0x00000000080029cc       0x24 build/stm32f1xx_hal_cortex.o
                0x00000000080029cc                HAL_NVIC_SetPriorityGrouping
 .text.HAL_NVIC_SetPriority
                0x00000000080029f0       0x68 build/stm32f1xx_hal_cortex.o
                0x00000000080029f0                HAL_NVIC_SetPriority
 .text.HAL_NVIC_EnableIRQ
                0x0000000008002a58       0x1c build/stm32f1xx_hal_cortex.o
                0x0000000008002a58                HAL_NVIC_EnableIRQ
 .text.HAL_SYSTICK_Config
                0x0000000008002a74       0x2c build/stm32f1xx_hal_cortex.o
                0x0000000008002a74                HAL_SYSTICK_Config
 .text.SystemInit
                0x0000000008002aa0        0x2 build/system_stm32f1xx.o
                0x0000000008002aa0                SystemInit
 *fill*         0x0000000008002aa2        0x2 
 .text._sbrk    0x0000000008002aa4       0x48 build/sysmem.o
                0x0000000008002aa4                _sbrk
 .text.MX_TIM2_Init
                0x0000000008002aec       0x7c build/tim.o
                0x0000000008002aec                MX_TIM2_Init
 .text.MX_TIM3_Init
                0x0000000008002b68       0x70 build/tim.o
                0x0000000008002b68                MX_TIM3_Init
 .text.MX_TIM5_Init
                0x0000000008002bd8       0x70 build/tim.o
                0x0000000008002bd8                MX_TIM5_Init
 .text.HAL_TIM_Base_MspInit
                0x0000000008002c48       0x90 build/tim.o
                0x0000000008002c48                HAL_TIM_Base_MspInit
 .text.MX_USART1_UART_Init
                0x0000000008002cd8       0x44 build/usart.o
                0x0000000008002cd8                MX_USART1_UART_Init
 .text.MX_USART3_UART_Init
                0x0000000008002d1c       0x34 build/usart.o
                0x0000000008002d1c                MX_USART3_UART_Init
 .text.HAL_UART_MspInit
                0x0000000008002d50      0x178 build/usart.o
                0x0000000008002d50                HAL_UART_MspInit
 .text.UART_EndTxTransfer
                0x0000000008002ec8       0x20 build/stm32f1xx_hal_uart.o
 .text.UART_EndRxTransfer
                0x0000000008002ee8       0x5c build/stm32f1xx_hal_uart.o
 .text.UART_Transmit_IT
                0x0000000008002f44       0x60 build/stm32f1xx_hal_uart.o
 .text.UART_SetConfig
                0x0000000008002fa4       0x90 build/stm32f1xx_hal_uart.o
 .text.HAL_UART_Init
                0x0000000008003034       0x60 build/stm32f1xx_hal_uart.o
                0x0000000008003034                HAL_UART_Init
 .text.HAL_UART_Transmit_DMA
                0x0000000008003094       0x84 build/stm32f1xx_hal_uart.o
                0x0000000008003094                HAL_UART_Transmit_DMA
 .text.UART_DMATransmitCplt
                0x0000000008003118       0x4c build/stm32f1xx_hal_uart.o
 .text.UART_EndTransmit_IT
                0x0000000008003164       0x1a build/stm32f1xx_hal_uart.o
 .text.HAL_UART_TxHalfCpltCallback
                0x000000000800317e        0x2 build/stm32f1xx_hal_uart.o
                0x000000000800317e                HAL_UART_TxHalfCpltCallback
 .text.UART_DMATxHalfCplt
                0x0000000008003180        0xa build/stm32f1xx_hal_uart.o
 .text.HAL_UART_RxCpltCallback
                0x000000000800318a        0x2 build/stm32f1xx_hal_uart.o
                0x000000000800318a                HAL_UART_RxCpltCallback
 .text.HAL_UART_ErrorCallback
                0x000000000800318c        0x2 build/stm32f1xx_hal_uart.o
                0x000000000800318c                HAL_UART_ErrorCallback
 .text.UART_DMAError
                0x000000000800318e       0x58 build/stm32f1xx_hal_uart.o
 .text.UART_DMAAbortOnError
                0x00000000080031e6       0x10 build/stm32f1xx_hal_uart.o
 .text.HAL_UARTEx_RxEventCallback
                0x00000000080031f6        0x2 build/stm32f1xx_hal_uart.o
                0x00000000080031f6                HAL_UARTEx_RxEventCallback
 .text.UART_Receive_IT
                0x00000000080031f8       0xe6 build/stm32f1xx_hal_uart.o
 *fill*         0x00000000080032de        0x2 
 .text.HAL_UART_IRQHandler
                0x00000000080032e0      0x288 build/stm32f1xx_hal_uart.o
                0x00000000080032e0                HAL_UART_IRQHandler
 .text.MX_DMA_Init
                0x0000000008003568       0x44 build/dma.o
                0x0000000008003568                MX_DMA_Init
 .text.Reset_Handler
                0x00000000080035ac       0x48 build/startup_stm32f103xe.o
                0x00000000080035ac                Reset_Handler
 .text.Default_Handler
                0x00000000080035f4        0x2 build/startup_stm32f103xe.o
                0x00000000080035f4                RTC_Alarm_IRQHandler
                0x00000000080035f4                EXTI2_IRQHandler
                0x00000000080035f4                TIM8_TRG_COM_IRQHandler
                0x00000000080035f4                TIM8_CC_IRQHandler
                0x00000000080035f4                TIM1_CC_IRQHandler
                0x00000000080035f4                TIM6_IRQHandler
                0x00000000080035f4                PVD_IRQHandler
                0x00000000080035f4                SDIO_IRQHandler
                0x00000000080035f4                EXTI3_IRQHandler
                0x00000000080035f4                EXTI0_IRQHandler
                0x00000000080035f4                I2C2_EV_IRQHandler
                0x00000000080035f4                ADC1_2_IRQHandler
                0x00000000080035f4                SPI1_IRQHandler
                0x00000000080035f4                TAMPER_IRQHandler
                0x00000000080035f4                TIM8_UP_IRQHandler
                0x00000000080035f4                DMA2_Channel2_IRQHandler
                0x00000000080035f4                RTC_IRQHandler
                0x00000000080035f4                DMA1_Channel7_IRQHandler
                0x00000000080035f4                CAN1_RX1_IRQHandler
                0x00000000080035f4                UART5_IRQHandler
                0x00000000080035f4                ADC3_IRQHandler
                0x00000000080035f4                TIM4_IRQHandler
                0x00000000080035f4                DMA2_Channel1_IRQHandler
                0x00000000080035f4                I2C1_EV_IRQHandler
                0x00000000080035f4                DMA1_Channel6_IRQHandler
                0x00000000080035f4                UART4_IRQHandler
                0x00000000080035f4                RCC_IRQHandler
                0x00000000080035f4                TIM1_TRG_COM_IRQHandler
                0x00000000080035f4                DMA1_Channel1_IRQHandler
                0x00000000080035f4                Default_Handler
                0x00000000080035f4                EXTI15_10_IRQHandler
                0x00000000080035f4                TIM7_IRQHandler
                0x00000000080035f4                EXTI9_5_IRQHandler
                0x00000000080035f4                SPI2_IRQHandler
                0x00000000080035f4                DMA1_Channel5_IRQHandler
                0x00000000080035f4                EXTI4_IRQHandler
                0x00000000080035f4                USB_LP_CAN1_RX0_IRQHandler
                0x00000000080035f4                USB_HP_CAN1_TX_IRQHandler
                0x00000000080035f4                DMA1_Channel3_IRQHandler
                0x00000000080035f4                FSMC_IRQHandler
                0x00000000080035f4                TIM1_UP_IRQHandler
                0x00000000080035f4                WWDG_IRQHandler
                0x00000000080035f4                TIM1_BRK_IRQHandler
                0x00000000080035f4                EXTI1_IRQHandler
                0x00000000080035f4                DMA2_Channel4_5_IRQHandler
                0x00000000080035f4                USART2_IRQHandler
                0x00000000080035f4                I2C2_ER_IRQHandler
                0x00000000080035f4                TIM8_BRK_IRQHandler
                0x00000000080035f4                CAN1_SCE_IRQHandler
                0x00000000080035f4                FLASH_IRQHandler
                0x00000000080035f4                SPI3_IRQHandler
                0x00000000080035f4                I2C1_ER_IRQHandler
                0x00000000080035f4                USBWakeUp_IRQHandler
                0x00000000080035f4                DMA2_Channel3_IRQHandler
 *(.glue_7)
 .glue_7        0x00000000080035f6        0x0 linker stubs
 *(.glue_7t)
 .glue_7t       0x00000000080035f6        0x0 linker stubs
 *(.eh_frame)
 *fill*         0x00000000080035f6        0x2 
 .eh_frame      0x00000000080035f8        0x0 /usr/lib/gcc/arm-none-eabi/9.2.1/thumb/v7-m/nofp/crtbegin.o
 *(.init)
 .init          0x00000000080035f8        0x4 /usr/lib/gcc/arm-none-eabi/9.2.1/thumb/v7-m/nofp/crti.o
                0x00000000080035f8                _init
 .init          0x00000000080035fc        0x8 /usr/lib/gcc/arm-none-eabi/9.2.1/thumb/v7-m/nofp/crtn.o
 *(.fini)
 .fini          0x0000000008003604        0x4 /usr/lib/gcc/arm-none-eabi/9.2.1/thumb/v7-m/nofp/crti.o
                0x0000000008003604                _fini
 .fini          0x0000000008003608        0x8 /usr/lib/gcc/arm-none-eabi/9.2.1/thumb/v7-m/nofp/crtn.o
                0x0000000008003610                . = ALIGN (0x4)
                0x0000000008003610                _etext = .

.vfp11_veneer   0x0000000008003610        0x0
 .vfp11_veneer  0x0000000008003610        0x0 linker stubs

.v4_bx          0x0000000008003610        0x0
 .v4_bx         0x0000000008003610        0x0 linker stubs

.iplt           0x0000000008003610        0x0
 .iplt          0x0000000008003610        0x0 /usr/lib/gcc/arm-none-eabi/9.2.1/thumb/v7-m/nofp/crtbegin.o

.rodata         0x0000000008003610       0xc8
                0x0000000008003610                . = ALIGN (0x4)
 *(.rodata)
 *(.rodata*)
 .rodata.GPRMC_Generator.str1.4
                0x0000000008003610       0x5f build/main.o
 *fill*         0x000000000800366f        0x1 
 .rodata.aPLLMULFactorTable.6293
                0x0000000008003670       0x10 build/stm32f1xx_hal_rcc.o
 .rodata.aPredivFactorTable.6294
                0x0000000008003680        0x2 build/stm32f1xx_hal_rcc.o
 *fill*         0x0000000008003682        0x2 
 .rodata.AHBPrescTable
                0x0000000008003684       0x10 build/system_stm32f1xx.o
                0x0000000008003684                AHBPrescTable
 .rodata.APBPrescTable
                0x0000000008003694        0x8 build/system_stm32f1xx.o
                0x0000000008003694                APBPrescTable
 .rodata.str1.4
                0x000000000800369c       0x13 /usr/lib/gcc/arm-none-eabi/9.2.1/../../../arm-none-eabi/lib/thumb/v7-m/nofp/libc_nano.a(lib_a-nano-svfprintf.o)
 *fill*         0x00000000080036af        0x1 
 .rodata.str1.4
                0x00000000080036b0       0x25 /usr/lib/gcc/arm-none-eabi/9.2.1/../../../arm-none-eabi/lib/thumb/v7-m/nofp/libc_nano.a(lib_a-nano-vfprintf_i.o)
                0x00000000080036d8                . = ALIGN (0x4)
 *fill*         0x00000000080036d5        0x3 

.rel.dyn        0x00000000080036d8        0x0
 .rel.iplt      0x00000000080036d8        0x0 /usr/lib/gcc/arm-none-eabi/9.2.1/thumb/v7-m/nofp/crtbegin.o

.ARM.extab
 *(.ARM.extab* .gnu.linkonce.armextab.*)

.ARM            0x00000000080036d8        0x0
                0x00000000080036d8                __exidx_start = .
 *(.ARM.exidx*)
                0x00000000080036d8                __exidx_end = .

.preinit_array  0x00000000080036d8        0x0
                0x00000000080036d8                PROVIDE (__preinit_array_start = .)
 *(.preinit_array*)
                0x00000000080036d8                PROVIDE (__preinit_array_end = .)

.init_array     0x00000000080036d8        0x4
                0x00000000080036d8                PROVIDE (__init_array_start = .)
 *(SORT_BY_NAME(.init_array.*))
 *(.init_array*)
 .init_array    0x00000000080036d8        0x4 /usr/lib/gcc/arm-none-eabi/9.2.1/thumb/v7-m/nofp/crtbegin.o
                0x00000000080036dc                PROVIDE (__init_array_end = .)

.fini_array     0x00000000080036dc        0x4
                0x00000000080036dc                PROVIDE (__fini_array_start = .)
 *(SORT_BY_NAME(.fini_array.*))
 *(.fini_array*)
 .fini_array    0x00000000080036dc        0x4 /usr/lib/gcc/arm-none-eabi/9.2.1/thumb/v7-m/nofp/crtbegin.o
                0x00000000080036e0                PROVIDE (__fini_array_end = .)
                0x00000000080036e0                _sidata = LOADADDR (.data)

.data           0x0000000020000000       0x70 load address 0x00000000080036e0
                0x0000000020000000                . = ALIGN (0x4)
                0x0000000020000000                _sdata = .
 *(.data)
 .data          0x0000000020000000       0x64 /usr/lib/gcc/arm-none-eabi/9.2.1/../../../arm-none-eabi/lib/thumb/v7-m/nofp/libc_nano.a(lib_a-impure.o)
                0x0000000020000000                _impure_ptr
 *(.data*)
 .data.uwTickFreq
                0x0000000020000064        0x1 build/stm32f1xx_hal.o
                0x0000000020000064                uwTickFreq
 *fill*         0x0000000020000065        0x3 
 .data.uwTickPrio
                0x0000000020000068        0x4 build/stm32f1xx_hal.o
                0x0000000020000068                uwTickPrio
 .data.SystemCoreClock
                0x000000002000006c        0x4 build/system_stm32f1xx.o
                0x000000002000006c                SystemCoreClock
                0x0000000020000070                . = ALIGN (0x4)
                0x0000000020000070                _edata = .

.tm_clone_table
                0x0000000020000070        0x0 load address 0x0000000008003750
 .tm_clone_table
                0x0000000020000070        0x0 /usr/lib/gcc/arm-none-eabi/9.2.1/thumb/v7-m/nofp/crtbegin.o
 .tm_clone_table
                0x0000000020000070        0x0 /usr/lib/gcc/arm-none-eabi/9.2.1/thumb/v7-m/nofp/crtend.o

.igot.plt       0x0000000020000070        0x0 load address 0x0000000008003750
 .igot.plt      0x0000000020000070        0x0 /usr/lib/gcc/arm-none-eabi/9.2.1/thumb/v7-m/nofp/crtbegin.o
                0x0000000020000070                . = ALIGN (0x4)

.bss            0x0000000020000070      0x2a8 load address 0x0000000008003750
                0x0000000020000070                _sbss = .
                0x0000000020000070                __bss_start__ = _sbss
 *(.bss)
 .bss           0x0000000020000070       0x1c /usr/lib/gcc/arm-none-eabi/9.2.1/thumb/v7-m/nofp/crtbegin.o
 .bss           0x000000002000008c        0x8 /usr/lib/gcc/arm-none-eabi/9.2.1/../../../arm-none-eabi/lib/thumb/v7-m/nofp/libc_nano.a(lib_a-nano-mallocr.o)
                0x000000002000008c                __malloc_free_list
                0x0000000020000090                __malloc_sbrk_start
 *(.bss*)
 .bss.baseTime  0x0000000020000094        0x4 build/main.o
                0x0000000020000094                baseTime
 .bss.count_10hz.6276
                0x0000000020000098        0x4 build/main.o
 .bss.count_1hz.6277
                0x000000002000009c        0x4 build/main.o
 .bss.gprmc_led_count
                0x00000000200000a0        0x4 build/main.o
                0x00000000200000a0                gprmc_led_count
 .bss.gprmc_led_flag
                0x00000000200000a4        0x1 build/main.o
                0x00000000200000a4                gprmc_led_flag
 *fill*         0x00000000200000a5        0x3 
 .bss.pps_count
                0x00000000200000a8        0x4 build/main.o
                0x00000000200000a8                pps_count
 .bss.pps_flag  0x00000000200000ac        0x1 build/main.o
                0x00000000200000ac                pps_flag
 .bss.send_gps_flag
                0x00000000200000ad        0x1 build/main.o
                0x00000000200000ad                send_gps_flag
 .bss.trigger_flag
                0x00000000200000ae        0x1 build/main.o
                0x00000000200000ae                trigger_flag
 *fill*         0x00000000200000af        0x1 
 .bss.trigger_led_count
                0x00000000200000b0        0x4 build/main.o
                0x00000000200000b0                trigger_led_count
 .bss.trigger_led_flag
                0x00000000200000b4        0x1 build/main.o
                0x00000000200000b4                trigger_led_flag
 *fill*         0x00000000200000b5        0x3 
 .bss.__sbrk_heap_end
                0x00000000200000b8        0x4 build/sysmem.o
 *(COMMON)
 COMMON         0x00000000200000bc       0x64 build/main.o
                0x00000000200000bc                gprmc_data
 COMMON         0x0000000020000120        0x4 build/stm32f1xx_hal.o
                0x0000000020000120                uwTick
 COMMON         0x0000000020000124       0xd8 build/tim.o
                0x0000000020000124                htim5
                0x000000002000016c                htim3
                0x00000000200001b4                htim2
 COMMON         0x00000000200001fc      0x118 build/usart.o
                0x00000000200001fc                huart3
                0x0000000020000244                hdma_usart3_tx
                0x0000000020000288                hdma_usart1_tx
                0x00000000200002cc                huart1
 COMMON         0x0000000020000314        0x4 /usr/lib/gcc/arm-none-eabi/9.2.1/../../../arm-none-eabi/lib/thumb/v7-m/nofp/libc_nano.a(lib_a-reent.o)
                0x0000000020000314                errno
                0x0000000020000318                . = ALIGN (0x4)
                0x0000000020000318                _ebss = .
                0x0000000020000318                __bss_end__ = _ebss

._user_heap_stack
                0x0000000020000318      0x600 load address 0x0000000008003750
                0x0000000020000318                . = ALIGN (0x8)
                [!provide]                        PROVIDE (end = .)
                0x0000000020000318                PROVIDE (_end = .)
                0x0000000020000518                . = (. + _Min_Heap_Size)
 *fill*         0x0000000020000318      0x200 
                0x0000000020000918                . = (. + _Min_Stack_Size)
 *fill*         0x0000000020000518      0x400 
                0x0000000020000918                . = ALIGN (0x8)

/DISCARD/
 libc.a(*)
 libm.a(*)
 libgcc.a(*)

.ARM.attributes
                0x0000000000000000       0x29
 *(.ARM.attributes)
 .ARM.attributes
                0x0000000000000000       0x1d /usr/lib/gcc/arm-none-eabi/9.2.1/thumb/v7-m/nofp/crti.o
 .ARM.attributes
                0x000000000000001d       0x2d /usr/lib/gcc/arm-none-eabi/9.2.1/thumb/v7-m/nofp/crtbegin.o
 .ARM.attributes
                0x000000000000004a       0x2d build/main.o
 .ARM.attributes
                0x0000000000000077       0x2d build/gpio.o
 .ARM.attributes
                0x00000000000000a4       0x2d build/stm32f1xx_it.o
 .ARM.attributes
                0x00000000000000d1       0x2d build/stm32f1xx_hal_msp.o
 .ARM.attributes
                0x00000000000000fe       0x2d build/stm32f1xx_hal_tim.o
 .ARM.attributes
                0x000000000000012b       0x2d build/stm32f1xx_hal_tim_ex.o
 .ARM.attributes
                0x0000000000000158       0x2d build/stm32f1xx_hal.o
 .ARM.attributes
                0x0000000000000185       0x2d build/stm32f1xx_hal_rcc.o
 .ARM.attributes
                0x00000000000001b2       0x2d build/stm32f1xx_hal_gpio.o
 .ARM.attributes
                0x00000000000001df       0x2d build/stm32f1xx_hal_dma.o
 .ARM.attributes
                0x000000000000020c       0x2d build/stm32f1xx_hal_cortex.o
 .ARM.attributes
                0x0000000000000239       0x2d build/system_stm32f1xx.o
 .ARM.attributes
                0x0000000000000266       0x2d build/sysmem.o
 .ARM.attributes
                0x0000000000000293       0x2d build/tim.o
 .ARM.attributes
                0x00000000000002c0       0x2d build/usart.o
 .ARM.attributes
                0x00000000000002ed       0x2d build/stm32f1xx_hal_uart.o
 .ARM.attributes
                0x000000000000031a       0x2d build/dma.o
 .ARM.attributes
                0x0000000000000347       0x21 build/startup_stm32f103xe.o
 .ARM.attributes
                0x0000000000000368       0x2d /usr/lib/gcc/arm-none-eabi/9.2.1/../../../arm-none-eabi/lib/thumb/v7-m/nofp/libc_nano.a(lib_a-errno.o)
 .ARM.attributes
                0x0000000000000395       0x2d /usr/lib/gcc/arm-none-eabi/9.2.1/../../../arm-none-eabi/lib/thumb/v7-m/nofp/libc_nano.a(lib_a-impure.o)
 .ARM.attributes
                0x00000000000003c2       0x2d /usr/lib/gcc/arm-none-eabi/9.2.1/../../../arm-none-eabi/lib/thumb/v7-m/nofp/libc_nano.a(lib_a-init.o)
 .ARM.attributes
                0x00000000000003ef       0x2d /usr/lib/gcc/arm-none-eabi/9.2.1/../../../arm-none-eabi/lib/thumb/v7-m/nofp/libc_nano.a(lib_a-memset.o)
 .ARM.attributes
                0x000000000000041c       0x2d /usr/lib/gcc/arm-none-eabi/9.2.1/../../../arm-none-eabi/lib/thumb/v7-m/nofp/libc_nano.a(lib_a-sprintf.o)
 .ARM.attributes
                0x0000000000000449       0x2d /usr/lib/gcc/arm-none-eabi/9.2.1/../../../arm-none-eabi/lib/thumb/v7-m/nofp/libc_nano.a(lib_a-strlen-stub.o)
 .ARM.attributes
                0x0000000000000476       0x2d /usr/lib/gcc/arm-none-eabi/9.2.1/../../../arm-none-eabi/lib/thumb/v7-m/nofp/libc_nano.a(lib_a-nano-svfprintf.o)
 .ARM.attributes
                0x00000000000004a3       0x2d /usr/lib/gcc/arm-none-eabi/9.2.1/../../../arm-none-eabi/lib/thumb/v7-m/nofp/libc_nano.a(lib_a-nano-vfprintf_i.o)
 .ARM.attributes
                0x00000000000004d0       0x2d /usr/lib/gcc/arm-none-eabi/9.2.1/../../../arm-none-eabi/lib/thumb/v7-m/nofp/libc_nano.a(lib_a-memchr-stub.o)
 .ARM.attributes
                0x00000000000004fd       0x1b /usr/lib/gcc/arm-none-eabi/9.2.1/../../../arm-none-eabi/lib/thumb/v7-m/nofp/libc_nano.a(lib_a-memcpy.o)
 .ARM.attributes
                0x0000000000000518       0x2d /usr/lib/gcc/arm-none-eabi/9.2.1/../../../arm-none-eabi/lib/thumb/v7-m/nofp/libc_nano.a(lib_a-memmove.o)
 .ARM.attributes
                0x0000000000000545       0x2d /usr/lib/gcc/arm-none-eabi/9.2.1/../../../arm-none-eabi/lib/thumb/v7-m/nofp/libc_nano.a(lib_a-nano-freer.o)
 .ARM.attributes
                0x0000000000000572       0x2d /usr/lib/gcc/arm-none-eabi/9.2.1/../../../arm-none-eabi/lib/thumb/v7-m/nofp/libc_nano.a(lib_a-nano-mallocr.o)
 .ARM.attributes
                0x000000000000059f       0x2d /usr/lib/gcc/arm-none-eabi/9.2.1/../../../arm-none-eabi/lib/thumb/v7-m/nofp/libc_nano.a(lib_a-nano-reallocr.o)
 .ARM.attributes
                0x00000000000005cc       0x2d /usr/lib/gcc/arm-none-eabi/9.2.1/../../../arm-none-eabi/lib/thumb/v7-m/nofp/libc_nano.a(lib_a-sbrkr.o)
 .ARM.attributes
                0x00000000000005f9       0x2d /usr/lib/gcc/arm-none-eabi/9.2.1/../../../arm-none-eabi/lib/thumb/v7-m/nofp/libc_nano.a(lib_a-mlock.o)
 .ARM.attributes
                0x0000000000000626       0x2d /usr/lib/gcc/arm-none-eabi/9.2.1/../../../arm-none-eabi/lib/thumb/v7-m/nofp/libc_nano.a(lib_a-nano-msizer.o)
 .ARM.attributes
                0x0000000000000653       0x2d /usr/lib/gcc/arm-none-eabi/9.2.1/../../../arm-none-eabi/lib/thumb/v7-m/nofp/libc_nano.a(lib_a-reent.o)
 .ARM.attributes
                0x0000000000000680       0x2d /usr/lib/gcc/arm-none-eabi/9.2.1/thumb/v7-m/nofp/crtend.o
 .ARM.attributes
                0x00000000000006ad       0x1d /usr/lib/gcc/arm-none-eabi/9.2.1/thumb/v7-m/nofp/crtn.o
OUTPUT(build/stm32_GPRMC_sync.elf elf32-littlearm)
LOAD linker stubs
LOAD /usr/lib/gcc/arm-none-eabi/9.2.1/../../../arm-none-eabi/lib/thumb/v7-m/nofp/libc.a
LOAD /usr/lib/gcc/arm-none-eabi/9.2.1/../../../arm-none-eabi/lib/thumb/v7-m/nofp/libm.a
LOAD /usr/lib/gcc/arm-none-eabi/9.2.1/thumb/v7-m/nofp/libgcc.a

.comment        0x0000000000000000       0xa7
 .comment       0x0000000000000000       0x59 /usr/lib/gcc/arm-none-eabi/9.2.1/thumb/v7-m/nofp/crtbegin.o
                                         0x5a (size before relaxing)
 .comment       0x0000000000000059       0x5a build/main.o
 .comment       0x0000000000000059       0x5a build/gpio.o
 .comment       0x0000000000000059       0x5a build/stm32f1xx_it.o
 .comment       0x0000000000000059       0x5a build/stm32f1xx_hal_msp.o
 .comment       0x0000000000000059       0x5a build/stm32f1xx_hal_tim.o
 .comment       0x0000000000000059       0x5a build/stm32f1xx_hal_tim_ex.o
 .comment       0x0000000000000059       0x5a build/stm32f1xx_hal.o
 .comment       0x0000000000000059       0x5a build/stm32f1xx_hal_rcc.o
 .comment       0x0000000000000059       0x5a build/stm32f1xx_hal_gpio.o
 .comment       0x0000000000000059       0x5a build/stm32f1xx_hal_dma.o
 .comment       0x0000000000000059       0x5a build/stm32f1xx_hal_cortex.o
 .comment       0x0000000000000059       0x5a build/system_stm32f1xx.o
 .comment       0x0000000000000059       0x5a build/sysmem.o
 .comment       0x0000000000000059       0x5a build/tim.o
 .comment       0x0000000000000059       0x5a build/usart.o
 .comment       0x0000000000000059       0x5a build/stm32f1xx_hal_uart.o
 .comment       0x0000000000000059       0x5a build/dma.o
 .comment       0x0000000000000059       0x4e /usr/lib/gcc/arm-none-eabi/9.2.1/../../../arm-none-eabi/lib/thumb/v7-m/nofp/libc_nano.a(lib_a-errno.o)
                                         0x4f (size before relaxing)
 .comment       0x00000000000000a7       0x4f /usr/lib/gcc/arm-none-eabi/9.2.1/../../../arm-none-eabi/lib/thumb/v7-m/nofp/libc_nano.a(lib_a-impure.o)
 .comment       0x00000000000000a7       0x4f /usr/lib/gcc/arm-none-eabi/9.2.1/../../../arm-none-eabi/lib/thumb/v7-m/nofp/libc_nano.a(lib_a-init.o)
 .comment       0x00000000000000a7       0x4f /usr/lib/gcc/arm-none-eabi/9.2.1/../../../arm-none-eabi/lib/thumb/v7-m/nofp/libc_nano.a(lib_a-memset.o)
 .comment       0x00000000000000a7       0x4f /usr/lib/gcc/arm-none-eabi/9.2.1/../../../arm-none-eabi/lib/thumb/v7-m/nofp/libc_nano.a(lib_a-sprintf.o)
 .comment       0x00000000000000a7       0x4f /usr/lib/gcc/arm-none-eabi/9.2.1/../../../arm-none-eabi/lib/thumb/v7-m/nofp/libc_nano.a(lib_a-strlen-stub.o)
 .comment       0x00000000000000a7       0x4f /usr/lib/gcc/arm-none-eabi/9.2.1/../../../arm-none-eabi/lib/thumb/v7-m/nofp/libc_nano.a(lib_a-nano-svfprintf.o)
 .comment       0x00000000000000a7       0x4f /usr/lib/gcc/arm-none-eabi/9.2.1/../../../arm-none-eabi/lib/thumb/v7-m/nofp/libc_nano.a(lib_a-nano-vfprintf_i.o)
 .comment       0x00000000000000a7       0x4f /usr/lib/gcc/arm-none-eabi/9.2.1/../../../arm-none-eabi/lib/thumb/v7-m/nofp/libc_nano.a(lib_a-memchr-stub.o)
 .comment       0x00000000000000a7       0x4f /usr/lib/gcc/arm-none-eabi/9.2.1/../../../arm-none-eabi/lib/thumb/v7-m/nofp/libc_nano.a(lib_a-memmove.o)
 .comment       0x00000000000000a7       0x4f /usr/lib/gcc/arm-none-eabi/9.2.1/../../../arm-none-eabi/lib/thumb/v7-m/nofp/libc_nano.a(lib_a-nano-freer.o)
 .comment       0x00000000000000a7       0x4f /usr/lib/gcc/arm-none-eabi/9.2.1/../../../arm-none-eabi/lib/thumb/v7-m/nofp/libc_nano.a(lib_a-nano-mallocr.o)
 .comment       0x00000000000000a7       0x4f /usr/lib/gcc/arm-none-eabi/9.2.1/../../../arm-none-eabi/lib/thumb/v7-m/nofp/libc_nano.a(lib_a-nano-reallocr.o)
 .comment       0x00000000000000a7       0x4f /usr/lib/gcc/arm-none-eabi/9.2.1/../../../arm-none-eabi/lib/thumb/v7-m/nofp/libc_nano.a(lib_a-sbrkr.o)
 .comment       0x00000000000000a7       0x4f /usr/lib/gcc/arm-none-eabi/9.2.1/../../../arm-none-eabi/lib/thumb/v7-m/nofp/libc_nano.a(lib_a-mlock.o)
 .comment       0x00000000000000a7       0x4f /usr/lib/gcc/arm-none-eabi/9.2.1/../../../arm-none-eabi/lib/thumb/v7-m/nofp/libc_nano.a(lib_a-nano-msizer.o)
 .comment       0x00000000000000a7       0x4f /usr/lib/gcc/arm-none-eabi/9.2.1/../../../arm-none-eabi/lib/thumb/v7-m/nofp/libc_nano.a(lib_a-reent.o)
 .comment       0x00000000000000a7       0x5a /usr/lib/gcc/arm-none-eabi/9.2.1/thumb/v7-m/nofp/crtend.o

.debug_info     0x0000000000000000    0x1fcac
 .debug_info    0x0000000000000000     0x1690 build/main.o
 .debug_info    0x0000000000001690      0x48a build/gpio.o
 .debug_info    0x0000000000001b1a      0xc47 build/stm32f1xx_it.o
 .debug_info    0x0000000000002761      0x30e build/stm32f1xx_hal_msp.o
 .debug_info    0x0000000000002a6f     0x4109 build/stm32f1xx_hal_tim.o
 .debug_info    0x0000000000006b78     0x1d02 build/stm32f1xx_hal_tim_ex.o
 .debug_info    0x000000000000887a      0x926 build/stm32f1xx_hal.o
 .debug_info    0x00000000000091a0      0xb3b build/stm32f1xx_hal_rcc.o
 .debug_info    0x0000000000009cdb      0x7a1 build/stm32f1xx_hal_gpio.o
 .debug_info    0x000000000000a47c      0x995 build/stm32f1xx_hal_dma.o
 .debug_info    0x000000000000ae11      0xf39 build/stm32f1xx_hal_cortex.o
 .debug_info    0x000000000000bd4a      0x2d3 build/system_stm32f1xx.o
 .debug_info    0x000000000000c01d      0xb0b build/sysmem.o
 .debug_info    0x000000000000cb28      0xe8a build/tim.o
 .debug_info    0x000000000000d9b2      0xe6f build/usart.o
 .debug_info    0x000000000000e821     0x444e build/stm32f1xx_hal_uart.o
 .debug_info    0x0000000000012c6f      0x481 build/dma.o
 .debug_info    0x00000000000130f0       0x22 build/startup_stm32f103xe.o
 .debug_info    0x0000000000013112      0x953 /usr/lib/gcc/arm-none-eabi/9.2.1/../../../arm-none-eabi/lib/thumb/v7-m/nofp/libc_nano.a(lib_a-errno.o)
 .debug_info    0x0000000000013a65      0x92a /usr/lib/gcc/arm-none-eabi/9.2.1/../../../arm-none-eabi/lib/thumb/v7-m/nofp/libc_nano.a(lib_a-impure.o)
 .debug_info    0x000000000001438f      0x11a /usr/lib/gcc/arm-none-eabi/9.2.1/../../../arm-none-eabi/lib/thumb/v7-m/nofp/libc_nano.a(lib_a-init.o)
 .debug_info    0x00000000000144a9      0xf21 /usr/lib/gcc/arm-none-eabi/9.2.1/../../../arm-none-eabi/lib/thumb/v7-m/nofp/libc_nano.a(lib_a-memset.o)
 .debug_info    0x00000000000153ca      0xc90 /usr/lib/gcc/arm-none-eabi/9.2.1/../../../arm-none-eabi/lib/thumb/v7-m/nofp/libc_nano.a(lib_a-sprintf.o)
 .debug_info    0x000000000001605a      0x941 /usr/lib/gcc/arm-none-eabi/9.2.1/../../../arm-none-eabi/lib/thumb/v7-m/nofp/libc_nano.a(lib_a-strlen-stub.o)
 .debug_info    0x000000000001699b     0x17e4 /usr/lib/gcc/arm-none-eabi/9.2.1/../../../arm-none-eabi/lib/thumb/v7-m/nofp/libc_nano.a(lib_a-nano-svfprintf.o)
 .debug_info    0x000000000001817f     0x1592 /usr/lib/gcc/arm-none-eabi/9.2.1/../../../arm-none-eabi/lib/thumb/v7-m/nofp/libc_nano.a(lib_a-nano-vfprintf_i.o)
 .debug_info    0x0000000000019711      0x9e3 /usr/lib/gcc/arm-none-eabi/9.2.1/../../../arm-none-eabi/lib/thumb/v7-m/nofp/libc_nano.a(lib_a-memchr-stub.o)
 .debug_info    0x000000000001a0f4       0x26 /usr/lib/gcc/arm-none-eabi/9.2.1/../../../arm-none-eabi/lib/thumb/v7-m/nofp/libc_nano.a(lib_a-memcpy.o)
 .debug_info    0x000000000001a11a      0xf2b /usr/lib/gcc/arm-none-eabi/9.2.1/../../../arm-none-eabi/lib/thumb/v7-m/nofp/libc_nano.a(lib_a-memmove.o)
 .debug_info    0x000000000001b045      0xb85 /usr/lib/gcc/arm-none-eabi/9.2.1/../../../arm-none-eabi/lib/thumb/v7-m/nofp/libc_nano.a(lib_a-nano-freer.o)
 .debug_info    0x000000000001bbca      0xc5a /usr/lib/gcc/arm-none-eabi/9.2.1/../../../arm-none-eabi/lib/thumb/v7-m/nofp/libc_nano.a(lib_a-nano-mallocr.o)
 .debug_info    0x000000000001c824      0xb77 /usr/lib/gcc/arm-none-eabi/9.2.1/../../../arm-none-eabi/lib/thumb/v7-m/nofp/libc_nano.a(lib_a-nano-reallocr.o)
 .debug_info    0x000000000001d39b      0x9fb /usr/lib/gcc/arm-none-eabi/9.2.1/../../../arm-none-eabi/lib/thumb/v7-m/nofp/libc_nano.a(lib_a-sbrkr.o)
 .debug_info    0x000000000001dd96      0x961 /usr/lib/gcc/arm-none-eabi/9.2.1/../../../arm-none-eabi/lib/thumb/v7-m/nofp/libc_nano.a(lib_a-mlock.o)
 .debug_info    0x000000000001e6f7      0xaa6 /usr/lib/gcc/arm-none-eabi/9.2.1/../../../arm-none-eabi/lib/thumb/v7-m/nofp/libc_nano.a(lib_a-nano-msizer.o)
 .debug_info    0x000000000001f19d      0xb0f /usr/lib/gcc/arm-none-eabi/9.2.1/../../../arm-none-eabi/lib/thumb/v7-m/nofp/libc_nano.a(lib_a-reent.o)

.debug_abbrev   0x0000000000000000     0x49e8
 .debug_abbrev  0x0000000000000000      0x319 build/main.o
 .debug_abbrev  0x0000000000000319      0x17e build/gpio.o
 .debug_abbrev  0x0000000000000497      0x1b2 build/stm32f1xx_it.o
 .debug_abbrev  0x0000000000000649      0x130 build/stm32f1xx_hal_msp.o
 .debug_abbrev  0x0000000000000779      0x2c3 build/stm32f1xx_hal_tim.o
 .debug_abbrev  0x0000000000000a3c      0x2ab build/stm32f1xx_hal_tim_ex.o
 .debug_abbrev  0x0000000000000ce7      0x21c build/stm32f1xx_hal.o
 .debug_abbrev  0x0000000000000f03      0x2cb build/stm32f1xx_hal_rcc.o
 .debug_abbrev  0x00000000000011ce      0x24f build/stm32f1xx_hal_gpio.o
 .debug_abbrev  0x000000000000141d      0x2a1 build/stm32f1xx_hal_dma.o
 .debug_abbrev  0x00000000000016be      0x37f build/stm32f1xx_hal_cortex.o
 .debug_abbrev  0x0000000000001a3d      0x153 build/system_stm32f1xx.o
 .debug_abbrev  0x0000000000001b90      0x21f build/sysmem.o
 .debug_abbrev  0x0000000000001daf      0x1fc build/tim.o
 .debug_abbrev  0x0000000000001fab      0x221 build/usart.o
 .debug_abbrev  0x00000000000021cc      0x36c build/stm32f1xx_hal_uart.o
 .debug_abbrev  0x0000000000002538      0x156 build/dma.o
 .debug_abbrev  0x000000000000268e       0x12 build/startup_stm32f103xe.o
 .debug_abbrev  0x00000000000026a0      0x198 /usr/lib/gcc/arm-none-eabi/9.2.1/../../../arm-none-eabi/lib/thumb/v7-m/nofp/libc_nano.a(lib_a-errno.o)
 .debug_abbrev  0x0000000000002838      0x17a /usr/lib/gcc/arm-none-eabi/9.2.1/../../../arm-none-eabi/lib/thumb/v7-m/nofp/libc_nano.a(lib_a-impure.o)
 .debug_abbrev  0x00000000000029b2       0xcc /usr/lib/gcc/arm-none-eabi/9.2.1/../../../arm-none-eabi/lib/thumb/v7-m/nofp/libc_nano.a(lib_a-init.o)
 .debug_abbrev  0x0000000000002a7e      0x1d9 /usr/lib/gcc/arm-none-eabi/9.2.1/../../../arm-none-eabi/lib/thumb/v7-m/nofp/libc_nano.a(lib_a-memset.o)
 .debug_abbrev  0x0000000000002c57      0x274 /usr/lib/gcc/arm-none-eabi/9.2.1/../../../arm-none-eabi/lib/thumb/v7-m/nofp/libc_nano.a(lib_a-sprintf.o)
 .debug_abbrev  0x0000000000002ecb      0x194 /usr/lib/gcc/arm-none-eabi/9.2.1/../../../arm-none-eabi/lib/thumb/v7-m/nofp/libc_nano.a(lib_a-strlen-stub.o)
 .debug_abbrev  0x000000000000305f      0x33f /usr/lib/gcc/arm-none-eabi/9.2.1/../../../arm-none-eabi/lib/thumb/v7-m/nofp/libc_nano.a(lib_a-nano-svfprintf.o)
 .debug_abbrev  0x000000000000339e      0x2dc /usr/lib/gcc/arm-none-eabi/9.2.1/../../../arm-none-eabi/lib/thumb/v7-m/nofp/libc_nano.a(lib_a-nano-vfprintf_i.o)
 .debug_abbrev  0x000000000000367a      0x1d7 /usr/lib/gcc/arm-none-eabi/9.2.1/../../../arm-none-eabi/lib/thumb/v7-m/nofp/libc_nano.a(lib_a-memchr-stub.o)
 .debug_abbrev  0x0000000000003851       0x14 /usr/lib/gcc/arm-none-eabi/9.2.1/../../../arm-none-eabi/lib/thumb/v7-m/nofp/libc_nano.a(lib_a-memcpy.o)
 .debug_abbrev  0x0000000000003865      0x1de /usr/lib/gcc/arm-none-eabi/9.2.1/../../../arm-none-eabi/lib/thumb/v7-m/nofp/libc_nano.a(lib_a-memmove.o)
 .debug_abbrev  0x0000000000003a43      0x286 /usr/lib/gcc/arm-none-eabi/9.2.1/../../../arm-none-eabi/lib/thumb/v7-m/nofp/libc_nano.a(lib_a-nano-freer.o)
 .debug_abbrev  0x0000000000003cc9      0x2d1 /usr/lib/gcc/arm-none-eabi/9.2.1/../../../arm-none-eabi/lib/thumb/v7-m/nofp/libc_nano.a(lib_a-nano-mallocr.o)
 .debug_abbrev  0x0000000000003f9a      0x22a /usr/lib/gcc/arm-none-eabi/9.2.1/../../../arm-none-eabi/lib/thumb/v7-m/nofp/libc_nano.a(lib_a-nano-reallocr.o)
 .debug_abbrev  0x00000000000041c4      0x212 /usr/lib/gcc/arm-none-eabi/9.2.1/../../../arm-none-eabi/lib/thumb/v7-m/nofp/libc_nano.a(lib_a-sbrkr.o)
 .debug_abbrev  0x00000000000043d6      0x1c5 /usr/lib/gcc/arm-none-eabi/9.2.1/../../../arm-none-eabi/lib/thumb/v7-m/nofp/libc_nano.a(lib_a-mlock.o)
 .debug_abbrev  0x000000000000459b      0x1e5 /usr/lib/gcc/arm-none-eabi/9.2.1/../../../arm-none-eabi/lib/thumb/v7-m/nofp/libc_nano.a(lib_a-nano-msizer.o)
 .debug_abbrev  0x0000000000004780      0x268 /usr/lib/gcc/arm-none-eabi/9.2.1/../../../arm-none-eabi/lib/thumb/v7-m/nofp/libc_nano.a(lib_a-reent.o)

.debug_loc      0x0000000000000000    0x1149d
 .debug_loc     0x0000000000000000      0x224 build/main.o
 .debug_loc     0x0000000000000224       0x38 build/gpio.o
 .debug_loc     0x000000000000025c       0xe0 build/stm32f1xx_it.o
 .debug_loc     0x000000000000033c       0x41 build/stm32f1xx_hal_msp.o
 .debug_loc     0x000000000000037d     0x5b12 build/stm32f1xx_hal_tim.o
 .debug_loc     0x0000000000005e8f     0x20e6 build/stm32f1xx_hal_tim_ex.o
 .debug_loc     0x0000000000007f75      0x1e1 build/stm32f1xx_hal.o
 .debug_loc     0x0000000000008156      0x75f build/stm32f1xx_hal_rcc.o
 .debug_loc     0x00000000000088b5      0x53b build/stm32f1xx_hal_gpio.o
 .debug_loc     0x0000000000008df0      0x8ea build/stm32f1xx_hal_dma.o
 .debug_loc     0x00000000000096da      0x7af build/stm32f1xx_hal_cortex.o
 .debug_loc     0x0000000000009e89       0xff build/system_stm32f1xx.o
 .debug_loc     0x0000000000009f88       0x84 build/sysmem.o
 .debug_loc     0x000000000000a00c      0x1ee build/tim.o
 .debug_loc     0x000000000000a1fa      0x193 build/usart.o
 .debug_loc     0x000000000000a38d     0x4ebf build/stm32f1xx_hal_uart.o
 .debug_loc     0x000000000000f24c       0x38 build/dma.o
 .debug_loc     0x000000000000f284       0xba /usr/lib/gcc/arm-none-eabi/9.2.1/../../../arm-none-eabi/lib/thumb/v7-m/nofp/libc_nano.a(lib_a-init.o)
 .debug_loc     0x000000000000f33e      0x231 /usr/lib/gcc/arm-none-eabi/9.2.1/../../../arm-none-eabi/lib/thumb/v7-m/nofp/libc_nano.a(lib_a-memset.o)
 .debug_loc     0x000000000000f56f       0xd1 /usr/lib/gcc/arm-none-eabi/9.2.1/../../../arm-none-eabi/lib/thumb/v7-m/nofp/libc_nano.a(lib_a-sprintf.o)
 .debug_loc     0x000000000000f640       0x25 /usr/lib/gcc/arm-none-eabi/9.2.1/../../../arm-none-eabi/lib/thumb/v7-m/nofp/libc_nano.a(lib_a-strlen-stub.o)
 .debug_loc     0x000000000000f665      0x80e /usr/lib/gcc/arm-none-eabi/9.2.1/../../../arm-none-eabi/lib/thumb/v7-m/nofp/libc_nano.a(lib_a-nano-svfprintf.o)
 .debug_loc     0x000000000000fe73      0x7ab /usr/lib/gcc/arm-none-eabi/9.2.1/../../../arm-none-eabi/lib/thumb/v7-m/nofp/libc_nano.a(lib_a-nano-vfprintf_i.o)
 .debug_loc     0x000000000001061e      0x226 /usr/lib/gcc/arm-none-eabi/9.2.1/../../../arm-none-eabi/lib/thumb/v7-m/nofp/libc_nano.a(lib_a-memchr-stub.o)
 .debug_loc     0x0000000000010844      0x2e4 /usr/lib/gcc/arm-none-eabi/9.2.1/../../../arm-none-eabi/lib/thumb/v7-m/nofp/libc_nano.a(lib_a-memmove.o)
 .debug_loc     0x0000000000010b28      0x1f7 /usr/lib/gcc/arm-none-eabi/9.2.1/../../../arm-none-eabi/lib/thumb/v7-m/nofp/libc_nano.a(lib_a-nano-freer.o)
 .debug_loc     0x0000000000010d1f      0x424 /usr/lib/gcc/arm-none-eabi/9.2.1/../../../arm-none-eabi/lib/thumb/v7-m/nofp/libc_nano.a(lib_a-nano-mallocr.o)
 .debug_loc     0x0000000000011143      0x133 /usr/lib/gcc/arm-none-eabi/9.2.1/../../../arm-none-eabi/lib/thumb/v7-m/nofp/libc_nano.a(lib_a-nano-reallocr.o)
 .debug_loc     0x0000000000011276       0x6c /usr/lib/gcc/arm-none-eabi/9.2.1/../../../arm-none-eabi/lib/thumb/v7-m/nofp/libc_nano.a(lib_a-sbrkr.o)
 .debug_loc     0x00000000000112e2       0x86 /usr/lib/gcc/arm-none-eabi/9.2.1/../../../arm-none-eabi/lib/thumb/v7-m/nofp/libc_nano.a(lib_a-nano-msizer.o)
 .debug_loc     0x0000000000011368      0x135 /usr/lib/gcc/arm-none-eabi/9.2.1/../../../arm-none-eabi/lib/thumb/v7-m/nofp/libc_nano.a(lib_a-reent.o)

.debug_aranges  0x0000000000000000      0xe88
 .debug_aranges
                0x0000000000000000       0x60 build/main.o
 .debug_aranges
                0x0000000000000060       0x20 build/gpio.o
 .debug_aranges
                0x0000000000000080       0x90 build/stm32f1xx_it.o
 .debug_aranges
                0x0000000000000110       0x20 build/stm32f1xx_hal_msp.o
 .debug_aranges
                0x0000000000000130      0x3d0 build/stm32f1xx_hal_tim.o
 .debug_aranges
                0x0000000000000500      0x168 build/stm32f1xx_hal_tim_ex.o
 .debug_aranges
                0x0000000000000668       0xe0 build/stm32f1xx_hal.o
 .debug_aranges
                0x0000000000000748       0x90 build/stm32f1xx_hal_rcc.o
 .debug_aranges
                0x00000000000007d8       0x58 build/stm32f1xx_hal_gpio.o
 .debug_aranges
                0x0000000000000830       0x80 build/stm32f1xx_hal_dma.o
 .debug_aranges
                0x00000000000008b0       0x90 build/stm32f1xx_hal_cortex.o
 .debug_aranges
                0x0000000000000940       0x28 build/system_stm32f1xx.o
 .debug_aranges
                0x0000000000000968       0x20 build/sysmem.o
 .debug_aranges
                0x0000000000000988       0x40 build/tim.o
 .debug_aranges
                0x00000000000009c8       0x38 build/usart.o
 .debug_aranges
                0x0000000000000a00      0x208 build/stm32f1xx_hal_uart.o
 .debug_aranges
                0x0000000000000c08       0x20 build/dma.o
 .debug_aranges
                0x0000000000000c28       0x28 build/startup_stm32f103xe.o
 .debug_aranges
                0x0000000000000c50       0x20 /usr/lib/gcc/arm-none-eabi/9.2.1/../../../arm-none-eabi/lib/thumb/v7-m/nofp/libc_nano.a(lib_a-errno.o)
 .debug_aranges
                0x0000000000000c70       0x18 /usr/lib/gcc/arm-none-eabi/9.2.1/../../../arm-none-eabi/lib/thumb/v7-m/nofp/libc_nano.a(lib_a-impure.o)
 .debug_aranges
                0x0000000000000c88       0x20 /usr/lib/gcc/arm-none-eabi/9.2.1/../../../arm-none-eabi/lib/thumb/v7-m/nofp/libc_nano.a(lib_a-init.o)
 .debug_aranges
                0x0000000000000ca8       0x20 /usr/lib/gcc/arm-none-eabi/9.2.1/../../../arm-none-eabi/lib/thumb/v7-m/nofp/libc_nano.a(lib_a-memset.o)
 .debug_aranges
                0x0000000000000cc8       0x20 /usr/lib/gcc/arm-none-eabi/9.2.1/../../../arm-none-eabi/lib/thumb/v7-m/nofp/libc_nano.a(lib_a-sprintf.o)
 .debug_aranges
                0x0000000000000ce8       0x20 /usr/lib/gcc/arm-none-eabi/9.2.1/../../../arm-none-eabi/lib/thumb/v7-m/nofp/libc_nano.a(lib_a-strlen-stub.o)
 .debug_aranges
                0x0000000000000d08       0x20 /usr/lib/gcc/arm-none-eabi/9.2.1/../../../arm-none-eabi/lib/thumb/v7-m/nofp/libc_nano.a(lib_a-nano-svfprintf.o)
 .debug_aranges
                0x0000000000000d28       0x20 /usr/lib/gcc/arm-none-eabi/9.2.1/../../../arm-none-eabi/lib/thumb/v7-m/nofp/libc_nano.a(lib_a-nano-vfprintf_i.o)
 .debug_aranges
                0x0000000000000d48       0x20 /usr/lib/gcc/arm-none-eabi/9.2.1/../../../arm-none-eabi/lib/thumb/v7-m/nofp/libc_nano.a(lib_a-memchr-stub.o)
 .debug_aranges
                0x0000000000000d68       0x20 /usr/lib/gcc/arm-none-eabi/9.2.1/../../../arm-none-eabi/lib/thumb/v7-m/nofp/libc_nano.a(lib_a-memcpy.o)
 .debug_aranges
                0x0000000000000d88       0x20 /usr/lib/gcc/arm-none-eabi/9.2.1/../../../arm-none-eabi/lib/thumb/v7-m/nofp/libc_nano.a(lib_a-memmove.o)
 .debug_aranges
                0x0000000000000da8       0x20 /usr/lib/gcc/arm-none-eabi/9.2.1/../../../arm-none-eabi/lib/thumb/v7-m/nofp/libc_nano.a(lib_a-nano-freer.o)
 .debug_aranges
                0x0000000000000dc8       0x20 /usr/lib/gcc/arm-none-eabi/9.2.1/../../../arm-none-eabi/lib/thumb/v7-m/nofp/libc_nano.a(lib_a-nano-mallocr.o)
 .debug_aranges
                0x0000000000000de8       0x20 /usr/lib/gcc/arm-none-eabi/9.2.1/../../../arm-none-eabi/lib/thumb/v7-m/nofp/libc_nano.a(lib_a-nano-reallocr.o)
 .debug_aranges
                0x0000000000000e08       0x20 /usr/lib/gcc/arm-none-eabi/9.2.1/../../../arm-none-eabi/lib/thumb/v7-m/nofp/libc_nano.a(lib_a-sbrkr.o)
 .debug_aranges
                0x0000000000000e28       0x20 /usr/lib/gcc/arm-none-eabi/9.2.1/../../../arm-none-eabi/lib/thumb/v7-m/nofp/libc_nano.a(lib_a-mlock.o)
 .debug_aranges
                0x0000000000000e48       0x20 /usr/lib/gcc/arm-none-eabi/9.2.1/../../../arm-none-eabi/lib/thumb/v7-m/nofp/libc_nano.a(lib_a-nano-msizer.o)
 .debug_aranges
                0x0000000000000e68       0x20 /usr/lib/gcc/arm-none-eabi/9.2.1/../../../arm-none-eabi/lib/thumb/v7-m/nofp/libc_nano.a(lib_a-reent.o)

.debug_ranges   0x0000000000000000      0xd18
 .debug_ranges  0x0000000000000000       0x50 build/main.o
 .debug_ranges  0x0000000000000050       0x10 build/gpio.o
 .debug_ranges  0x0000000000000060       0x80 build/stm32f1xx_it.o
 .debug_ranges  0x00000000000000e0       0x10 build/stm32f1xx_hal_msp.o
 .debug_ranges  0x00000000000000f0      0x3c0 build/stm32f1xx_hal_tim.o
 .debug_ranges  0x00000000000004b0      0x158 build/stm32f1xx_hal_tim_ex.o
 .debug_ranges  0x0000000000000608       0xd0 build/stm32f1xx_hal.o
 .debug_ranges  0x00000000000006d8       0xa0 build/stm32f1xx_hal_rcc.o
 .debug_ranges  0x0000000000000778       0x48 build/stm32f1xx_hal_gpio.o
 .debug_ranges  0x00000000000007c0       0x70 build/stm32f1xx_hal_dma.o
 .debug_ranges  0x0000000000000830       0xe0 build/stm32f1xx_hal_cortex.o
 .debug_ranges  0x0000000000000910       0x18 build/system_stm32f1xx.o
 .debug_ranges  0x0000000000000928       0x10 build/sysmem.o
 .debug_ranges  0x0000000000000938       0x30 build/tim.o
 .debug_ranges  0x0000000000000968       0x28 build/usart.o
 .debug_ranges  0x0000000000000990      0x210 build/stm32f1xx_hal_uart.o
 .debug_ranges  0x0000000000000ba0       0x10 build/dma.o
 .debug_ranges  0x0000000000000bb0       0x20 build/startup_stm32f103xe.o
 .debug_ranges  0x0000000000000bd0       0x10 /usr/lib/gcc/arm-none-eabi/9.2.1/../../../arm-none-eabi/lib/thumb/v7-m/nofp/libc_nano.a(lib_a-strlen-stub.o)
 .debug_ranges  0x0000000000000be0       0x50 /usr/lib/gcc/arm-none-eabi/9.2.1/../../../arm-none-eabi/lib/thumb/v7-m/nofp/libc_nano.a(lib_a-nano-svfprintf.o)
 .debug_ranges  0x0000000000000c30       0x98 /usr/lib/gcc/arm-none-eabi/9.2.1/../../../arm-none-eabi/lib/thumb/v7-m/nofp/libc_nano.a(lib_a-nano-vfprintf_i.o)
 .debug_ranges  0x0000000000000cc8       0x18 /usr/lib/gcc/arm-none-eabi/9.2.1/../../../arm-none-eabi/lib/thumb/v7-m/nofp/libc_nano.a(lib_a-nano-freer.o)
 .debug_ranges  0x0000000000000ce0       0x38 /usr/lib/gcc/arm-none-eabi/9.2.1/../../../arm-none-eabi/lib/thumb/v7-m/nofp/libc_nano.a(lib_a-nano-mallocr.o)

.debug_line     0x0000000000000000    0x116ac
 .debug_line    0x0000000000000000      0x5db build/main.o
 .debug_line    0x00000000000005db      0x19e build/gpio.o
 .debug_line    0x0000000000000779      0x311 build/stm32f1xx_it.o
 .debug_line    0x0000000000000a8a      0x13f build/stm32f1xx_hal_msp.o
 .debug_line    0x0000000000000bc9     0x4a10 build/stm32f1xx_hal_tim.o
 .debug_line    0x00000000000055d9     0x1c02 build/stm32f1xx_hal_tim_ex.o
 .debug_line    0x00000000000071db      0x488 build/stm32f1xx_hal.o
 .debug_line    0x0000000000007663      0xb97 build/stm32f1xx_hal_rcc.o
 .debug_line    0x00000000000081fa      0x59e build/stm32f1xx_hal_gpio.o
 .debug_line    0x0000000000008798      0xc9c build/stm32f1xx_hal_dma.o
 .debug_line    0x0000000000009434      0x5de build/stm32f1xx_hal_cortex.o
 .debug_line    0x0000000000009a12      0x1f3 build/system_stm32f1xx.o
 .debug_line    0x0000000000009c05      0x114 build/sysmem.o
 .debug_line    0x0000000000009d19      0x413 build/tim.o
 .debug_line    0x000000000000a12c      0x437 build/usart.o
 .debug_line    0x000000000000a563     0x431f build/stm32f1xx_hal_uart.o
 .debug_line    0x000000000000e882      0x143 build/dma.o
 .debug_line    0x000000000000e9c5       0x75 build/startup_stm32f103xe.o
 .debug_line    0x000000000000ea3a      0x108 /usr/lib/gcc/arm-none-eabi/9.2.1/../../../arm-none-eabi/lib/thumb/v7-m/nofp/libc_nano.a(lib_a-errno.o)
 .debug_line    0x000000000000eb42       0xe3 /usr/lib/gcc/arm-none-eabi/9.2.1/../../../arm-none-eabi/lib/thumb/v7-m/nofp/libc_nano.a(lib_a-impure.o)
 .debug_line    0x000000000000ec25      0x114 /usr/lib/gcc/arm-none-eabi/9.2.1/../../../arm-none-eabi/lib/thumb/v7-m/nofp/libc_nano.a(lib_a-init.o)
 .debug_line    0x000000000000ed39      0x26b /usr/lib/gcc/arm-none-eabi/9.2.1/../../../arm-none-eabi/lib/thumb/v7-m/nofp/libc_nano.a(lib_a-memset.o)
 .debug_line    0x000000000000efa4      0x22d /usr/lib/gcc/arm-none-eabi/9.2.1/../../../arm-none-eabi/lib/thumb/v7-m/nofp/libc_nano.a(lib_a-sprintf.o)
 .debug_line    0x000000000000f1d1      0x14e /usr/lib/gcc/arm-none-eabi/9.2.1/../../../arm-none-eabi/lib/thumb/v7-m/nofp/libc_nano.a(lib_a-strlen-stub.o)
 .debug_line    0x000000000000f31f      0x8a7 /usr/lib/gcc/arm-none-eabi/9.2.1/../../../arm-none-eabi/lib/thumb/v7-m/nofp/libc_nano.a(lib_a-nano-svfprintf.o)
 .debug_line    0x000000000000fbc6      0x7a1 /usr/lib/gcc/arm-none-eabi/9.2.1/../../../arm-none-eabi/lib/thumb/v7-m/nofp/libc_nano.a(lib_a-nano-vfprintf_i.o)
 .debug_line    0x0000000000010367      0x20c /usr/lib/gcc/arm-none-eabi/9.2.1/../../../arm-none-eabi/lib/thumb/v7-m/nofp/libc_nano.a(lib_a-memchr-stub.o)
 .debug_line    0x0000000000010573       0xc1 /usr/lib/gcc/arm-none-eabi/9.2.1/../../../arm-none-eabi/lib/thumb/v7-m/nofp/libc_nano.a(lib_a-memcpy.o)
 .debug_line    0x0000000000010634      0x28c /usr/lib/gcc/arm-none-eabi/9.2.1/../../../arm-none-eabi/lib/thumb/v7-m/nofp/libc_nano.a(lib_a-memmove.o)
 .debug_line    0x00000000000108c0      0x29d /usr/lib/gcc/arm-none-eabi/9.2.1/../../../arm-none-eabi/lib/thumb/v7-m/nofp/libc_nano.a(lib_a-nano-freer.o)
 .debug_line    0x0000000000010b5d      0x2f0 /usr/lib/gcc/arm-none-eabi/9.2.1/../../../arm-none-eabi/lib/thumb/v7-m/nofp/libc_nano.a(lib_a-nano-mallocr.o)
 .debug_line    0x0000000000010e4d      0x1c5 /usr/lib/gcc/arm-none-eabi/9.2.1/../../../arm-none-eabi/lib/thumb/v7-m/nofp/libc_nano.a(lib_a-nano-reallocr.o)
 .debug_line    0x0000000000011012      0x182 /usr/lib/gcc/arm-none-eabi/9.2.1/../../../arm-none-eabi/lib/thumb/v7-m/nofp/libc_nano.a(lib_a-sbrkr.o)
 .debug_line    0x0000000000011194      0x13d /usr/lib/gcc/arm-none-eabi/9.2.1/../../../arm-none-eabi/lib/thumb/v7-m/nofp/libc_nano.a(lib_a-mlock.o)
 .debug_line    0x00000000000112d1      0x166 /usr/lib/gcc/arm-none-eabi/9.2.1/../../../arm-none-eabi/lib/thumb/v7-m/nofp/libc_nano.a(lib_a-nano-msizer.o)
 .debug_line    0x0000000000011437      0x275 /usr/lib/gcc/arm-none-eabi/9.2.1/../../../arm-none-eabi/lib/thumb/v7-m/nofp/libc_nano.a(lib_a-reent.o)

.debug_str      0x0000000000000000     0x4bce
 .debug_str     0x0000000000000000     0x109f build/main.o
                                       0x1189 (size before relaxing)
 .debug_str     0x000000000000109f       0x8b build/gpio.o
                                        0x35a (size before relaxing)
 .debug_str     0x000000000000112a      0x17d build/stm32f1xx_it.o
                                        0xac0 (size before relaxing)
 .debug_str     0x00000000000012a7       0x52 build/stm32f1xx_hal_msp.o
                                        0x307 (size before relaxing)
 .debug_str     0x00000000000012f9      0xf04 build/stm32f1xx_hal_tim.o
                                       0x1721 (size before relaxing)
 .debug_str     0x00000000000021fd      0x591 build/stm32f1xx_hal_tim_ex.o
                                        0xf22 (size before relaxing)
 .debug_str     0x000000000000278e      0x262 build/stm32f1xx_hal.o
                                        0x964 (size before relaxing)
 .debug_str     0x00000000000029f0      0x1e2 build/stm32f1xx_hal_rcc.o
                                        0x6c4 (size before relaxing)
 .debug_str     0x0000000000002bd2      0x114 build/stm32f1xx_hal_gpio.o
                                        0x4e2 (size before relaxing)
 .debug_str     0x0000000000002ce6      0x1f7 build/stm32f1xx_hal_dma.o
                                        0x6ea (size before relaxing)
 .debug_str     0x0000000000002edd      0x3a5 build/stm32f1xx_hal_cortex.o
                                        0xa80 (size before relaxing)
 .debug_str     0x0000000000003282       0x4a build/system_stm32f1xx.o
                                        0x2fe (size before relaxing)
 .debug_str     0x00000000000032cc      0x3f8 build/sysmem.o
                                        0x622 (size before relaxing)
 .debug_str     0x00000000000036c4       0x19 build/tim.o
                                        0xd0b (size before relaxing)
 .debug_str     0x00000000000036dd       0x49 build/usart.o
                                        0xc03 (size before relaxing)
 .debug_str     0x0000000000003726      0x5c6 build/stm32f1xx_hal_uart.o
                                        0xdc4 (size before relaxing)
 .debug_str     0x0000000000003cec        0xa build/dma.o
                                        0x6ac (size before relaxing)
 .debug_str     0x0000000000003cf6       0x22 build/startup_stm32f103xe.o
                                         0x7d (size before relaxing)
 .debug_str     0x0000000000003d18      0x195 /usr/lib/gcc/arm-none-eabi/9.2.1/../../../arm-none-eabi/lib/thumb/v7-m/nofp/libc_nano.a(lib_a-errno.o)
                                        0x5ec (size before relaxing)
 .debug_str     0x0000000000003ead       0x9c /usr/lib/gcc/arm-none-eabi/9.2.1/../../../arm-none-eabi/lib/thumb/v7-m/nofp/libc_nano.a(lib_a-impure.o)
                                        0x5da (size before relaxing)
 .debug_str     0x0000000000003f49       0xf2 /usr/lib/gcc/arm-none-eabi/9.2.1/../../../arm-none-eabi/lib/thumb/v7-m/nofp/libc_nano.a(lib_a-init.o)
                                        0x221 (size before relaxing)
 .debug_str     0x000000000000403b      0x31b /usr/lib/gcc/arm-none-eabi/9.2.1/../../../arm-none-eabi/lib/thumb/v7-m/nofp/libc_nano.a(lib_a-memset.o)
                                        0x907 (size before relaxing)
 .debug_str     0x0000000000004356      0x1e7 /usr/lib/gcc/arm-none-eabi/9.2.1/../../../arm-none-eabi/lib/thumb/v7-m/nofp/libc_nano.a(lib_a-sprintf.o)
                                        0x755 (size before relaxing)
 .debug_str     0x000000000000453d       0xa4 /usr/lib/gcc/arm-none-eabi/9.2.1/../../../arm-none-eabi/lib/thumb/v7-m/nofp/libc_nano.a(lib_a-strlen-stub.o)
                                        0x5f0 (size before relaxing)
 .debug_str     0x00000000000045e1      0x1ae /usr/lib/gcc/arm-none-eabi/9.2.1/../../../arm-none-eabi/lib/thumb/v7-m/nofp/libc_nano.a(lib_a-nano-svfprintf.o)
                                        0xc0d (size before relaxing)
 .debug_str     0x000000000000478f       0x94 /usr/lib/gcc/arm-none-eabi/9.2.1/../../../arm-none-eabi/lib/thumb/v7-m/nofp/libc_nano.a(lib_a-nano-vfprintf_i.o)
                                        0xba4 (size before relaxing)
 .debug_str     0x0000000000004823       0x54 /usr/lib/gcc/arm-none-eabi/9.2.1/../../../arm-none-eabi/lib/thumb/v7-m/nofp/libc_nano.a(lib_a-memchr-stub.o)
                                        0x60a (size before relaxing)
 .debug_str     0x0000000000004877       0x43 /usr/lib/gcc/arm-none-eabi/9.2.1/../../../arm-none-eabi/lib/thumb/v7-m/nofp/libc_nano.a(lib_a-memcpy.o)
                                         0xb2 (size before relaxing)
 .debug_str     0x00000000000048ba       0x56 /usr/lib/gcc/arm-none-eabi/9.2.1/../../../arm-none-eabi/lib/thumb/v7-m/nofp/libc_nano.a(lib_a-memmove.o)
                                        0x926 (size before relaxing)
 .debug_str     0x0000000000004910      0x17e /usr/lib/gcc/arm-none-eabi/9.2.1/../../../arm-none-eabi/lib/thumb/v7-m/nofp/libc_nano.a(lib_a-nano-freer.o)
                                        0x70a (size before relaxing)
 .debug_str     0x0000000000004a8e       0x32 /usr/lib/gcc/arm-none-eabi/9.2.1/../../../arm-none-eabi/lib/thumb/v7-m/nofp/libc_nano.a(lib_a-nano-mallocr.o)
                                        0x721 (size before relaxing)
 .debug_str     0x0000000000004ac0       0x23 /usr/lib/gcc/arm-none-eabi/9.2.1/../../../arm-none-eabi/lib/thumb/v7-m/nofp/libc_nano.a(lib_a-nano-reallocr.o)
                                        0x707 (size before relaxing)
 .debug_str     0x0000000000004ae3       0x32 /usr/lib/gcc/arm-none-eabi/9.2.1/../../../arm-none-eabi/lib/thumb/v7-m/nofp/libc_nano.a(lib_a-sbrkr.o)
                                        0x61d (size before relaxing)
 .debug_str     0x0000000000004b15       0x4c /usr/lib/gcc/arm-none-eabi/9.2.1/../../../arm-none-eabi/lib/thumb/v7-m/nofp/libc_nano.a(lib_a-mlock.o)
                                        0x606 (size before relaxing)
 .debug_str     0x0000000000004b61        0xf /usr/lib/gcc/arm-none-eabi/9.2.1/../../../arm-none-eabi/lib/thumb/v7-m/nofp/libc_nano.a(lib_a-nano-msizer.o)
                                        0x6e5 (size before relaxing)
 .debug_str     0x0000000000004b70       0x5e /usr/lib/gcc/arm-none-eabi/9.2.1/../../../arm-none-eabi/lib/thumb/v7-m/nofp/libc_nano.a(lib_a-reent.o)
                                        0x616 (size before relaxing)

.debug_frame    0x0000000000000000     0x2420
 .debug_frame   0x0000000000000000       0xdc build/main.o
 .debug_frame   0x00000000000000dc       0x38 build/gpio.o
 .debug_frame   0x0000000000000114      0x138 build/stm32f1xx_it.o
 .debug_frame   0x000000000000024c       0x28 build/stm32f1xx_hal_msp.o
 .debug_frame   0x0000000000000274      0xb24 build/stm32f1xx_hal_tim.o
 .debug_frame   0x0000000000000d98      0x420 build/stm32f1xx_hal_tim_ex.o
 .debug_frame   0x00000000000011b8      0x1cc build/stm32f1xx_hal.o
 .debug_frame   0x0000000000001384      0x184 build/stm32f1xx_hal_rcc.o
 .debug_frame   0x0000000000001508       0xe8 build/stm32f1xx_hal_gpio.o
 .debug_frame   0x00000000000015f0      0x144 build/stm32f1xx_hal_dma.o
 .debug_frame   0x0000000000001734      0x12c build/stm32f1xx_hal_cortex.o
 .debug_frame   0x0000000000001860       0x30 build/system_stm32f1xx.o
 .debug_frame   0x0000000000001890       0x28 build/sysmem.o
 .debug_frame   0x00000000000018b8       0xa8 build/tim.o
 .debug_frame   0x0000000000001960       0x7c build/usart.o
 .debug_frame   0x00000000000019dc      0x5d8 build/stm32f1xx_hal_uart.o
 .debug_frame   0x0000000000001fb4       0x2c build/dma.o
 .debug_frame   0x0000000000001fe0       0x20 /usr/lib/gcc/arm-none-eabi/9.2.1/../../../arm-none-eabi/lib/thumb/v7-m/nofp/libc_nano.a(lib_a-errno.o)
 .debug_frame   0x0000000000002000       0x2c /usr/lib/gcc/arm-none-eabi/9.2.1/../../../arm-none-eabi/lib/thumb/v7-m/nofp/libc_nano.a(lib_a-init.o)
 .debug_frame   0x000000000000202c       0x38 /usr/lib/gcc/arm-none-eabi/9.2.1/../../../arm-none-eabi/lib/thumb/v7-m/nofp/libc_nano.a(lib_a-memset.o)
 .debug_frame   0x0000000000002064       0x80 /usr/lib/gcc/arm-none-eabi/9.2.1/../../../arm-none-eabi/lib/thumb/v7-m/nofp/libc_nano.a(lib_a-sprintf.o)
 .debug_frame   0x00000000000020e4       0x20 /usr/lib/gcc/arm-none-eabi/9.2.1/../../../arm-none-eabi/lib/thumb/v7-m/nofp/libc_nano.a(lib_a-strlen-stub.o)
 .debug_frame   0x0000000000002104       0x98 /usr/lib/gcc/arm-none-eabi/9.2.1/../../../arm-none-eabi/lib/thumb/v7-m/nofp/libc_nano.a(lib_a-nano-svfprintf.o)
 .debug_frame   0x000000000000219c       0x68 /usr/lib/gcc/arm-none-eabi/9.2.1/../../../arm-none-eabi/lib/thumb/v7-m/nofp/libc_nano.a(lib_a-nano-vfprintf_i.o)
 .debug_frame   0x0000000000002204       0x34 /usr/lib/gcc/arm-none-eabi/9.2.1/../../../arm-none-eabi/lib/thumb/v7-m/nofp/libc_nano.a(lib_a-memchr-stub.o)
 .debug_frame   0x0000000000002238       0x40 /usr/lib/gcc/arm-none-eabi/9.2.1/../../../arm-none-eabi/lib/thumb/v7-m/nofp/libc_nano.a(lib_a-memmove.o)
 .debug_frame   0x0000000000002278       0x58 /usr/lib/gcc/arm-none-eabi/9.2.1/../../../arm-none-eabi/lib/thumb/v7-m/nofp/libc_nano.a(lib_a-nano-freer.o)
 .debug_frame   0x00000000000022d0       0x30 /usr/lib/gcc/arm-none-eabi/9.2.1/../../../arm-none-eabi/lib/thumb/v7-m/nofp/libc_nano.a(lib_a-nano-mallocr.o)
 .debug_frame   0x0000000000002300       0x38 /usr/lib/gcc/arm-none-eabi/9.2.1/../../../arm-none-eabi/lib/thumb/v7-m/nofp/libc_nano.a(lib_a-nano-reallocr.o)
 .debug_frame   0x0000000000002338       0x2c /usr/lib/gcc/arm-none-eabi/9.2.1/../../../arm-none-eabi/lib/thumb/v7-m/nofp/libc_nano.a(lib_a-sbrkr.o)
 .debug_frame   0x0000000000002364       0x30 /usr/lib/gcc/arm-none-eabi/9.2.1/../../../arm-none-eabi/lib/thumb/v7-m/nofp/libc_nano.a(lib_a-mlock.o)
 .debug_frame   0x0000000000002394       0x20 /usr/lib/gcc/arm-none-eabi/9.2.1/../../../arm-none-eabi/lib/thumb/v7-m/nofp/libc_nano.a(lib_a-nano-msizer.o)
 .debug_frame   0x00000000000023b4       0x6c /usr/lib/gcc/arm-none-eabi/9.2.1/../../../arm-none-eabi/lib/thumb/v7-m/nofp/libc_nano.a(lib_a-reent.o)

Cross Reference Table

Symbol                                            File
ADC1_2_IRQHandler                                 build/startup_stm32f103xe.o
ADC3_IRQHandler                                   build/startup_stm32f103xe.o
AHBPrescTable                                     build/system_stm32f1xx.o
                                                  build/stm32f1xx_hal_rcc.o
APBPrescTable                                     build/system_stm32f1xx.o
                                                  build/stm32f1xx_hal_rcc.o
BusFault_Handler                                  build/stm32f1xx_it.o
CAN1_RX1_IRQHandler                               build/startup_stm32f103xe.o
CAN1_SCE_IRQHandler                               build/startup_stm32f103xe.o
DMA1_Channel1_IRQHandler                          build/startup_stm32f103xe.o
DMA1_Channel2_IRQHandler                          build/stm32f1xx_it.o
DMA1_Channel3_IRQHandler                          build/startup_stm32f103xe.o
DMA1_Channel4_IRQHandler                          build/stm32f1xx_it.o
DMA1_Channel5_IRQHandler                          build/startup_stm32f103xe.o
DMA1_Channel6_IRQHandler                          build/startup_stm32f103xe.o
DMA1_Channel7_IRQHandler                          build/startup_stm32f103xe.o
DMA2_Channel1_IRQHandler                          build/startup_stm32f103xe.o
DMA2_Channel2_IRQHandler                          build/startup_stm32f103xe.o
DMA2_Channel3_IRQHandler                          build/startup_stm32f103xe.o
DMA2_Channel4_5_IRQHandler                        build/startup_stm32f103xe.o
DebugMon_Handler                                  build/stm32f1xx_it.o
Default_Handler                                   build/startup_stm32f103xe.o
EXTI0_IRQHandler                                  build/startup_stm32f103xe.o
EXTI15_10_IRQHandler                              build/startup_stm32f103xe.o
EXTI1_IRQHandler                                  build/startup_stm32f103xe.o
EXTI2_IRQHandler                                  build/startup_stm32f103xe.o
EXTI3_IRQHandler                                  build/startup_stm32f103xe.o
EXTI4_IRQHandler                                  build/startup_stm32f103xe.o
EXTI9_5_IRQHandler                                build/startup_stm32f103xe.o
Error_Handler                                     build/main.o
                                                  build/usart.o
                                                  build/tim.o
Error_Handler_Custom                              build/main.o
FLASH_IRQHandler                                  build/startup_stm32f103xe.o
FLASH_PageErase                                   build/stm32f1xx_hal_flash_ex.o
                                                  build/stm32f1xx_hal_flash.o
FLASH_WaitForLastOperation                        build/stm32f1xx_hal_flash.o
                                                  build/stm32f1xx_hal_flash_ex.o
FSMC_IRQHandler                                   build/startup_stm32f103xe.o
GPRMC_Generator                                   build/main.o
HAL_DBGMCU_DisableDBGSleepMode                    build/stm32f1xx_hal.o
HAL_DBGMCU_DisableDBGStandbyMode                  build/stm32f1xx_hal.o
HAL_DBGMCU_DisableDBGStopMode                     build/stm32f1xx_hal.o
HAL_DBGMCU_EnableDBGSleepMode                     build/stm32f1xx_hal.o
HAL_DBGMCU_EnableDBGStandbyMode                   build/stm32f1xx_hal.o
HAL_DBGMCU_EnableDBGStopMode                      build/stm32f1xx_hal.o
HAL_DMA_Abort                                     build/stm32f1xx_hal_dma.o
                                                  build/stm32f1xx_hal_uart.o
HAL_DMA_Abort_IT                                  build/stm32f1xx_hal_dma.o
                                                  build/stm32f1xx_hal_uart.o
                                                  build/stm32f1xx_hal_tim_ex.o
                                                  build/stm32f1xx_hal_tim.o
HAL_DMA_DeInit                                    build/stm32f1xx_hal_dma.o
                                                  build/usart.o
HAL_DMA_GetError                                  build/stm32f1xx_hal_dma.o
                                                  build/stm32f1xx_hal_uart.o
HAL_DMA_GetState                                  build/stm32f1xx_hal_dma.o
HAL_DMA_IRQHandler                                build/stm32f1xx_hal_dma.o
                                                  build/stm32f1xx_it.o
HAL_DMA_Init                                      build/stm32f1xx_hal_dma.o
                                                  build/usart.o
HAL_DMA_PollForTransfer                           build/stm32f1xx_hal_dma.o
HAL_DMA_RegisterCallback                          build/stm32f1xx_hal_dma.o
HAL_DMA_Start                                     build/stm32f1xx_hal_dma.o
HAL_DMA_Start_IT                                  build/stm32f1xx_hal_dma.o
                                                  build/stm32f1xx_hal_uart.o
                                                  build/stm32f1xx_hal_tim_ex.o
                                                  build/stm32f1xx_hal_tim.o
HAL_DMA_UnRegisterCallback                        build/stm32f1xx_hal_dma.o
HAL_DeInit                                        build/stm32f1xx_hal.o
HAL_Delay                                         build/stm32f1xx_hal.o
                                                  build/main.o
HAL_EXTI_ClearConfigLine                          build/stm32f1xx_hal_exti.o
HAL_EXTI_ClearPending                             build/stm32f1xx_hal_exti.o
HAL_EXTI_GenerateSWI                              build/stm32f1xx_hal_exti.o
HAL_EXTI_GetConfigLine                            build/stm32f1xx_hal_exti.o
HAL_EXTI_GetHandle                                build/stm32f1xx_hal_exti.o
HAL_EXTI_GetPending                               build/stm32f1xx_hal_exti.o
HAL_EXTI_IRQHandler                               build/stm32f1xx_hal_exti.o
HAL_EXTI_RegisterCallback                         build/stm32f1xx_hal_exti.o
HAL_EXTI_SetConfigLine                            build/stm32f1xx_hal_exti.o
HAL_FLASHEx_Erase                                 build/stm32f1xx_hal_flash_ex.o
HAL_FLASHEx_Erase_IT                              build/stm32f1xx_hal_flash_ex.o
HAL_FLASHEx_OBErase                               build/stm32f1xx_hal_flash_ex.o
HAL_FLASHEx_OBGetConfig                           build/stm32f1xx_hal_flash_ex.o
HAL_FLASHEx_OBGetUserData                         build/stm32f1xx_hal_flash_ex.o
HAL_FLASHEx_OBProgram                             build/stm32f1xx_hal_flash_ex.o
HAL_FLASH_EndOfOperationCallback                  build/stm32f1xx_hal_flash.o
HAL_FLASH_GetError                                build/stm32f1xx_hal_flash.o
HAL_FLASH_IRQHandler                              build/stm32f1xx_hal_flash.o
HAL_FLASH_Lock                                    build/stm32f1xx_hal_flash.o
HAL_FLASH_OB_Launch                               build/stm32f1xx_hal_flash.o
HAL_FLASH_OB_Lock                                 build/stm32f1xx_hal_flash.o
HAL_FLASH_OB_Unlock                               build/stm32f1xx_hal_flash.o
HAL_FLASH_OperationErrorCallback                  build/stm32f1xx_hal_flash.o
HAL_FLASH_Program                                 build/stm32f1xx_hal_flash.o
HAL_FLASH_Program_IT                              build/stm32f1xx_hal_flash.o
HAL_FLASH_Unlock                                  build/stm32f1xx_hal_flash.o
HAL_GPIOEx_ConfigEventout                         build/stm32f1xx_hal_gpio_ex.o
HAL_GPIOEx_DisableEventout                        build/stm32f1xx_hal_gpio_ex.o
HAL_GPIOEx_EnableEventout                         build/stm32f1xx_hal_gpio_ex.o
HAL_GPIO_DeInit                                   build/stm32f1xx_hal_gpio.o
                                                  build/usart.o
HAL_GPIO_EXTI_Callback                            build/stm32f1xx_hal_gpio.o
HAL_GPIO_EXTI_IRQHandler                          build/stm32f1xx_hal_gpio.o
HAL_GPIO_Init                                     build/stm32f1xx_hal_gpio.o
                                                  build/usart.o
                                                  build/stm32f1xx_hal_rcc.o
                                                  build/gpio.o
HAL_GPIO_LockPin                                  build/stm32f1xx_hal_gpio.o
HAL_GPIO_ReadPin                                  build/stm32f1xx_hal_gpio.o
HAL_GPIO_TogglePin                                build/stm32f1xx_hal_gpio.o
                                                  build/main.o
HAL_GPIO_WritePin                                 build/stm32f1xx_hal_gpio.o
                                                  build/gpio.o
                                                  build/main.o
HAL_GetDEVID                                      build/stm32f1xx_hal.o
HAL_GetHalVersion                                 build/stm32f1xx_hal.o
HAL_GetREVID                                      build/stm32f1xx_hal.o
HAL_GetTick                                       build/stm32f1xx_hal.o
                                                  build/stm32f1xx_hal_uart.o
                                                  build/stm32f1xx_hal_flash.o
                                                  build/stm32f1xx_hal_dma.o
                                                  build/stm32f1xx_hal_rcc_ex.o
                                                  build/stm32f1xx_hal_rcc.o
                                                  build/main.o
HAL_GetTickFreq                                   build/stm32f1xx_hal.o
HAL_GetTickPrio                                   build/stm32f1xx_hal.o
HAL_GetUIDw0                                      build/stm32f1xx_hal.o
HAL_GetUIDw1                                      build/stm32f1xx_hal.o
HAL_GetUIDw2                                      build/stm32f1xx_hal.o
HAL_HalfDuplex_EnableReceiver                     build/stm32f1xx_hal_uart.o
HAL_HalfDuplex_EnableTransmitter                  build/stm32f1xx_hal_uart.o
HAL_HalfDuplex_Init                               build/stm32f1xx_hal_uart.o
HAL_IncTick                                       build/stm32f1xx_hal.o
                                                  build/stm32f1xx_it.o
HAL_Init                                          build/stm32f1xx_hal.o
                                                  build/main.o
HAL_InitTick                                      build/stm32f1xx_hal.o
                                                  build/stm32f1xx_hal_rcc.o
HAL_LIN_Init                                      build/stm32f1xx_hal_uart.o
HAL_LIN_SendBreak                                 build/stm32f1xx_hal_uart.o
HAL_MspDeInit                                     build/stm32f1xx_hal.o
HAL_MspInit                                       build/stm32f1xx_hal_msp.o
HAL_MultiProcessor_EnterMuteMode                  build/stm32f1xx_hal_uart.o
HAL_MultiProcessor_ExitMuteMode                   build/stm32f1xx_hal_uart.o
HAL_MultiProcessor_Init                           build/stm32f1xx_hal_uart.o
HAL_NVIC_ClearPendingIRQ                          build/stm32f1xx_hal_cortex.o
HAL_NVIC_DisableIRQ                               build/stm32f1xx_hal_cortex.o
                                                  build/usart.o
                                                  build/tim.o
HAL_NVIC_EnableIRQ                                build/stm32f1xx_hal_cortex.o
                                                  build/dma.o
                                                  build/usart.o
                                                  build/tim.o
                                                  build/main.o
HAL_NVIC_GetActive                                build/stm32f1xx_hal_cortex.o
HAL_NVIC_GetPendingIRQ                            build/stm32f1xx_hal_cortex.o
HAL_NVIC_GetPriority                              build/stm32f1xx_hal_cortex.o
HAL_NVIC_GetPriorityGrouping                      build/stm32f1xx_hal_cortex.o
HAL_NVIC_SetPendingIRQ                            build/stm32f1xx_hal_cortex.o
HAL_NVIC_SetPriority                              build/stm32f1xx_hal_cortex.o
                                                  build/dma.o
                                                  build/usart.o
                                                  build/tim.o
                                                  build/stm32f1xx_hal.o
                                                  build/main.o
HAL_NVIC_SetPriorityGrouping                      build/stm32f1xx_hal_cortex.o
                                                  build/stm32f1xx_hal.o
HAL_NVIC_SystemReset                              build/stm32f1xx_hal_cortex.o
                                                  build/stm32f1xx_hal_flash.o
HAL_PWR_ConfigPVD                                 build/stm32f1xx_hal_pwr.o
HAL_PWR_DeInit                                    build/stm32f1xx_hal_pwr.o
HAL_PWR_DisableBkUpAccess                         build/stm32f1xx_hal_pwr.o
HAL_PWR_DisablePVD                                build/stm32f1xx_hal_pwr.o
HAL_PWR_DisableSEVOnPend                          build/stm32f1xx_hal_pwr.o
HAL_PWR_DisableSleepOnExit                        build/stm32f1xx_hal_pwr.o
HAL_PWR_DisableWakeUpPin                          build/stm32f1xx_hal_pwr.o
HAL_PWR_EnableBkUpAccess                          build/stm32f1xx_hal_pwr.o
HAL_PWR_EnablePVD                                 build/stm32f1xx_hal_pwr.o
HAL_PWR_EnableSEVOnPend                           build/stm32f1xx_hal_pwr.o
HAL_PWR_EnableSleepOnExit                         build/stm32f1xx_hal_pwr.o
HAL_PWR_EnableWakeUpPin                           build/stm32f1xx_hal_pwr.o
HAL_PWR_EnterSLEEPMode                            build/stm32f1xx_hal_pwr.o
HAL_PWR_EnterSTANDBYMode                          build/stm32f1xx_hal_pwr.o
HAL_PWR_EnterSTOPMode                             build/stm32f1xx_hal_pwr.o
HAL_PWR_PVDCallback                               build/stm32f1xx_hal_pwr.o
HAL_PWR_PVD_IRQHandler                            build/stm32f1xx_hal_pwr.o
HAL_RCCEx_GetPeriphCLKConfig                      build/stm32f1xx_hal_rcc_ex.o
HAL_RCCEx_GetPeriphCLKFreq                        build/stm32f1xx_hal_rcc_ex.o
HAL_RCCEx_PeriphCLKConfig                         build/stm32f1xx_hal_rcc_ex.o
HAL_RCC_CSSCallback                               build/stm32f1xx_hal_rcc.o
HAL_RCC_ClockConfig                               build/stm32f1xx_hal_rcc.o
                                                  build/main.o
HAL_RCC_DeInit                                    build/stm32f1xx_hal_rcc.o
HAL_RCC_DisableCSS                                build/stm32f1xx_hal_rcc.o
HAL_RCC_EnableCSS                                 build/stm32f1xx_hal_rcc.o
HAL_RCC_GetClockConfig                            build/stm32f1xx_hal_rcc.o
HAL_RCC_GetHCLKFreq                               build/stm32f1xx_hal_rcc.o
HAL_RCC_GetOscConfig                              build/stm32f1xx_hal_rcc.o
HAL_RCC_GetPCLK1Freq                              build/stm32f1xx_hal_rcc.o
                                                  build/stm32f1xx_hal_uart.o
HAL_RCC_GetPCLK2Freq                              build/stm32f1xx_hal_rcc.o
                                                  build/stm32f1xx_hal_uart.o
                                                  build/stm32f1xx_hal_rcc_ex.o
HAL_RCC_GetSysClockFreq                           build/stm32f1xx_hal_rcc.o
                                                  build/stm32f1xx_hal_rcc_ex.o
HAL_RCC_MCOConfig                                 build/stm32f1xx_hal_rcc.o
HAL_RCC_NMI_IRQHandler                            build/stm32f1xx_hal_rcc.o
HAL_RCC_OscConfig                                 build/stm32f1xx_hal_rcc.o
                                                  build/main.o
HAL_ResumeTick                                    build/stm32f1xx_hal.o
HAL_SYSTICK_CLKSourceConfig                       build/stm32f1xx_hal_cortex.o
HAL_SYSTICK_Callback                              build/stm32f1xx_hal_cortex.o
HAL_SYSTICK_Config                                build/stm32f1xx_hal_cortex.o
                                                  build/stm32f1xx_hal.o
HAL_SYSTICK_IRQHandler                            build/stm32f1xx_hal_cortex.o
HAL_SetTickFreq                                   build/stm32f1xx_hal.o
HAL_SuspendTick                                   build/stm32f1xx_hal.o
HAL_TIMEx_BreakCallback                           build/stm32f1xx_hal_tim_ex.o
                                                  build/stm32f1xx_hal_tim.o
HAL_TIMEx_CommutCallback                          build/stm32f1xx_hal_tim_ex.o
                                                  build/stm32f1xx_hal_tim.o
HAL_TIMEx_CommutHalfCpltCallback                  build/stm32f1xx_hal_tim_ex.o
HAL_TIMEx_ConfigBreakDeadTime                     build/stm32f1xx_hal_tim_ex.o
HAL_TIMEx_ConfigCommutEvent                       build/stm32f1xx_hal_tim_ex.o
HAL_TIMEx_ConfigCommutEvent_DMA                   build/stm32f1xx_hal_tim_ex.o
HAL_TIMEx_ConfigCommutEvent_IT                    build/stm32f1xx_hal_tim_ex.o
HAL_TIMEx_GetChannelNState                        build/stm32f1xx_hal_tim_ex.o
HAL_TIMEx_HallSensor_DeInit                       build/stm32f1xx_hal_tim_ex.o
HAL_TIMEx_HallSensor_GetState                     build/stm32f1xx_hal_tim_ex.o
HAL_TIMEx_HallSensor_Init                         build/stm32f1xx_hal_tim_ex.o
HAL_TIMEx_HallSensor_MspDeInit                    build/stm32f1xx_hal_tim_ex.o
HAL_TIMEx_HallSensor_MspInit                      build/stm32f1xx_hal_tim_ex.o
HAL_TIMEx_HallSensor_Start                        build/stm32f1xx_hal_tim_ex.o
HAL_TIMEx_HallSensor_Start_DMA                    build/stm32f1xx_hal_tim_ex.o
HAL_TIMEx_HallSensor_Start_IT                     build/stm32f1xx_hal_tim_ex.o
HAL_TIMEx_HallSensor_Stop                         build/stm32f1xx_hal_tim_ex.o
HAL_TIMEx_HallSensor_Stop_DMA                     build/stm32f1xx_hal_tim_ex.o
HAL_TIMEx_HallSensor_Stop_IT                      build/stm32f1xx_hal_tim_ex.o