Archive member included to satisfy reference by file (symbol)

/usr/lib/gcc/arm-none-eabi/9.2.1/../../../arm-none-eabi/lib/thumb/v7-m/nofp/libc_nano.a(lib_a-atexit.o)
                              /usr/lib/gcc/arm-none-eabi/9.2.1/../../../arm-none-eabi/lib/thumb/v7-m/nofp/crt0.o (atexit)
/usr/lib/gcc/arm-none-eabi/9.2.1/../../../arm-none-eabi/lib/thumb/v7-m/nofp/libc_nano.a(lib_a-atoi.o)
                              build/main.o (atoi)
/usr/lib/gcc/arm-none-eabi/9.2.1/../../../arm-none-eabi/lib/thumb/v7-m/nofp/libc_nano.a(lib_a-errno.o)
                              build/sysmem.o (__errno)
/usr/lib/gcc/arm-none-eabi/9.2.1/../../../arm-none-eabi/lib/thumb/v7-m/nofp/libc_nano.a(lib_a-exit.o)
                              /usr/lib/gcc/arm-none-eabi/9.2.1/../../../arm-none-eabi/lib/thumb/v7-m/nofp/crt0.o (exit)
/usr/lib/gcc/arm-none-eabi/9.2.1/../../../arm-none-eabi/lib/thumb/v7-m/nofp/libc_nano.a(lib_a-fini.o)
                              /usr/lib/gcc/arm-none-eabi/9.2.1/../../../arm-none-eabi/lib/thumb/v7-m/nofp/crt0.o (__libc_fini_array)
/usr/lib/gcc/arm-none-eabi/9.2.1/../../../arm-none-eabi/lib/thumb/v7-m/nofp/libc_nano.a(lib_a-impure.o)
                              /usr/lib/gcc/arm-none-eabi/9.2.1/../../../arm-none-eabi/lib/thumb/v7-m/nofp/libc_nano.a(lib_a-exit.o) (_global_impure_ptr)
/usr/lib/gcc/arm-none-eabi/9.2.1/../../../arm-none-eabi/lib/thumb/v7-m/nofp/libc_nano.a(lib_a-init.o)
                              /usr/lib/gcc/arm-none-eabi/9.2.1/../../../arm-none-eabi/lib/thumb/v7-m/nofp/crt0.o (__libc_init_array)
/usr/lib/gcc/arm-none-eabi/9.2.1/../../../arm-none-eabi/lib/thumb/v7-m/nofp/libc_nano.a(lib_a-memset.o)
                              /usr/lib/gcc/arm-none-eabi/9.2.1/../../../arm-none-eabi/lib/thumb/v7-m/nofp/crt0.o (memset)
/usr/lib/gcc/arm-none-eabi/9.2.1/../../../arm-none-eabi/lib/thumb/v7-m/nofp/libc_nano.a(lib_a-sprintf.o)
                              build/main.o (sprintf)
/usr/lib/gcc/arm-none-eabi/9.2.1/../../../arm-none-eabi/lib/thumb/v7-m/nofp/libc_nano.a(lib_a-strlen-stub.o)
                              build/main.o (strlen)
/usr/lib/gcc/arm-none-eabi/9.2.1/../../../arm-none-eabi/lib/thumb/v7-m/nofp/libc_nano.a(lib_a-strncat.o)
                              build/main.o (strncat)
/usr/lib/gcc/arm-none-eabi/9.2.1/../../../arm-none-eabi/lib/thumb/v7-m/nofp/libc_nano.a(lib_a-strncmp.o)
                              build/main.o (strncmp)
/usr/lib/gcc/arm-none-eabi/9.2.1/../../../arm-none-eabi/lib/thumb/v7-m/nofp/libc_nano.a(lib_a-strncpy.o)
                              build/main.o (strncpy)
/usr/lib/gcc/arm-none-eabi/9.2.1/../../../arm-none-eabi/lib/thumb/v7-m/nofp/libc_nano.a(lib_a-strtok.o)
                              build/main.o (strtok)
/usr/lib/gcc/arm-none-eabi/9.2.1/../../../arm-none-eabi/lib/thumb/v7-m/nofp/libc_nano.a(lib_a-strtok_r.o)
                              /usr/lib/gcc/arm-none-eabi/9.2.1/../../../arm-none-eabi/lib/thumb/v7-m/nofp/libc_nano.a(lib_a-strtok.o) (__strtok_r)
/usr/lib/gcc/arm-none-eabi/9.2.1/../../../arm-none-eabi/lib/thumb/v7-m/nofp/libc_nano.a(lib_a-strtol.o)
                              /usr/lib/gcc/arm-none-eabi/9.2.1/../../../arm-none-eabi/lib/thumb/v7-m/nofp/libc_nano.a(lib_a-atoi.o) (_strtol_r)
/usr/lib/gcc/arm-none-eabi/9.2.1/../../../arm-none-eabi/lib/thumb/v7-m/nofp/libc_nano.a(lib_a-__atexit.o)
                              /usr/lib/gcc/arm-none-eabi/9.2.1/../../../arm-none-eabi/lib/thumb/v7-m/nofp/libc_nano.a(lib_a-atexit.o) (__register_exitproc)
/usr/lib/gcc/arm-none-eabi/9.2.1/../../../arm-none-eabi/lib/thumb/v7-m/nofp/libc_nano.a(lib_a-__call_atexit.o)
                              /usr/lib/gcc/arm-none-eabi/9.2.1/../../../arm-none-eabi/lib/thumb/v7-m/nofp/libc_nano.a(lib_a-__atexit.o) (__call_exitprocs)
/usr/lib/gcc/arm-none-eabi/9.2.1/../../../arm-none-eabi/lib/thumb/v7-m/nofp/libc_nano.a(lib_a-assert.o)
                              /usr/lib/gcc/arm-none-eabi/9.2.1/../../../arm-none-eabi/lib/thumb/v7-m/nofp/libc_nano.a(lib_a-strtok.o) (__assert_func)
/usr/lib/gcc/arm-none-eabi/9.2.1/../../../arm-none-eabi/lib/thumb/v7-m/nofp/libc_nano.a(lib_a-ctype_.o)
                              /usr/lib/gcc/arm-none-eabi/9.2.1/../../../arm-none-eabi/lib/thumb/v7-m/nofp/libc_nano.a(lib_a-strtol.o) (_ctype_)
/usr/lib/gcc/arm-none-eabi/9.2.1/../../../arm-none-eabi/lib/thumb/v7-m/nofp/libc_nano.a(lib_a-fprintf.o)
                              /usr/lib/gcc/arm-none-eabi/9.2.1/../../../arm-none-eabi/lib/thumb/v7-m/nofp/libc_nano.a(lib_a-assert.o) (fiprintf)
/usr/lib/gcc/arm-none-eabi/9.2.1/../../../arm-none-eabi/lib/thumb/v7-m/nofp/libc_nano.a(lib_a-malloc.o)
                              /usr/lib/gcc/arm-none-eabi/9.2.1/../../../arm-none-eabi/lib/thumb/v7-m/nofp/libc_nano.a(lib_a-strtok.o) (malloc)
/usr/lib/gcc/arm-none-eabi/9.2.1/../../../arm-none-eabi/lib/thumb/v7-m/nofp/libc_nano.a(lib_a-nano-freer.o)
[...]
Memory Configuration

Name             Origin             Length             Attributes
RAM              0x0000000020000000 0x000000000000c000 xrw
FLASH            0x0000000008000000 0x0000000000040000 xr
*default*        0x0000000000000000 0xffffffffffffffff

Linker script and memory map

LOAD /usr/lib/gcc/arm-none-eabi/9.2.1/thumb/v7-m/nofp/crti.o
LOAD /usr/lib/gcc/arm-none-eabi/9.2.1/thumb/v7-m/nofp/crtbegin.o
LOAD /usr/lib/gcc/arm-none-eabi/9.2.1/../../../arm-none-eabi/lib/thumb/v7-m/nofp/crt0.o
LOAD build/main.o
LOAD build/gpio.o
LOAD build/stm32f1xx_it.o
LOAD build/stm32f1xx_hal_msp.o
LOAD build/stm32f1xx_hal_gpio_ex.o
LOAD build/stm32f1xx_hal_tim.o
LOAD build/stm32f1xx_hal_tim_ex.o
LOAD build/stm32f1xx_hal.o
LOAD build/stm32f1xx_hal_rcc.o
LOAD build/stm32f1xx_hal_rcc_ex.o
LOAD build/stm32f1xx_hal_gpio.o
LOAD build/stm32f1xx_hal_dma.o
LOAD build/stm32f1xx_hal_cortex.o
LOAD build/stm32f1xx_hal_pwr.o
LOAD build/stm32f1xx_hal_flash.o
LOAD build/stm32f1xx_hal_flash_ex.o
LOAD build/stm32f1xx_hal_exti.o
LOAD build/system_stm32f1xx.o
LOAD build/sysmem.o
LOAD build/syscalls.o
LOAD build/tim.o
LOAD build/usart.o
LOAD build/stm32f1xx_hal_uart.o
LOAD build/dma.o
LOAD build/startup_stm32f103xe.o
LOAD /usr/lib/gcc/arm-none-eabi/9.2.1/../../../arm-none-eabi/lib/thumb/v7-m/nofp/libc_nano.a
LOAD /usr/lib/gcc/arm-none-eabi/9.2.1/../../../arm-none-eabi/lib/thumb/v7-m/nofp/libm.a
LOAD /usr/lib/gcc/arm-none-eabi/9.2.1/../../../arm-none-eabi/lib/thumb/v7-m/nofp/libnosys.a
START GROUP
LOAD /usr/lib/gcc/arm-none-eabi/9.2.1/thumb/v7-m/nofp/libgcc.a
LOAD /usr/lib/gcc/arm-none-eabi/9.2.1/../../../arm-none-eabi/lib/thumb/v7-m/nofp/libc_nano.a
END GROUP
START GROUP
LOAD /usr/lib/gcc/arm-none-eabi/9.2.1/thumb/v7-m/nofp/libgcc.a
LOAD /usr/lib/gcc/arm-none-eabi/9.2.1/../../../arm-none-eabi/lib/thumb/v7-m/nofp/libc_nano.a
END GROUP
LOAD /usr/lib/gcc/arm-none-eabi/9.2.1/thumb/v7-m/nofp/crtend.o
LOAD /usr/lib/gcc/arm-none-eabi/9.2.1/thumb/v7-m/nofp/crtn.o
                0x000000002000c000                _estack = (ORIGIN (RAM) + LENGTH (RAM))
                0x0000000000000200                _Min_Heap_Size = 0x200
                0x0000000000000400                _Min_Stack_Size = 0x400

.isr_vector     0x0000000008000000      0x1e4
                0x0000000008000000                . = ALIGN (0x4)
 *(.isr_vector)
 .isr_vector    0x0000000008000000      0x1e4 build/startup_stm32f103xe.o
                0x0000000008000000                g_pfnVectors
                0x00000000080001e4                . = ALIGN (0x4)

.text           0x00000000080001e4     0x50a8
                0x00000000080001e4                . = ALIGN (0x4)
 *(.text)
 .text          0x00000000080001e4       0x88 /usr/lib/gcc/arm-none-eabi/9.2.1/thumb/v7-m/nofp/crtbegin.o
 .text          0x000000000800026c       0x10 /usr/lib/gcc/arm-none-eabi/9.2.1/../../../arm-none-eabi/lib/thumb/v7-m/nofp/libc_nano.a(lib_a-atoi.o)
                0x000000000800026c                atoi
                0x0000000008000274                _atoi_r
 .text          0x000000000800027c        0xc /usr/lib/gcc/arm-none-eabi/9.2.1/../../../arm-none-eabi/lib/thumb/v7-m/nofp/libc_nano.a(lib_a-errno.o)
                0x000000000800027c                __errno
 .text          0x0000000008000288       0x48 /usr/lib/gcc/arm-none-eabi/9.2.1/../../../arm-none-eabi/lib/thumb/v7-m/nofp/libc_nano.a(lib_a-init.o)
                0x0000000008000288                __libc_init_array
 .text          0x00000000080002d0       0xa0 /usr/lib/gcc/arm-none-eabi/9.2.1/../../../arm-none-eabi/lib/thumb/v7-m/nofp/libc_nano.a(lib_a-memset.o)
                0x00000000080002d0                memset
 .text          0x0000000008000370       0x80 /usr/lib/gcc/arm-none-eabi/9.2.1/../../../arm-none-eabi/lib/thumb/v7-m/nofp/libc_nano.a(lib_a-sprintf.o)
                0x0000000008000370                _siprintf_r
                0x0000000008000370                _sprintf_r
                0x00000000080003ac                sprintf
                0x00000000080003ac                siprintf
 .text          0x00000000080003f0       0x5c /usr/lib/gcc/arm-none-eabi/9.2.1/../../../arm-none-eabi/lib/thumb/v7-m/nofp/libc_nano.a(lib_a-strlen-stub.o)
                0x00000000080003f0                strlen
 .text          0x000000000800044c       0x5c /usr/lib/gcc/arm-none-eabi/9.2.1/../../../arm-none-eabi/lib/thumb/v7-m/nofp/libc_nano.a(lib_a-strncat.o)
                0x000000000800044c                strncat
 .text          0x00000000080004a8       0xa0 /usr/lib/gcc/arm-none-eabi/9.2.1/../../../arm-none-eabi/lib/thumb/v7-m/nofp/libc_nano.a(lib_a-strncmp.o)
                0x00000000080004a8                strncmp
 .text          0x0000000008000548       0x74 /usr/lib/gcc/arm-none-eabi/9.2.1/../../../arm-none-eabi/lib/thumb/v7-m/nofp/libc_nano.a(lib_a-strncpy.o)
                0x0000000008000548                strncpy
 .text          0x00000000080005bc       0x6c /usr/lib/gcc/arm-none-eabi/9.2.1/../../../arm-none-eabi/lib/thumb/v7-m/nofp/libc_nano.a(lib_a-strtok.o)
                0x00000000080005bc                strtok
 .text          0x0000000008000628       0x70 /usr/lib/gcc/arm-none-eabi/9.2.1/../../../arm-none-eabi/lib/thumb/v7-m/nofp/libc_nano.a(lib_a-strtok_r.o)
                0x0000000008000628                __strtok_r
                0x0000000008000690                strtok_r
 .text          0x0000000008000698      0x164 /usr/lib/gcc/arm-none-eabi/9.2.1/../../../arm-none-eabi/lib/thumb/v7-m/nofp/libc_nano.a(lib_a-strtol.o)
                0x00000000080007d0                _strtol_r
                0x00000000080007d4                strtol_l
                0x00000000080007e8                strtol
 .text          0x00000000080007fc       0x48 /usr/lib/gcc/arm-none-eabi/9.2.1/../../../arm-none-eabi/lib/thumb/v7-m/nofp/libc_nano.a(lib_a-assert.o)
                0x00000000080007fc                __assert_func
                0x0000000008000838                __assert
 .text          0x0000000008000844       0x48 /usr/lib/gcc/arm-none-eabi/9.2.1/../../../arm-none-eabi/lib/thumb/v7-m/nofp/libc_nano.a(lib_a-fprintf.o)
                0x0000000008000844                _fprintf_r
                0x0000000008000844                _fiprintf_r
                0x0000000008000864                fprintf
                0x0000000008000864                fiprintf
 .text          0x000000000800088c       0x20 /usr/lib/gcc/arm-none-eabi/9.2.1/../../../arm-none-eabi/lib/thumb/v7-m/nofp/libc_nano.a(lib_a-malloc.o)
                0x000000000800088c                malloc
                0x000000000800089c                free
 .text          0x00000000080008ac       0xa8 /usr/lib/gcc/arm-none-eabi/9.2.1/../../../arm-none-eabi/lib/thumb/v7-m/nofp/libc_nano.a(lib_a-nano-freer.o)
                0x00000000080008ac                _free_r
 .text          0x0000000008000954       0xc8 /usr/lib/gcc/arm-none-eabi/9.2.1/../../../arm-none-eabi/lib/thumb/v7-m/nofp/libc_nano.a(lib_a-nano-mallocr.o)
                0x0000000008000954                _malloc_r
 .text          0x0000000008000a1c      0x434 /usr/lib/gcc/arm-none-eabi/9.2.1/../../../arm-none-eabi/lib/thumb/v7-m/nofp/libc_nano.a(lib_a-nano-svfprintf.o)
                0x0000000008000a1c                __ssputs_r
                0x0000000008000ae0                __ssprint_r
                0x0000000008000bd8                _svfprintf_r
                0x0000000008000bd8                _svfiprintf_r
 .text          0x0000000008000e50      0x364 /usr/lib/gcc/arm-none-eabi/9.2.1/../../../arm-none-eabi/lib/thumb/v7-m/nofp/libc_nano.a(lib_a-nano-vfprintf.o)
                0x0000000008000e88                __sfputs_r
                0x0000000008000eb8                __sprint_r
                0x0000000008000ed4                _vfiprintf_r
                0x0000000008000ed4                _vfprintf_r
                0x000000000800119c                vfiprintf
                0x000000000800119c                vfprintf
 .text          0x00000000080011b4      0x3bc /usr/lib/gcc/arm-none-eabi/9.2.1/../../../arm-none-eabi/lib/thumb/v7-m/nofp/libc_nano.a(lib_a-nano-vfprintf_i.o)
                0x00000000080011b4                _printf_common
                0x00000000080012dc                _printf_i
 .text          0x0000000008001570       0x24 /usr/lib/gcc/arm-none-eabi/9.2.1/../../../arm-none-eabi/lib/thumb/v7-m/nofp/libc_nano.a(lib_a-sbrkr.o)
                0x0000000008001570                _sbrk_r
 .text          0x0000000008001594       0xc0 /usr/lib/gcc/arm-none-eabi/9.2.1/../../../arm-none-eabi/lib/thumb/v7-m/nofp/libc_nano.a(lib_a-wbuf.o)
                0x0000000008001594                __swbuf_r
                0x0000000008001644                __swbuf
 .text          0x0000000008001654      0x100 /usr/lib/gcc/arm-none-eabi/9.2.1/../../../arm-none-eabi/lib/thumb/v7-m/nofp/libc_nano.a(lib_a-wsetup.o)
                0x0000000008001654                __swsetup_r
 .text          0x0000000008001754       0x10 /usr/lib/gcc/arm-none-eabi/9.2.1/../../../arm-none-eabi/lib/thumb/v7-m/nofp/libc_nano.a(lib_a-abort.o)
                0x0000000008001754                abort
 .text          0x0000000008001764      0x1b0 /usr/lib/gcc/arm-none-eabi/9.2.1/../../../arm-none-eabi/lib/thumb/v7-m/nofp/libc_nano.a(lib_a-fflush.o)
                0x0000000008001764                __sflush_r
                0x0000000008001890                _fflush_r
                0x00000000080018f0                fflush
 .text          0x0000000008001914      0x210 /usr/lib/gcc/arm-none-eabi/9.2.1/../../../arm-none-eabi/lib/thumb/v7-m/nofp/libc_nano.a(lib_a-findfp.o)
                0x0000000008001918                _cleanup_r
                0x0000000008001928                __sfmoreglue
                0x0000000008001958                __sfp
                0x0000000008001ad0                _cleanup
                0x0000000008001ae4                __sinit
                0x0000000008001aec                __sfp_lock_acquire
                0x0000000008001af0                __sfp_lock_release
                0x0000000008001af4                __sinit_lock_acquire
                0x0000000008001af8                __sinit_lock_release
                0x0000000008001afc                __fp_lock_all
                0x0000000008001b10                __fp_unlock_all
 .text          0x0000000008001b24      0x300 /usr/lib/gcc/arm-none-eabi/9.2.1/../../../arm-none-eabi/lib/thumb/v7-m/nofp/libc_nano.a(lib_a-fvwrite.o)
                0x0000000008001b24                __sfvwrite_r
 .text          0x0000000008001e24       0x98 /usr/lib/gcc/arm-none-eabi/9.2.1/../../../arm-none-eabi/lib/thumb/v7-m/nofp/libc_nano.a(lib_a-fwalk.o)
                0x0000000008001e24                _fwalk
                0x0000000008001e6c                _fwalk_reent
 .text          0x0000000008001ebc       0xf0 /usr/lib/gcc/arm-none-eabi/9.2.1/../../../arm-none-eabi/lib/thumb/v7-m/nofp/libc_nano.a(lib_a-makebuf.o)
                0x0000000008001ebc                __swhatbuf_r
                0x0000000008001f18                __smakebuf_r
 .text          0x0000000008001fac       0x8c /usr/lib/gcc/arm-none-eabi/9.2.1/../../../arm-none-eabi/lib/thumb/v7-m/nofp/libc_nano.a(lib_a-memchr-stub.o)
                0x0000000008001fac                memchr
 .text          0x0000000008002038       0xec /usr/lib/gcc/arm-none-eabi/9.2.1/../../../arm-none-eabi/lib/thumb/v7-m/nofp/libc_nano.a(lib_a-memcpy.o)
                0x0000000008002038                memcpy
 .text          0x0000000008002124       0xcc /usr/lib/gcc/arm-none-eabi/9.2.1/../../../arm-none-eabi/lib/thumb/v7-m/nofp/libc_nano.a(lib_a-memmove.o)
                0x0000000008002124                memmove
 .text          0x00000000080021f0        0x8 /usr/lib/gcc/arm-none-eabi/9.2.1/../../../arm-none-eabi/lib/thumb/v7-m/nofp/libc_nano.a(lib_a-mlock.o)
                0x00000000080021f0                __malloc_lock
                0x00000000080021f4                __malloc_unlock
 .text          0x00000000080021f8       0x4c /usr/lib/gcc/arm-none-eabi/9.2.1/../../../arm-none-eabi/lib/thumb/v7-m/nofp/libc_nano.a(lib_a-nano-reallocr.o)
                0x00000000080021f8                _realloc_r
 .text          0x0000000008002244      0x150 /usr/lib/gcc/arm-none-eabi/9.2.1/../../../arm-none-eabi/lib/thumb/v7-m/nofp/libc_nano.a(lib_a-signal.o)
                0x000000000800226c                _init_signal_r
                0x0000000008002278                _signal_r
                0x00000000080022ac                _raise_r
                0x0000000008002300                __sigtramp_r
                0x0000000008002350                raise
                0x0000000008002360                signal
                0x0000000008002370                _init_signal
                0x0000000008002384                __sigtramp
 .text          0x0000000008002394       0x2c /usr/lib/gcc/arm-none-eabi/9.2.1/../../../arm-none-eabi/lib/thumb/v7-m/nofp/libc_nano.a(lib_a-signalr.o)
                0x0000000008002394                _kill_r
                0x00000000080023bc                _getpid_r
 .text          0x00000000080023c0       0x90 /usr/lib/gcc/arm-none-eabi/9.2.1/../../../arm-none-eabi/lib/thumb/v7-m/nofp/libc_nano.a(lib_a-stdio.o)
                0x00000000080023c0                __sread
                0x00000000080023e4                __seofread
                0x00000000080023e8                __swrite
                0x0000000008002428                __sseek
                0x0000000008002448                __sclose
 .text          0x0000000008002450       0x2c /usr/lib/gcc/arm-none-eabi/9.2.1/../../../arm-none-eabi/lib/thumb/v7-m/nofp/libc_nano.a(lib_a-writer.o)
                0x0000000008002450                _write_r
 .text          0x000000000800247c       0x24 /usr/lib/gcc/arm-none-eabi/9.2.1/../../../arm-none-eabi/lib/thumb/v7-m/nofp/libc_nano.a(lib_a-closer.o)
                0x000000000800247c                _close_r
 .text          0x00000000080024a0       0x28 /usr/lib/gcc/arm-none-eabi/9.2.1/../../../arm-none-eabi/lib/thumb/v7-m/nofp/libc_nano.a(lib_a-fstatr.o)
                0x00000000080024a0                _fstat_r
 .text          0x00000000080024c8       0x24 /usr/lib/gcc/arm-none-eabi/9.2.1/../../../arm-none-eabi/lib/thumb/v7-m/nofp/libc_nano.a(lib_a-isattyr.o)
                0x00000000080024c8                _isatty_r
 .text          0x00000000080024ec       0x2c /usr/lib/gcc/arm-none-eabi/9.2.1/../../../arm-none-eabi/lib/thumb/v7-m/nofp/libc_nano.a(lib_a-lseekr.o)
                0x00000000080024ec                _lseek_r
 .text          0x0000000008002518       0x10 /usr/lib/gcc/arm-none-eabi/9.2.1/../../../arm-none-eabi/lib/thumb/v7-m/nofp/libc_nano.a(lib_a-nano-msizer.o)
                0x0000000008002518                _malloc_usable_size_r
 .text          0x0000000008002528       0x2c /usr/lib/gcc/arm-none-eabi/9.2.1/../../../arm-none-eabi/lib/thumb/v7-m/nofp/libc_nano.a(lib_a-readr.o)
                0x0000000008002528                _read_r
 *(.text*)
 .text.Error_Handler_Custom
                0x0000000008002554       0x4c build/main.o
                0x0000000008002554                Error_Handler_Custom
 .text.DWT_Init
                0x00000000080025a0       0x2c build/main.o
                0x00000000080025a0                DWT_Init
 .text.DWT_Delay
                0x00000000080025cc       0x2c build/main.o
                0x00000000080025cc                DWT_Delay
 .text.nmea_checksum
                0x00000000080025f8       0x1e build/main.o
                0x00000000080025f8                nmea_checksum
 *fill*         0x0000000008002616        0x2 
 .text.GPRMC_Generator
                0x0000000008002618      0x114 build/main.o
                0x0000000008002618                GPRMC_Generator
 .text.TIM2_IRQHandler
                0x000000000800272c       0x5c build/main.o
                0x000000000800272c                TIM2_IRQHandler
 .text.HAL_TIM_PeriodElapsedCallback
                0x0000000008002788       0x74 build/main.o
                0x0000000008002788                HAL_TIM_PeriodElapsedCallback
 .text.HAL_UART_TxCpltCallback
                0x00000000080027fc       0x20 build/main.o
                0x00000000080027fc                HAL_UART_TxCpltCallback
 .text.ProcessReceivedData
                0x000000000800281c      0x26c build/main.o
                0x000000000800281c                ProcessReceivedData
 .text.HAL_UART_RxCpltCallback
                0x0000000008002a88       0x2c build/main.o
                0x0000000008002a88                HAL_UART_RxCpltCallback
 .text.Error_Handler
                0x0000000008002ab4        0x6 build/main.o
                0x0000000008002ab4                Error_Handler
 *fill*         0x0000000008002aba        0x2 
 .text.TIM4_IRQHandler
                0x0000000008002abc       0xa0 build/main.o
                0x0000000008002abc                TIM4_IRQHandler
 .text.SystemClock_Config
                0x0000000008002b5c       0x62 build/main.o
                0x0000000008002b5c                SystemClock_Config
 *fill*         0x0000000008002bbe        0x2 
 .text.main     0x0000000008002bc0      0x198 build/main.o
                0x0000000008002bc0                main
 .text.MX_GPIO_Init
                0x0000000008002d58       0xcc build/gpio.o
                0x0000000008002d58                MX_GPIO_Init
 .text.NMI_Handler
                0x0000000008002e24        0x2 build/stm32f1xx_it.o
                0x0000000008002e24                NMI_Handler
 .text.HardFault_Handler
                0x0000000008002e26        0x2 build/stm32f1xx_it.o
                0x0000000008002e26                HardFault_Handler
 .text.MemManage_Handler
                0x0000000008002e28        0x2 build/stm32f1xx_it.o
                0x0000000008002e28                MemManage_Handler
 .text.BusFault_Handler
                0x0000000008002e2a        0x2 build/stm32f1xx_it.o
                0x0000000008002e2a                BusFault_Handler
 .text.UsageFault_Handler
                0x0000000008002e2c        0x2 build/stm32f1xx_it.o
                0x0000000008002e2c                UsageFault_Handler
 .text.SVC_Handler
                0x0000000008002e2e        0x2 build/stm32f1xx_it.o
                0x0000000008002e2e                SVC_Handler
 .text.DebugMon_Handler
                0x0000000008002e30        0x2 build/stm32f1xx_it.o
                0x0000000008002e30                DebugMon_Handler
 .text.PendSV_Handler
                0x0000000008002e32        0x2 build/stm32f1xx_it.o
                0x0000000008002e32                PendSV_Handler
 .text.SysTick_Handler
                0x0000000008002e34        0x8 build/stm32f1xx_it.o
                0x0000000008002e34                SysTick_Handler
 .text.DMA1_Channel2_IRQHandler
                0x0000000008002e3c       0x10 build/stm32f1xx_it.o
                0x0000000008002e3c                DMA1_Channel2_IRQHandler
 .text.DMA1_Channel4_IRQHandler
                0x0000000008002e4c       0x10 build/stm32f1xx_it.o
                0x0000000008002e4c                DMA1_Channel4_IRQHandler
 .text.TIM3_IRQHandler
                0x0000000008002e5c       0x10 build/stm32f1xx_it.o
                0x0000000008002e5c                TIM3_IRQHandler
 .text.USART1_IRQHandler
                0x0000000008002e6c       0x10 build/stm32f1xx_it.o
                0x0000000008002e6c                USART1_IRQHandler
 .text.USART3_IRQHandler
                0x0000000008002e7c       0x10 build/stm32f1xx_it.o
                0x0000000008002e7c                USART3_IRQHandler
 .text.HAL_MspInit
                0x0000000008002e8c       0x44 build/stm32f1xx_hal_msp.o
                0x0000000008002e8c                HAL_MspInit
 .text.TIM_TI1_ConfigInputStage
                0x0000000008002ed0       0x24 build/stm32f1xx_hal_tim.o
 .text.TIM_TI2_ConfigInputStage
                0x0000000008002ef4       0x26 build/stm32f1xx_hal_tim.o
 .text.TIM_ITRx_SetConfig
                0x0000000008002f1a       0x10 build/stm32f1xx_hal_tim.o
 *fill*         0x0000000008002f2a        0x2 
 .text.HAL_TIM_Base_Start_IT
                0x0000000008002f2c       0x78 build/stm32f1xx_hal_tim.o
                0x0000000008002f2c                HAL_TIM_Base_Start_IT
 .text.HAL_TIM_OC_DelayElapsedCallback
                0x0000000008002fa4        0x2 build/stm32f1xx_hal_tim.o
                0x0000000008002fa4                HAL_TIM_OC_DelayElapsedCallback
 .text.HAL_TIM_IC_CaptureCallback
                0x0000000008002fa6        0x2 build/stm32f1xx_hal_tim.o
                0x0000000008002fa6                HAL_TIM_IC_CaptureCallback
 .text.HAL_TIM_PWM_PulseFinishedCallback
                0x0000000008002fa8        0x2 build/stm32f1xx_hal_tim.o
                0x0000000008002fa8                HAL_TIM_PWM_PulseFinishedCallback
 .text.HAL_TIM_TriggerCallback
                0x0000000008002faa        0x2 build/stm32f1xx_hal_tim.o
                0x0000000008002faa                HAL_TIM_TriggerCallback
 .text.HAL_TIM_IRQHandler
                0x0000000008002fac      0x17a build/stm32f1xx_hal_tim.o
                0x0000000008002fac                HAL_TIM_IRQHandler
 *fill*         0x0000000008003126        0x2 
 .text.TIM_Base_SetConfig
                0x0000000008003128       0x98 build/stm32f1xx_hal_tim.o
                0x0000000008003128                TIM_Base_SetConfig
 .text.HAL_TIM_Base_Init
                0x00000000080031c0       0x58 build/stm32f1xx_hal_tim.o
                0x00000000080031c0                HAL_TIM_Base_Init
 .text.TIM_ETR_SetConfig
                0x0000000008003218       0x16 build/stm32f1xx_hal_tim.o
                0x0000000008003218                TIM_ETR_SetConfig
 .text.HAL_TIM_ConfigClockSource
                0x000000000800322e       0xfe build/stm32f1xx_hal_tim.o
                0x000000000800322e                HAL_TIM_ConfigClockSource
 .text.TIM_SlaveTimer_SetConfig
                0x000000000800332c       0xb8 build/stm32f1xx_hal_tim.o
 .text.HAL_TIM_SlaveConfigSynchro
                0x00000000080033e4       0x52 build/stm32f1xx_hal_tim.o
                0x00000000080033e4                HAL_TIM_SlaveConfigSynchro
 *fill*         0x0000000008003436        0x2 
 .text.HAL_TIMEx_MasterConfigSynchronization
                0x0000000008003438       0x78 build/stm32f1xx_hal_tim_ex.o
                0x0000000008003438                HAL_TIMEx_MasterConfigSynchronization
 .text.HAL_TIMEx_CommutCallback
                0x00000000080034b0        0x2 build/stm32f1xx_hal_tim_ex.o
                0x00000000080034b0                HAL_TIMEx_CommutCallback
 .text.HAL_TIMEx_BreakCallback
                0x00000000080034b2        0x2 build/stm32f1xx_hal_tim_ex.o
                0x00000000080034b2                HAL_TIMEx_BreakCallback
 .text.HAL_InitTick
                0x00000000080034b4       0x4c build/stm32f1xx_hal.o
                0x00000000080034b4                HAL_InitTick
 .text.HAL_Init
                0x0000000008003500       0x24 build/stm32f1xx_hal.o
                0x0000000008003500                HAL_Init
 .text.HAL_IncTick
                0x0000000008003524       0x18 build/stm32f1xx_hal.o
                0x0000000008003524                HAL_IncTick
 .text.HAL_GetTick
                0x000000000800353c        0xc build/stm32f1xx_hal.o
                0x000000000800353c                HAL_GetTick
 .text.RCC_Delay
                0x0000000008003548       0x2c build/stm32f1xx_hal_rcc.o
 .text.HAL_RCC_OscConfig
                0x0000000008003574      0x410 build/stm32f1xx_hal_rcc.o
                0x0000000008003574                HAL_RCC_OscConfig
 .text.HAL_RCC_GetSysClockFreq
                0x0000000008003984       0x54 build/stm32f1xx_hal_rcc.o
                0x0000000008003984                HAL_RCC_GetSysClockFreq
 .text.HAL_RCC_ClockConfig
                0x00000000080039d8      0x16c build/stm32f1xx_hal_rcc.o
                0x00000000080039d8                HAL_RCC_ClockConfig
 .text.HAL_RCC_GetHCLKFreq
                0x0000000008003b44        0xc build/stm32f1xx_hal_rcc.o
                0x0000000008003b44                HAL_RCC_GetHCLKFreq
 .text.HAL_RCC_GetPCLK1Freq
                0x0000000008003b50       0x20 build/stm32f1xx_hal_rcc.o
                0x0000000008003b50                HAL_RCC_GetPCLK1Freq
 .text.HAL_RCC_GetPCLK2Freq
                0x0000000008003b70       0x20 build/stm32f1xx_hal_rcc.o
                0x0000000008003b70                HAL_RCC_GetPCLK2Freq
 .text.HAL_GPIO_Init
                0x0000000008003b90      0x238 build/stm32f1xx_hal_gpio.o
                0x0000000008003b90                HAL_GPIO_Init
 .text.HAL_GPIO_WritePin
                0x0000000008003dc8        0xc build/stm32f1xx_hal_gpio.o
                0x0000000008003dc8                HAL_GPIO_WritePin
 .text.HAL_GPIO_TogglePin
                0x0000000008003dd4       0x12 build/stm32f1xx_hal_gpio.o
                0x0000000008003dd4                HAL_GPIO_TogglePin
 .text.DMA_SetConfig
                0x0000000008003de6       0x2c build/stm32f1xx_hal_dma.o
 *fill*         0x0000000008003e12        0x2 
 .text.HAL_DMA_Init
                0x0000000008003e14       0x98 build/stm32f1xx_hal_dma.o
                0x0000000008003e14                HAL_DMA_Init
 .text.HAL_DMA_Start_IT
                0x0000000008003eac       0x76 build/stm32f1xx_hal_dma.o
                0x0000000008003eac                HAL_DMA_Start_IT
 .text.HAL_DMA_Abort
                0x0000000008003f22       0x46 build/stm32f1xx_hal_dma.o
                0x0000000008003f22                HAL_DMA_Abort
 .text.HAL_DMA_Abort_IT
                0x0000000008003f68      0x16c build/stm32f1xx_hal_dma.o
                0x0000000008003f68                HAL_DMA_Abort_IT
 .text.HAL_DMA_IRQHandler
                0x00000000080040d4      0x2ec build/stm32f1xx_hal_dma.o
                0x00000000080040d4                HAL_DMA_IRQHandler
 .text.HAL_NVIC_SetPriorityGrouping
                0x00000000080043c0       0x24 build/stm32f1xx_hal_cortex.o
                0x00000000080043c0                HAL_NVIC_SetPriorityGrouping
 .text.HAL_NVIC_SetPriority
                0x00000000080043e4       0x68 build/stm32f1xx_hal_cortex.o
                0x00000000080043e4                HAL_NVIC_SetPriority
 .text.HAL_NVIC_EnableIRQ
                0x000000000800444c       0x1c build/stm32f1xx_hal_cortex.o
                0x000000000800444c                HAL_NVIC_EnableIRQ
 .text.HAL_SYSTICK_Config
                0x0000000008004468       0x2c build/stm32f1xx_hal_cortex.o
                0x0000000008004468                HAL_SYSTICK_Config
 .text.SystemInit
                0x0000000008004494        0x2 build/system_stm32f1xx.o
                0x0000000008004494                SystemInit
 *fill*         0x0000000008004496        0x2 
 .text._sbrk    0x0000000008004498       0x48 build/sysmem.o
                0x0000000008004498                _sbrk
 .text._getpid  0x00000000080044e0        0x4 build/syscalls.o
                0x00000000080044e0                _getpid
 .text._kill    0x00000000080044e4       0x10 build/syscalls.o
                0x00000000080044e4                _kill
 .text._exit    0x00000000080044f4        0xc build/syscalls.o
                0x00000000080044f4                _exit
 .text._read    0x0000000008004500       0x20 build/syscalls.o
                0x0000000008004500                _read
 .text._write   0x0000000008004520       0x1c build/syscalls.o
                0x0000000008004520                _write
 .text._close   0x000000000800453c        0x6 build/syscalls.o
                0x000000000800453c                _close
 .text._fstat   0x0000000008004542        0xa build/syscalls.o
                0x0000000008004542                _fstat
 .text._isatty  0x000000000800454c        0x4 build/syscalls.o
                0x000000000800454c                _isatty
 .text._lseek   0x0000000008004550        0x4 build/syscalls.o
                0x0000000008004550                _lseek
 .text.MX_TIM2_Init
                0x0000000008004554       0xa4 build/tim.o
                0x0000000008004554                MX_TIM2_Init
 .text.MX_TIM3_Init
                0x00000000080045f8       0x80 build/tim.o
                0x00000000080045f8                MX_TIM3_Init
 .text.MX_TIM4_Init
                0x0000000008004678       0x80 build/tim.o
                0x0000000008004678                MX_TIM4_Init
 .text.HAL_TIM_Base_MspInit
                0x00000000080046f8       0xb0 build/tim.o
                0x00000000080046f8                HAL_TIM_Base_MspInit
 .text.MX_USART1_UART_Init
                0x00000000080047a8       0x44 build/usart.o
                0x00000000080047a8                MX_USART1_UART_Init
 .text.MX_USART3_UART_Init
                0x00000000080047ec       0x44 build/usart.o
                0x00000000080047ec                MX_USART3_UART_Init
 .text.HAL_UART_MspInit
                0x0000000008004830      0x178 build/usart.o
                0x0000000008004830                HAL_UART_MspInit
 .text.UART_EndTxTransfer
                0x00000000080049a8       0x20 build/stm32f1xx_hal_uart.o
 .text.UART_EndRxTransfer
                0x00000000080049c8       0x5c build/stm32f1xx_hal_uart.o
 .text.UART_Transmit_IT
                0x0000000008004a24       0x60 build/stm32f1xx_hal_uart.o
 .text.UART_SetConfig
                0x0000000008004a84       0x90 build/stm32f1xx_hal_uart.o
 .text.UART_WaitOnFlagUntilTimeout
                0x0000000008004b14       0x84 build/stm32f1xx_hal_uart.o
 .text.HAL_UART_Init
                0x0000000008004b98       0x60 build/stm32f1xx_hal_uart.o
                0x0000000008004b98                HAL_UART_Init
 .text.HAL_UART_Transmit
                0x0000000008004bf8       0xbe build/stm32f1xx_hal_uart.o
                0x0000000008004bf8                HAL_UART_Transmit
 *fill*         0x0000000008004cb6        0x2 
 .text.HAL_UART_Transmit_DMA
                0x0000000008004cb8       0x84 build/stm32f1xx_hal_uart.o
                0x0000000008004cb8                HAL_UART_Transmit_DMA
 .text.UART_DMATransmitCplt
                0x0000000008004d3c       0x4c build/stm32f1xx_hal_uart.o
 .text.UART_EndTransmit_IT
                0x0000000008004d88       0x1a build/stm32f1xx_hal_uart.o
 .text.HAL_UART_TxHalfCpltCallback
                0x0000000008004da2        0x2 build/stm32f1xx_hal_uart.o
                0x0000000008004da2                HAL_UART_TxHalfCpltCallback
 .text.UART_DMATxHalfCplt
                0x0000000008004da4        0xa build/stm32f1xx_hal_uart.o
 .text.HAL_UART_ErrorCallback
                0x0000000008004dae        0x2 build/stm32f1xx_hal_uart.o
                0x0000000008004dae                HAL_UART_ErrorCallback
 .text.UART_DMAError
                0x0000000008004db0       0x58 build/stm32f1xx_hal_uart.o
 .text.UART_DMAAbortOnError
                0x0000000008004e08       0x10 build/stm32f1xx_hal_uart.o
 .text.HAL_UARTEx_RxEventCallback
                0x0000000008004e18        0x2 build/stm32f1xx_hal_uart.o
                0x0000000008004e18                HAL_UARTEx_RxEventCallback
 .text.UART_Receive_IT
                0x0000000008004e1a       0xe6 build/stm32f1xx_hal_uart.o
 .text.HAL_UART_IRQHandler
                0x0000000008004f00      0x288 build/stm32f1xx_hal_uart.o
                0x0000000008004f00                HAL_UART_IRQHandler
 .text.UART_Start_Receive_IT
                0x0000000008005188       0x36 build/stm32f1xx_hal_uart.o
                0x0000000008005188                UART_Start_Receive_IT
 .text.HAL_UART_Receive_IT
                0x00000000080051be       0x26 build/stm32f1xx_hal_uart.o
                0x00000000080051be                HAL_UART_Receive_IT
 .text.MX_DMA_Init
                0x00000000080051e4       0x44 build/dma.o
                0x00000000080051e4                MX_DMA_Init
 .text.Reset_Handler
                0x0000000008005228       0x48 build/startup_stm32f103xe.o
                0x0000000008005228                Reset_Handler
 .text.Default_Handler
                0x0000000008005270        0x2 build/startup_stm32f103xe.o
                0x0000000008005270                RTC_Alarm_IRQHandler
                0x0000000008005270                EXTI2_IRQHandler
                0x0000000008005270                TIM8_TRG_COM_IRQHandler
                0x0000000008005270                TIM8_CC_IRQHandler
                0x0000000008005270                TIM1_CC_IRQHandler
                0x0000000008005270                TIM6_IRQHandler
                0x0000000008005270                PVD_IRQHandler
                0x0000000008005270                SDIO_IRQHandler
                0x0000000008005270                EXTI3_IRQHandler
                0x0000000008005270                EXTI0_IRQHandler
                0x0000000008005270                I2C2_EV_IRQHandler
                0x0000000008005270                ADC1_2_IRQHandler
                0x0000000008005270                SPI1_IRQHandler
                0x0000000008005270                TAMPER_IRQHandler
                0x0000000008005270                TIM8_UP_IRQHandler
                0x0000000008005270                DMA2_Channel2_IRQHandler
                0x0000000008005270                RTC_IRQHandler
                0x0000000008005270                DMA1_Channel7_IRQHandler
                0x0000000008005270                CAN1_RX1_IRQHandler
                0x0000000008005270                UART5_IRQHandler
                0x0000000008005270                ADC3_IRQHandler
                0x0000000008005270                DMA2_Channel1_IRQHandler
                0x0000000008005270                I2C1_EV_IRQHandler
                0x0000000008005270                DMA1_Channel6_IRQHandler
                0x0000000008005270                UART4_IRQHandler
                0x0000000008005270                RCC_IRQHandler
                0x0000000008005270                TIM1_TRG_COM_IRQHandler
                0x0000000008005270                DMA1_Channel1_IRQHandler
                0x0000000008005270                Default_Handler
                0x0000000008005270                EXTI15_10_IRQHandler
                0x0000000008005270                TIM7_IRQHandler
                0x0000000008005270                TIM5_IRQHandler
                0x0000000008005270                EXTI9_5_IRQHandler
                0x0000000008005270                SPI2_IRQHandler
                0x0000000008005270                DMA1_Channel5_IRQHandler
                0x0000000008005270                EXTI4_IRQHandler
                0x0000000008005270                USB_LP_CAN1_RX0_IRQHandler
                0x0000000008005270                USB_HP_CAN1_TX_IRQHandler
                0x0000000008005270                DMA1_Channel3_IRQHandler
                0x0000000008005270                FSMC_IRQHandler
                0x0000000008005270                TIM1_UP_IRQHandler
                0x0000000008005270                WWDG_IRQHandler
                0x0000000008005270                TIM1_BRK_IRQHandler
                0x0000000008005270                EXTI1_IRQHandler
                0x0000000008005270                DMA2_Channel4_5_IRQHandler
                0x0000000008005270                USART2_IRQHandler
                0x0000000008005270                I2C2_ER_IRQHandler
                0x0000000008005270                TIM8_BRK_IRQHandler
                0x0000000008005270                CAN1_SCE_IRQHandler
                0x0000000008005270                FLASH_IRQHandler
                0x0000000008005270                SPI3_IRQHandler
                0x0000000008005270                I2C1_ER_IRQHandler
                0x0000000008005270                USBWakeUp_IRQHandler
                0x0000000008005270                DMA2_Channel3_IRQHandler
 *(.glue_7)
 .glue_7        0x0000000008005272        0x0 linker stubs
 *(.glue_7t)
 .glue_7t       0x0000000008005272        0x0 linker stubs
 *(.eh_frame)
 *fill*         0x0000000008005272        0x2 
 .eh_frame      0x0000000008005274        0x0 /usr/lib/gcc/arm-none-eabi/9.2.1/thumb/v7-m/nofp/crtbegin.o
 *(.init)
 .init          0x0000000008005274        0x4 /usr/lib/gcc/arm-none-eabi/9.2.1/thumb/v7-m/nofp/crti.o
                0x0000000008005274                _init
 .init          0x0000000008005278        0x8 /usr/lib/gcc/arm-none-eabi/9.2.1/thumb/v7-m/nofp/crtn.o
 *(.fini)
 .fini          0x0000000008005280        0x4 /usr/lib/gcc/arm-none-eabi/9.2.1/thumb/v7-m/nofp/crti.o
                0x0000000008005280                _fini
 .fini          0x0000000008005284        0x8 /usr/lib/gcc/arm-none-eabi/9.2.1/thumb/v7-m/nofp/crtn.o
                0x000000000800528c                . = ALIGN (0x4)
                0x000000000800528c                _etext = .

.vfp11_veneer   0x000000000800528c        0x0
 .vfp11_veneer  0x000000000800528c        0x0 linker stubs

.v4_bx          0x000000000800528c        0x0
 .v4_bx         0x000000000800528c        0x0 linker stubs

.iplt           0x000000000800528c        0x0
 .iplt          0x000000000800528c        0x0 /usr/lib/gcc/arm-none-eabi/9.2.1/thumb/v7-m/nofp/crtbegin.o

.rodata         0x000000000800528c      0x324
                0x000000000800528c                . = ALIGN (0x4)
 *(.rodata)
 .rodata        0x000000000800528c        0x4 /usr/lib/gcc/arm-none-eabi/9.2.1/../../../arm-none-eabi/lib/thumb/v7-m/nofp/libc_nano.a(lib_a-impure.o)
                0x000000000800528c                _global_impure_ptr
 .rodata        0x0000000008005290      0x101 /usr/lib/gcc/arm-none-eabi/9.2.1/../../../arm-none-eabi/lib/thumb/v7-m/nofp/libc_nano.a(lib_a-ctype_.o)
                0x0000000008005290                _ctype_
 *fill*         0x0000000008005391        0x3 
 .rodata        0x0000000008005394       0x60 /usr/lib/gcc/arm-none-eabi/9.2.1/../../../arm-none-eabi/lib/thumb/v7-m/nofp/libc_nano.a(lib_a-findfp.o)
                0x0000000008005394                __sf_fake_stderr
                0x00000000080053b4                __sf_fake_stdout
                0x00000000080053d4                __sf_fake_stdin
 *(.rodata*)
 .rodata.GPRMC_Generator.str1.4
                0x00000000080053f4       0x43 build/main.o
 *fill*         0x0000000008005437        0x1 
 .rodata.ProcessReceivedData.str1.4
                0x0000000008005438       0x84 build/main.o
 .rodata.aPLLMULFactorTable.6293
                0x00000000080054bc       0x10 build/stm32f1xx_hal_rcc.o
 .rodata.aPredivFactorTable.6294
                0x00000000080054cc        0x2 build/stm32f1xx_hal_rcc.o
 *fill*         0x00000000080054ce        0x2 
 .rodata.AHBPrescTable
                0x00000000080054d0       0x10 build/system_stm32f1xx.o
                0x00000000080054d0                AHBPrescTable
 .rodata.APBPrescTable
                0x00000000080054e0        0x8 build/system_stm32f1xx.o
                0x00000000080054e0                APBPrescTable
 .rodata.str1.4
                0x00000000080054e8       0x4c /usr/lib/gcc/arm-none-eabi/9.2.1/../../../arm-none-eabi/lib/thumb/v7-m/nofp/libc_nano.a(lib_a-strtok.o)
 .rodata.str1.4
                0x0000000008005534       0x3f /usr/lib/gcc/arm-none-eabi/9.2.1/../../../arm-none-eabi/lib/thumb/v7-m/nofp/libc_nano.a(lib_a-assert.o)
                                         0x43 (size before relaxing)
 *fill*         0x0000000008005573        0x1 
 .rodata.str1.4
                0x0000000008005574       0x13 /usr/lib/gcc/arm-none-eabi/9.2.1/../../../arm-none-eabi/lib/thumb/v7-m/nofp/libc_nano.a(lib_a-nano-svfprintf.o)
 .rodata.str1.4
                0x0000000008005587       0x13 /usr/lib/gcc/arm-none-eabi/9.2.1/../../../arm-none-eabi/lib/thumb/v7-m/nofp/libc_nano.a(lib_a-nano-vfprintf.o)
 *fill*         0x0000000008005587        0x1 
 .rodata.str1.4
                0x0000000008005588       0x25 /usr/lib/gcc/arm-none-eabi/9.2.1/../../../arm-none-eabi/lib/thumb/v7-m/nofp/libc_nano.a(lib_a-nano-vfprintf_i.o)
                0x00000000080055b0                . = ALIGN (0x4)
 *fill*         0x00000000080055ad        0x3 

.rel.dyn        0x00000000080055b0        0x0
 .rel.iplt      0x00000000080055b0        0x0 /usr/lib/gcc/arm-none-eabi/9.2.1/thumb/v7-m/nofp/crtbegin.o

.ARM.extab
 *(.ARM.extab* .gnu.linkonce.armextab.*)

.ARM            0x00000000080055b0        0x0
                0x00000000080055b0                __exidx_start = .
 *(.ARM.exidx*)
                0x00000000080055b0                __exidx_end = .

.preinit_array  0x00000000080055b0        0x0
                0x00000000080055b0                PROVIDE (__preinit_array_start = .)
 *(.preinit_array*)
                0x00000000080055b0                PROVIDE (__preinit_array_end = .)

.init_array     0x00000000080055b0        0x4
                0x00000000080055b0                PROVIDE (__init_array_start = .)
 *(SORT_BY_NAME(.init_array.*))
 *(.init_array*)
 .init_array    0x00000000080055b0        0x4 /usr/lib/gcc/arm-none-eabi/9.2.1/thumb/v7-m/nofp/crtbegin.o
                0x00000000080055b4                PROVIDE (__init_array_end = .)

.fini_array     0x00000000080055b4        0x4
                0x00000000080055b4                PROVIDE (__fini_array_start = .)
 *(SORT_BY_NAME(.fini_array.*))
 *(.fini_array*)
 .fini_array    0x00000000080055b4        0x4 /usr/lib/gcc/arm-none-eabi/9.2.1/thumb/v7-m/nofp/crtbegin.o
                0x00000000080055b8                PROVIDE (__fini_array_end = .)
                0x00000000080055b8                _sidata = LOADADDR (.data)

.data           0x0000000020000000       0xb0 load address 0x00000000080055b8
                0x0000000020000000                . = ALIGN (0x4)
                0x0000000020000000                _sdata = .
 *(.data)
 .data          0x0000000020000000       0x64 /usr/lib/gcc/arm-none-eabi/9.2.1/../../../arm-none-eabi/lib/thumb/v7-m/nofp/libc_nano.a(lib_a-impure.o)
                0x0000000020000000                _impure_ptr
 *(.data*)
 .data.BASE_DAY
                0x0000000020000064        0x4 build/main.o
                0x0000000020000064                BASE_DAY
 .data.BASE_HOUR
                0x0000000020000068        0x4 build/main.o
                0x0000000020000068                BASE_HOUR
 .data.BASE_MONTH
                0x000000002000006c        0x4 build/main.o
                0x000000002000006c                BASE_MONTH
 .data.BASE_YEAR
                0x0000000020000070        0x4 build/main.o
                0x0000000020000070                BASE_YEAR
 .data.LATITUDE
                0x0000000020000074       0x14 build/main.o
                0x0000000020000074                LATITUDE
 .data.LONGITUDE
                0x0000000020000088       0x14 build/main.o
                0x0000000020000088                LONGITUDE
 .data.enable_synchrone
                0x000000002000009c        0x1 build/main.o
                0x000000002000009c                enable_synchrone
 *fill*         0x000000002000009d        0x3 
 .data.pps_offset
                0x00000000200000a0        0x4 build/main.o
                0x00000000200000a0                pps_offset
 .data.uwTickFreq
                0x00000000200000a4        0x1 build/stm32f1xx_hal.o
                0x00000000200000a4                uwTickFreq
 *fill*         0x00000000200000a5        0x3 
 .data.uwTickPrio
                0x00000000200000a8        0x4 build/stm32f1xx_hal.o
                0x00000000200000a8                uwTickPrio
 .data.SystemCoreClock
                0x00000000200000ac        0x4 build/system_stm32f1xx.o
                0x00000000200000ac                SystemCoreClock
                0x00000000200000b0                . = ALIGN (0x4)
                0x00000000200000b0                _edata = .

.tm_clone_table
                0x00000000200000b0        0x0 load address 0x0000000008005668
 .tm_clone_table
                0x00000000200000b0        0x0 /usr/lib/gcc/arm-none-eabi/9.2.1/thumb/v7-m/nofp/crtbegin.o
 .tm_clone_table
                0x00000000200000b0        0x0 /usr/lib/gcc/arm-none-eabi/9.2.1/thumb/v7-m/nofp/crtend.o

.igot.plt       0x00000000200000b0        0x0 load address 0x0000000008005668
 .igot.plt      0x00000000200000b0        0x0 /usr/lib/gcc/arm-none-eabi/9.2.1/thumb/v7-m/nofp/crtbegin.o
                0x00000000200000b0                . = ALIGN (0x4)

.bss            0x00000000200000b0      0x6c4 load address 0x0000000008005668
                0x00000000200000b0                _sbss = .
                0x00000000200000b0                __bss_start__ = _sbss
 *(.bss)
 .bss           0x00000000200000b0       0x1c /usr/lib/gcc/arm-none-eabi/9.2.1/thumb/v7-m/nofp/crtbegin.o
 .bss           0x00000000200000cc        0x8 /usr/lib/gcc/arm-none-eabi/9.2.1/../../../arm-none-eabi/lib/thumb/v7-m/nofp/libc_nano.a(lib_a-nano-mallocr.o)
                0x00000000200000cc                __malloc_free_list
                0x00000000200000d0                __malloc_sbrk_start
 *(.bss*)
 .bss.BASE_MINUTE
                0x00000000200000d4        0x4 build/main.o
                0x00000000200000d4                BASE_MINUTE
 .bss.BASE_SECOND
                0x00000000200000d8        0x4 build/main.o
                0x00000000200000d8                BASE_SECOND
 .bss.baseTick  0x00000000200000dc        0x4 build/main.o
                0x00000000200000dc                baseTick
 .bss.baseTime  0x00000000200000e0        0x4 build/main.o
                0x00000000200000e0                baseTime
 .bss.buffer.7967
                0x00000000200000e4      0x400 build/main.o
 .bss.count_10hz.7955
                0x00000000200004e4        0x4 build/main.o
 .bss.count_1hz.7956
                0x00000000200004e8        0x4 build/main.o
 .bss.elapsed   0x00000000200004ec        0x4 build/main.o
                0x00000000200004ec                elapsed
 .bss.for_delay
                0x00000000200004f0        0x4 build/main.o
                0x00000000200004f0                for_delay
 .bss.gprmc_led_count
                0x00000000200004f4        0x4 build/main.o
                0x00000000200004f4                gprmc_led_count
 .bss.gprmc_led_flag
                0x00000000200004f8        0x1 build/main.o
                0x00000000200004f8                gprmc_led_flag
 *fill*         0x00000000200004f9        0x3 
 .bss.index.7968
                0x00000000200004fc        0x4 build/main.o
 .bss.pps_count
                0x0000000020000500        0x4 build/main.o
                0x0000000020000500                pps_count
 .bss.pps_flag  0x0000000020000504        0x1 build/main.o
                0x0000000020000504                pps_flag
 .bss.send_gps_flag
                0x0000000020000505        0x1 build/main.o
                0x0000000020000505                send_gps_flag
 .bss.trigger_flag
                0x0000000020000506        0x1 build/main.o
                0x0000000020000506                trigger_flag
 *fill*         0x0000000020000507        0x1 
 .bss.trigger_led_count
                0x0000000020000508        0x4 build/main.o
                0x0000000020000508                trigger_led_count
 .bss.trigger_led_flag
                0x000000002000050c        0x1 build/main.o
                0x000000002000050c                trigger_led_flag
 *fill*         0x000000002000050d        0x3 
 .bss.__sbrk_heap_end
                0x0000000020000510        0x4 build/sysmem.o
 *(COMMON)
 COMMON         0x0000000020000514       0x65 build/main.o
                0x0000000020000514                gprmc_data
                0x0000000020000578                uart_rx_buffer
 *fill*         0x0000000020000579        0x3 
 COMMON         0x000000002000057c        0x4 build/stm32f1xx_hal.o
                0x000000002000057c                uwTick
 COMMON         0x0000000020000580       0xd8 build/tim.o
                0x0000000020000580                htim4
                0x00000000200005c8                htim3
                0x0000000020000610                htim2
 COMMON         0x0000000020000658      0x118 build/usart.o
                0x0000000020000658                huart3
                0x00000000200006a0                hdma_usart3_tx
                0x00000000200006e4                hdma_usart1_tx
                0x0000000020000728                huart1
 COMMON         0x0000000020000770        0x4 /usr/lib/gcc/arm-none-eabi/9.2.1/../../../arm-none-eabi/lib/thumb/v7-m/nofp/libc_nano.a(lib_a-reent.o)
                0x0000000020000770                errno
                0x0000000020000774                . = ALIGN (0x4)
                0x0000000020000774                _ebss = .
                0x0000000020000774                __bss_end__ = _ebss

._user_heap_stack
                0x0000000020000774      0x604 load address 0x0000000008005668
                0x0000000020000778                . = ALIGN (0x8)
 *fill*         0x0000000020000774        0x4 
                [!provide]                        PROVIDE (end = .)
                0x0000000020000778                PROVIDE (_end = .)
                0x0000000020000978                . = (. + _Min_Heap_Size)
 *fill*         0x0000000020000778      0x200 
                0x0000000020000d78                . = (. + _Min_Stack_Size)
 *fill*         0x0000000020000978      0x400 
                0x0000000020000d78                . = ALIGN (0x8)

/DISCARD/
 libc.a(*)
 libm.a(*)
 libgcc.a(*)

.ARM.attributes
                0x0000000000000000       0x29
 *(.ARM.attributes)
 .ARM.attributes
                0x0000000000000000       0x1d /usr/lib/gcc/arm-none-eabi/9.2.1/thumb/v7-m/nofp/crti.o
 .ARM.attributes
                0x000000000000001d       0x2d /usr/lib/gcc/arm-none-eabi/9.2.1/thumb/v7-m/nofp/crtbegin.o
 .ARM.attributes
                0x000000000000004a       0x2d build/main.o
 .ARM.attributes
                0x0000000000000077       0x2d build/gpio.o
 .ARM.attributes
                0x00000000000000a4       0x2d build/stm32f1xx_it.o
 .ARM.attributes
                0x00000000000000d1       0x2d build/stm32f1xx_hal_msp.o
 .ARM.attributes
                0x00000000000000fe       0x2d build/stm32f1xx_hal_tim.o
 .ARM.attributes
                0x000000000000012b       0x2d build/stm32f1xx_hal_tim_ex.o
 .ARM.attributes
                0x0000000000000158       0x2d build/stm32f1xx_hal.o
 .ARM.attributes
                0x0000000000000185       0x2d build/stm32f1xx_hal_rcc.o
 .ARM.attributes
                0x00000000000001b2       0x2d build/stm32f1xx_hal_gpio.o
 .ARM.attributes
                0x00000000000001df       0x2d build/stm32f1xx_hal_dma.o
 .ARM.attributes
                0x000000000000020c       0x2d build/stm32f1xx_hal_cortex.o
 .ARM.attributes
                0x0000000000000239       0x2d build/system_stm32f1xx.o
 .ARM.attributes
                0x0000000000000266       0x2d build/sysmem.o
 .ARM.attributes
                0x0000000000000293       0x2d build/syscalls.o
 .ARM.attributes
                0x00000000000002c0       0x2d build/tim.o
 .ARM.attributes
                0x00000000000002ed       0x2d build/usart.o
 .ARM.attributes
                0x000000000000031a       0x2d build/stm32f1xx_hal_uart.o
 .ARM.attributes
                0x0000000000000347       0x2d build/dma.o
 .ARM.attributes
                0x0000000000000374       0x21 build/startup_stm32f103xe.o
 .ARM.attributes
                0x0000000000000395       0x2d /usr/lib/gcc/arm-none-eabi/9.2.1/../../../arm-none-eabi/lib/thumb/v7-m/nofp/libc_nano.a(lib_a-atoi.o)
 .ARM.attributes
                0x00000000000003c2       0x2d /usr/lib/gcc/arm-none-eabi/9.2.1/../../../arm-none-eabi/lib/thumb/v7-m/nofp/libc_nano.a(lib_a-errno.o)
 .ARM.attributes
                0x00000000000003ef       0x2d /usr/lib/gcc/arm-none-eabi/9.2.1/../../../arm-none-eabi/lib/thumb/v7-m/nofp/libc_nano.a(lib_a-impure.o)
 .ARM.attributes
                0x000000000000041c       0x2d /usr/lib/gcc/arm-none-eabi/9.2.1/../../../arm-none-eabi/lib/thumb/v7-m/nofp/libc_nano.a(lib_a-init.o)
 .ARM.attributes
                0x0000000000000449       0x2d /usr/lib/gcc/arm-none-eabi/9.2.1/../../../arm-none-eabi/lib/thumb/v7-m/nofp/libc_nano.a(lib_a-memset.o)
 .ARM.attributes
                0x0000000000000476       0x2d /usr/lib/gcc/arm-none-eabi/9.2.1/../../../arm-none-eabi/lib/thumb/v7-m/nofp/libc_nano.a(lib_a-sprintf.o)
 .ARM.attributes
                0x00000000000004a3       0x2d /usr/lib/gcc/arm-none-eabi/9.2.1/../../../arm-none-eabi/lib/thumb/v7-m/nofp/libc_nano.a(lib_a-strlen-stub.o)
 .ARM.attributes
                0x00000000000004d0       0x2d /usr/lib/gcc/arm-none-eabi/9.2.1/../../../arm-none-eabi/lib/thumb/v7-m/nofp/libc_nano.a(lib_a-strncat.o)
 .ARM.attributes
                0x00000000000004fd       0x2d /usr/lib/gcc/arm-none-eabi/9.2.1/../../../arm-none-eabi/lib/thumb/v7-m/nofp/libc_nano.a(lib_a-strncmp.o)
 .ARM.attributes
                0x000000000000052a       0x2d /usr/lib/gcc/arm-none-eabi/9.2.1/../../../arm-none-eabi/lib/thumb/v7-m/nofp/libc_nano.a(lib_a-strncpy.o)
 .ARM.attributes
                0x0000000000000557       0x2d /usr/lib/gcc/arm-none-eabi/9.2.1/../../../arm-none-eabi/lib/thumb/v7-m/nofp/libc_nano.a(lib_a-strtok.o)
 .ARM.attributes
                0x0000000000000584       0x2d /usr/lib/gcc/arm-none-eabi/9.2.1/../../../arm-none-eabi/lib/thumb/v7-m/nofp/libc_nano.a(lib_a-strtok_r.o)
 .ARM.attributes
                0x00000000000005b1       0x2d /usr/lib/gcc/arm-none-eabi/9.2.1/../../../arm-none-eabi/lib/thumb/v7-m/nofp/libc_nano.a(lib_a-strtol.o)
 .ARM.attributes
                0x00000000000005de       0x2d /usr/lib/gcc/arm-none-eabi/9.2.1/../../../arm-none-eabi/lib/thumb/v7-m/nofp/libc_nano.a(lib_a-assert.o)
 .ARM.attributes
                0x000000000000060b       0x2d /usr/lib/gcc/arm-none-eabi/9.2.1/../../../arm-none-eabi/lib/thumb/v7-m/nofp/libc_nano.a(lib_a-ctype_.o)
 .ARM.attributes
                0x0000000000000638       0x2d /usr/lib/gcc/arm-none-eabi/9.2.1/../../../arm-none-eabi/lib/thumb/v7-m/nofp/libc_nano.a(lib_a-fprintf.o)
 .ARM.attributes
                0x0000000000000665       0x2d /usr/lib/gcc/arm-none-eabi/9.2.1/../../../arm-none-eabi/lib/thumb/v7-m/nofp/libc_nano.a(lib_a-malloc.o)
 .ARM.attributes
                0x0000000000000692       0x2d /usr/lib/gcc/arm-none-eabi/9.2.1/../../../arm-none-eabi/lib/thumb/v7-m/nofp/libc_nano.a(lib_a-nano-freer.o)
 .ARM.attributes
                0x00000000000006bf       0x2d /usr/lib/gcc/arm-none-eabi/9.2.1/../../../arm-none-eabi/lib/thumb/v7-m/nofp/libc_nano.a(lib_a-nano-mallocr.o)
 .ARM.attributes
                0x00000000000006ec       0x2d /usr/lib/gcc/arm-none-eabi/9.2.1/../../../arm-none-eabi/lib/thumb/v7-m/nofp/libc_nano.a(lib_a-nano-svfprintf.o)
 .ARM.attributes
                0x0000000000000719       0x2d /usr/lib/gcc/arm-none-eabi/9.2.1/../../../arm-none-eabi/lib/thumb/v7-m/nofp/libc_nano.a(lib_a-nano-vfprintf.o)
 .ARM.attributes
                0x0000000000000746       0x2d /usr/lib/gcc/arm-none-eabi/9.2.1/../../../arm-none-eabi/lib/thumb/v7-m/nofp/libc_nano.a(lib_a-nano-vfprintf_i.o)
 .ARM.attributes
                0x0000000000000773       0x2d /usr/lib/gcc/arm-none-eabi/9.2.1/../../../arm-none-eabi/lib/thumb/v7-m/nofp/libc_nano.a(lib_a-sbrkr.o)
 .ARM.attributes
                0x00000000000007a0       0x2d /usr/lib/gcc/arm-none-eabi/9.2.1/../../../arm-none-eabi/lib/thumb/v7-m/nofp/libc_nano.a(lib_a-wbuf.o)
 .ARM.attributes
                0x00000000000007cd       0x2d /usr/lib/gcc/arm-none-eabi/9.2.1/../../../arm-none-eabi/lib/thumb/v7-m/nofp/libc_nano.a(lib_a-wsetup.o)
 .ARM.attributes
                0x00000000000007fa       0x2d /usr/lib/gcc/arm-none-eabi/9.2.1/../../../arm-none-eabi/lib/thumb/v7-m/nofp/libc_nano.a(lib_a-abort.o)
 .ARM.attributes
                0x0000000000000827       0x2d /usr/lib/gcc/arm-none-eabi/9.2.1/../../../arm-none-eabi/lib/thumb/v7-m/nofp/libc_nano.a(lib_a-fflush.o)
 .ARM.attributes
                0x0000000000000854       0x2d /usr/lib/gcc/arm-none-eabi/9.2.1/../../../arm-none-eabi/lib/thumb/v7-m/nofp/libc_nano.a(lib_a-findfp.o)
 .ARM.attributes
                0x0000000000000881       0x2d /usr/lib/gcc/arm-none-eabi/9.2.1/../../../arm-none-eabi/lib/thumb/v7-m/nofp/libc_nano.a(lib_a-fvwrite.o)
 .ARM.attributes
                0x00000000000008ae       0x2d /usr/lib/gcc/arm-none-eabi/9.2.1/../../../arm-none-eabi/lib/thumb/v7-m/nofp/libc_nano.a(lib_a-fwalk.o)
 .ARM.attributes
                0x00000000000008db       0x2d /usr/lib/gcc/arm-none-eabi/9.2.1/../../../arm-none-eabi/lib/thumb/v7-m/nofp/libc_nano.a(lib_a-makebuf.o)
 .ARM.attributes
                0x0000000000000908       0x2d /usr/lib/gcc/arm-none-eabi/9.2.1/../../../arm-none-eabi/lib/thumb/v7-m/nofp/libc_nano.a(lib_a-memchr-stub.o)
 .ARM.attributes
                0x0000000000000935       0x1b /usr/lib/gcc/arm-none-eabi/9.2.1/../../../arm-none-eabi/lib/thumb/v7-m/nofp/libc_nano.a(lib_a-memcpy.o)
 .ARM.attributes
                0x0000000000000950       0x2d /usr/lib/gcc/arm-none-eabi/9.2.1/../../../arm-none-eabi/lib/thumb/v7-m/nofp/libc_nano.a(lib_a-memmove.o)
 .ARM.attributes
                0x000000000000097d       0x2d /usr/lib/gcc/arm-none-eabi/9.2.1/../../../arm-none-eabi/lib/thumb/v7-m/nofp/libc_nano.a(lib_a-mlock.o)
 .ARM.attributes
                0x00000000000009aa       0x2d /usr/lib/gcc/arm-none-eabi/9.2.1/../../../arm-none-eabi/lib/thumb/v7-m/nofp/libc_nano.a(lib_a-nano-reallocr.o)
 .ARM.attributes
                0x00000000000009d7       0x2d /usr/lib/gcc/arm-none-eabi/9.2.1/../../../arm-none-eabi/lib/thumb/v7-m/nofp/libc_nano.a(lib_a-reent.o)
 .ARM.attributes
                0x0000000000000a04       0x2d /usr/lib/gcc/arm-none-eabi/9.2.1/../../../arm-none-eabi/lib/thumb/v7-m/nofp/libc_nano.a(lib_a-signal.o)
 .ARM.attributes
                0x0000000000000a31       0x2d /usr/lib/gcc/arm-none-eabi/9.2.1/../../../arm-none-eabi/lib/thumb/v7-m/nofp/libc_nano.a(lib_a-signalr.o)
 .ARM.attributes
                0x0000000000000a5e       0x2d /usr/lib/gcc/arm-none-eabi/9.2.1/../../../arm-none-eabi/lib/thumb/v7-m/nofp/libc_nano.a(lib_a-stdio.o)
 .ARM.attributes
                0x0000000000000a8b       0x2d /usr/lib/gcc/arm-none-eabi/9.2.1/../../../arm-none-eabi/lib/thumb/v7-m/nofp/libc_nano.a(lib_a-writer.o)
 .ARM.attributes
                0x0000000000000ab8       0x2d /usr/lib/gcc/arm-none-eabi/9.2.1/../../../arm-none-eabi/lib/thumb/v7-m/nofp/libc_nano.a(lib_a-closer.o)
 .ARM.attributes
                0x0000000000000ae5       0x2d /usr/lib/gcc/arm-none-eabi/9.2.1/../../../arm-none-eabi/lib/thumb/v7-m/nofp/libc_nano.a(lib_a-fstatr.o)
 .ARM.attributes
                0x0000000000000b12       0x2d /usr/lib/gcc/arm-none-eabi/9.2.1/../../../arm-none-eabi/lib/thumb/v7-m/nofp/libc_nano.a(lib_a-isattyr.o)
 .ARM.attributes
                0x0000000000000b3f       0x2d /usr/lib/gcc/arm-none-eabi/9.2.1/../../../arm-none-eabi/lib/thumb/v7-m/nofp/libc_nano.a(lib_a-lseekr.o)
 .ARM.attributes
                0x0000000000000b6c       0x2d /usr/lib/gcc/arm-none-eabi/9.2.1/../../../arm-none-eabi/lib/thumb/v7-m/nofp/libc_nano.a(lib_a-nano-msizer.o)
 .ARM.attributes
                0x0000000000000b99       0x2d /usr/lib/gcc/arm-none-eabi/9.2.1/../../../arm-none-eabi/lib/thumb/v7-m/nofp/libc_nano.a(lib_a-readr.o)
 .ARM.attributes
                0x0000000000000bc6       0x2d /usr/lib/gcc/arm-none-eabi/9.2.1/thumb/v7-m/nofp/crtend.o
 .ARM.attributes
                0x0000000000000bf3       0x1d /usr/lib/gcc/arm-none-eabi/9.2.1/thumb/v7-m/nofp/crtn.o
OUTPUT(build/stm32_GPRMC_sync.elf elf32-littlearm)
LOAD linker stubs
LOAD /usr/lib/gcc/arm-none-eabi/9.2.1/../../../arm-none-eabi/lib/thumb/v7-m/nofp/libc.a
LOAD /usr/lib/gcc/arm-none-eabi/9.2.1/../../../arm-none-eabi/lib/thumb/v7-m/nofp/libm.a
LOAD /usr/lib/gcc/arm-none-eabi/9.2.1/thumb/v7-m/nofp/libgcc.a

.comment        0x0000000000000000       0xa7
 .comment       0x0000000000000000       0x59 /usr/lib/gcc/arm-none-eabi/9.2.1/thumb/v7-m/nofp/crtbegin.o
                                         0x5a (size before relaxing)
 .comment       0x0000000000000059       0x5a build/main.o
 .comment       0x0000000000000059       0x5a build/gpio.o
 .comment       0x0000000000000059       0x5a build/stm32f1xx_it.o
 .comment       0x0000000000000059       0x5a build/stm32f1xx_hal_msp.o
 .comment       0x0000000000000059       0x5a build/stm32f1xx_hal_tim.o
 .comment       0x0000000000000059       0x5a build/stm32f1xx_hal_tim_ex.o
 .comment       0x0000000000000059       0x5a build/stm32f1xx_hal.o
 .comment       0x0000000000000059       0x5a build/stm32f1xx_hal_rcc.o
 .comment       0x0000000000000059       0x5a build/stm32f1xx_hal_gpio.o
 .comment       0x0000000000000059       0x5a build/stm32f1xx_hal_dma.o
 .comment       0x0000000000000059       0x5a build/stm32f1xx_hal_cortex.o
 .comment       0x0000000000000059       0x5a build/system_stm32f1xx.o
 .comment       0x0000000000000059       0x5a build/sysmem.o
 .comment       0x0000000000000059       0x5a build/syscalls.o
 .comment       0x0000000000000059       0x5a build/tim.o
 .comment       0x0000000000000059       0x5a build/usart.o
 .comment       0x0000000000000059       0x5a build/stm32f1xx_hal_uart.o
 .comment       0x0000000000000059       0x5a build/dma.o
 .comment       0x0000000000000059       0x4e /usr/lib/gcc/arm-none-eabi/9.2.1/../../../arm-none-eabi/lib/thumb/v7-m/nofp/libc_nano.a(lib_a-atoi.o)
                                         0x4f (size before relaxing)
 .comment       0x00000000000000a7       0x4f /usr/lib/gcc/arm-none-eabi/9.2.1/../../../arm-none-eabi/lib/thumb/v7-m/nofp/libc_nano.a(lib_a-errno.o)
 .comment       0x00000000000000a7       0x4f /usr/lib/gcc/arm-none-eabi/9.2.1/../../../arm-none-eabi/lib/thumb/v7-m/nofp/libc_nano.a(lib_a-impure.o)
 .comment       0x00000000000000a7       0x4f /usr/lib/gcc/arm-none-eabi/9.2.1/../../../arm-none-eabi/lib/thumb/v7-m/nofp/libc_nano.a(lib_a-init.o)
 .comment       0x00000000000000a7       0x4f /usr/lib/gcc/arm-none-eabi/9.2.1/../../../arm-none-eabi/lib/thumb/v7-m/nofp/libc_nano.a(lib_a-memset.o)
 .comment       0x00000000000000a7       0x4f /usr/lib/gcc/arm-none-eabi/9.2.1/../../../arm-none-eabi/lib/thumb/v7-m/nofp/libc_nano.a(lib_a-sprintf.o)
 .comment       0x00000000000000a7       0x4f /usr/lib/gcc/arm-none-eabi/9.2.1/../../../arm-none-eabi/lib/thumb/v7-m/nofp/libc_nano.a(lib_a-strlen-stub.o)
 .comment       0x00000000000000a7       0x4f /usr/lib/gcc/arm-none-eabi/9.2.1/../../../arm-none-eabi/lib/thumb/v7-m/nofp/libc_nano.a(lib_a-strncat.o)
 .comment       0x00000000000000a7       0x4f /usr/lib/gcc/arm-none-eabi/9.2.1/../../../arm-none-eabi/lib/thumb/v7-m/nofp/libc_nano.a(lib_a-strncmp.o)
 .comment       0x00000000000000a7       0x4f /usr/lib/gcc/arm-none-eabi/9.2.1/../../../arm-none-eabi/lib/thumb/v7-m/nofp/libc_nano.a(lib_a-strncpy.o)
 .comment       0x00000000000000a7       0x4f /usr/lib/gcc/arm-none-eabi/9.2.1/../../../arm-none-eabi/lib/thumb/v7-m/nofp/libc_nano.a(lib_a-strtok.o)
 .comment       0x00000000000000a7       0x4f /usr/lib/gcc/arm-none-eabi/9.2.1/../../../arm-none-eabi/lib/thumb/v7-m/nofp/libc_nano.a(lib_a-strtok_r.o)
 .comment       0x00000000000000a7       0x4f /usr/lib/gcc/arm-none-eabi/9.2.1/../../../arm-none-eabi/lib/thumb/v7-m/nofp/libc_nano.a(lib_a-strtol.o)
 .comment       0x00000000000000a7       0x4f /usr/lib/gcc/arm-none-eabi/9.2.1/../../../arm-none-eabi/lib/thumb/v7-m/nofp/libc_nano.a(lib_a-assert.o)
 .comment       0x00000000000000a7       0x4f /usr/lib/gcc/arm-none-eabi/9.2.1/../../../arm-none-eabi/lib/thumb/v7-m/nofp/libc_nano.a(lib_a-ctype_.o)
 .comment       0x00000000000000a7       0x4f /usr/lib/gcc/arm-none-eabi/9.2.1/../../../arm-none-eabi/lib/thumb/v7-m/nofp/libc_nano.a(lib_a-fprintf.o)
 .comment       0x00000000000000a7       0x4f /usr/lib/gcc/arm-none-eabi/9.2.1/../../../arm-none-eabi/lib/thumb/v7-m/nofp/libc_nano.a(lib_a-malloc.o)
 .comment       0x00000000000000a7       0x4f /usr/lib/gcc/arm-none-eabi/9.2.1/../../../arm-none-eabi/lib/thumb/v7-m/nofp/libc_nano.a(lib_a-nano-freer.o)
 .comment       0x00000000000000a7       0x4f /usr/lib/gcc/arm-none-eabi/9.2.1/../../../arm-none-eabi/lib/thumb/v7-m/nofp/libc_nano.a(lib_a-nano-mallocr.o)
 .comment       0x00000000000000a7       0x4f /usr/lib/gcc/arm-none-eabi/9.2.1/../../../arm-none-eabi/lib/thumb/v7-m/nofp/libc_nano.a(lib_a-nano-svfprintf.o)
 .comment       0x00000000000000a7       0x4f /usr/lib/gcc/arm-none-eabi/9.2.1/../../../arm-none-eabi/lib/thumb/v7-m/nofp/libc_nano.a(lib_a-nano-vfprintf.o)
 .comment       0x00000000000000a7       0x4f /usr/lib/gcc/arm-none-eabi/9.2.1/../../../arm-none-eabi/lib/thumb/v7-m/nofp/libc_nano.a(lib_a-nano-vfprintf_i.o)
 .comment       0x00000000000000a7       0x4f /usr/lib/gcc/arm-none-eabi/9.2.1/../../../arm-none-eabi/lib/thumb/v7-m/nofp/libc_nano.a(lib_a-sbrkr.o)
 .comment       0x00000000000000a7       0x4f /usr/lib/gcc/arm-none-eabi/9.2.1/../../../arm-none-eabi/lib/thumb/v7-m/nofp/libc_nano.a(lib_a-wbuf.o)
 .comment       0x00000000000000a7       0x4f /usr/lib/gcc/arm-none-eabi/9.2.1/../../../arm-none-eabi/lib/thumb/v7-m/nofp/libc_nano.a(lib_a-wsetup.o)
 .comment       0x00000000000000a7       0x4f /usr/lib/gcc/arm-none-eabi/9.2.1/../../../arm-none-eabi/lib/thumb/v7-m/nofp/libc_nano.a(lib_a-abort.o)
 .comment       0x00000000000000a7       0x4f /usr/lib/gcc/arm-none-eabi/9.2.1/../../../arm-none-eabi/lib/thumb/v7-m/nofp/libc_nano.a(lib_a-fflush.o)
 .comment       0x00000000000000a7       0x4f /usr/lib/gcc/arm-none-eabi/9.2.1/../../../arm-none-eabi/lib/thumb/v7-m/nofp/libc_nano.a(lib_a-findfp.o)
 .comment       0x00000000000000a7       0x4f /usr/lib/gcc/arm-none-eabi/9.2.1/../../../arm-none-eabi/lib/thumb/v7-m/nofp/libc_nano.a(lib_a-fvwrite.o)
 .comment       0x00000000000000a7       0x4f /usr/lib/gcc/arm-none-eabi/9.2.1/../../../arm-none-eabi/lib/thumb/v7-m/nofp/libc_nano.a(lib_a-fwalk.o)
 .comment       0x00000000000000a7       0x4f /usr/lib/gcc/arm-none-eabi/9.2.1/../../../arm-none-eabi/lib/thumb/v7-m/nofp/libc_nano.a(lib_a-makebuf.o)
 .comment       0x00000000000000a7       0x4f /usr/lib/gcc/arm-none-eabi/9.2.1/../../../arm-none-eabi/lib/thumb/v7-m/nofp/libc_nano.a(lib_a-memchr-stub.o)
 .comment       0x00000000000000a7       0x4f /usr/lib/gcc/arm-none-eabi/9.2.1/../../../arm-none-eabi/lib/thumb/v7-m/nofp/libc_nano.a(lib_a-memmove.o)
 .comment       0x00000000000000a7       0x4f /usr/lib/gcc/arm-none-eabi/9.2.1/../../../arm-none-eabi/lib/thumb/v7-m/nofp/libc_nano.a(lib_a-mlock.o)
 .comment       0x00000000000000a7       0x4f /usr/lib/gcc/arm-none-eabi/9.2.1/../../../arm-none-eabi/lib/thumb/v7-m/nofp/libc_nano.a(lib_a-nano-reallocr.o)
 .comment       0x00000000000000a7       0x4f /usr/lib/gcc/arm-none-eabi/9.2.1/../../../arm-none-eabi/lib/thumb/v7-m/nofp/libc_nano.a(lib_a-reent.o)
 .comment       0x00000000000000a7       0x4f /usr/lib/gcc/arm-none-eabi/9.2.1/../../../arm-none-eabi/lib/thumb/v7-m/nofp/libc_nano.a(lib_a-signal.o)
 .comment       0x00000000000000a7       0x4f /usr/lib/gcc/arm-none-eabi/9.2.1/../../../arm-none-eabi/lib/thumb/v7-m/nofp/libc_nano.a(lib_a-signalr.o)
 .comment       0x00000000000000a7       0x4f /usr/lib/gcc/arm-none-eabi/9.2.1/../../../arm-none-eabi/lib/thumb/v7-m/nofp/libc_nano.a(lib_a-stdio.o)
 .comment       0x00000000000000a7       0x4f /usr/lib/gcc/arm-none-eabi/9.2.1/../../../arm-none-eabi/lib/thumb/v7-m/nofp/libc_nano.a(lib_a-writer.o)
 .comment       0x00000000000000a7       0x4f /usr/lib/gcc/arm-none-eabi/9.2.1/../../../arm-none-eabi/lib/thumb/v7-m/nofp/libc_nano.a(lib_a-closer.o)
 .comment       0x00000000000000a7       0x4f /usr/lib/gcc/arm-none-eabi/9.2.1/../../../arm-none-eabi/lib/thumb/v7-m/nofp/libc_nano.a(lib_a-fstatr.o)
 .comment       0x00000000000000a7       0x4f /usr/lib/gcc/arm-none-eabi/9.2.1/../../../arm-none-eabi/lib/thumb/v7-m/nofp/libc_nano.a(lib_a-isattyr.o)
 .comment       0x00000000000000a7       0x4f /usr/lib/gcc/arm-none-eabi/9.2.1/../../../arm-none-eabi/lib/thumb/v7-m/nofp/libc_nano.a(lib_a-lseekr.o)
 .comment       0x00000000000000a7       0x4f /usr/lib/gcc/arm-none-eabi/9.2.1/../../../arm-none-eabi/lib/thumb/v7-m/nofp/libc_nano.a(lib_a-nano-msizer.o)
 .comment       0x00000000000000a7       0x4f /usr/lib/gcc/arm-none-eabi/9.2.1/../../../arm-none-eabi/lib/thumb/v7-m/nofp/libc_nano.a(lib_a-readr.o)
 .comment       0x00000000000000a7       0x5a /usr/lib/gcc/arm-none-eabi/9.2.1/thumb/v7-m/nofp/crtend.o

.debug_info     0x0000000000000000    0x385ea
 .debug_info    0x0000000000000000     0x28c7 build/main.o
 .debug_info    0x00000000000028c7      0x48a build/gpio.o
 .debug_info    0x0000000000002d51      0xc13 build/stm32f1xx_it.o
 .debug_info    0x0000000000003964      0x30e build/stm32f1xx_hal_msp.o
 .debug_info    0x0000000000003c72     0x4109 build/stm32f1xx_hal_tim.o
 .debug_info    0x0000000000007d7b     0x1d02 build/stm32f1xx_hal_tim_ex.o
 .debug_info    0x0000000000009a7d      0x926 build/stm32f1xx_hal.o
 .debug_info    0x000000000000a3a3      0xb3b build/stm32f1xx_hal_rcc.o
 .debug_info    0x000000000000aede      0x7a1 build/stm32f1xx_hal_gpio.o
 .debug_info    0x000000000000b67f      0x995 build/stm32f1xx_hal_dma.o
 .debug_info    0x000000000000c014      0xf39 build/stm32f1xx_hal_cortex.o
 .debug_info    0x000000000000cf4d      0x2d3 build/system_stm32f1xx.o
 .debug_info    0x000000000000d220      0xb0b build/sysmem.o
 .debug_info    0x000000000000dd2b     0x120b build/syscalls.o
 .debug_info    0x000000000000ef36     0x10b2 build/tim.o
 .debug_info    0x000000000000ffe8      0xea1 build/usart.o
 .debug_info    0x0000000000010e89     0x444e build/stm32f1xx_hal_uart.o
 .debug_info    0x00000000000152d7      0x481 build/dma.o
 .debug_info    0x0000000000015758       0x22 build/startup_stm32f103xe.o
 .debug_info    0x000000000001577a      0x9d9 /usr/lib/gcc/arm-none-eabi/9.2.1/../../../arm-none-eabi/lib/thumb/v7-m/nofp/libc_nano.a(lib_a-atoi.o)
 .debug_info    0x0000000000016153      0x953 /usr/lib/gcc/arm-none-eabi/9.2.1/../../../arm-none-eabi/lib/thumb/v7-m/nofp/libc_nano.a(lib_a-errno.o)
 .debug_info    0x0000000000016aa6      0x92a /usr/lib/gcc/arm-none-eabi/9.2.1/../../../arm-none-eabi/lib/thumb/v7-m/nofp/libc_nano.a(lib_a-impure.o)
 .debug_info    0x00000000000173d0      0x11a /usr/lib/gcc/arm-none-eabi/9.2.1/../../../arm-none-eabi/lib/thumb/v7-m/nofp/libc_nano.a(lib_a-init.o)
 .debug_info    0x00000000000174ea      0xf21 /usr/lib/gcc/arm-none-eabi/9.2.1/../../../arm-none-eabi/lib/thumb/v7-m/nofp/libc_nano.a(lib_a-memset.o)
 .debug_info    0x000000000001840b      0xc90 /usr/lib/gcc/arm-none-eabi/9.2.1/../../../arm-none-eabi/lib/thumb/v7-m/nofp/libc_nano.a(lib_a-sprintf.o)
 .debug_info    0x000000000001909b      0x941 /usr/lib/gcc/arm-none-eabi/9.2.1/../../../arm-none-eabi/lib/thumb/v7-m/nofp/libc_nano.a(lib_a-strlen-stub.o)
 .debug_info    0x00000000000199dc      0x9a9 /usr/lib/gcc/arm-none-eabi/9.2.1/../../../arm-none-eabi/lib/thumb/v7-m/nofp/libc_nano.a(lib_a-strncat.o)
 .debug_info    0x000000000001a385      0x995 /usr/lib/gcc/arm-none-eabi/9.2.1/../../../arm-none-eabi/lib/thumb/v7-m/nofp/libc_nano.a(lib_a-strncmp.o)
 .debug_info    0x000000000001ad1a      0x9d2 /usr/lib/gcc/arm-none-eabi/9.2.1/../../../arm-none-eabi/lib/thumb/v7-m/nofp/libc_nano.a(lib_a-strncpy.o)
 .debug_info    0x000000000001b6ec      0xa23 /usr/lib/gcc/arm-none-eabi/9.2.1/../../../arm-none-eabi/lib/thumb/v7-m/nofp/libc_nano.a(lib_a-strtok.o)
 .debug_info    0x000000000001c10f      0xa30 /usr/lib/gcc/arm-none-eabi/9.2.1/../../../arm-none-eabi/lib/thumb/v7-m/nofp/libc_nano.a(lib_a-strtok_r.o)
 .debug_info    0x000000000001cb3f     0x126b /usr/lib/gcc/arm-none-eabi/9.2.1/../../../arm-none-eabi/lib/thumb/v7-m/nofp/libc_nano.a(lib_a-strtol.o)
 .debug_info    0x000000000001ddaa      0xa41 /usr/lib/gcc/arm-none-eabi/9.2.1/../../../arm-none-eabi/lib/thumb/v7-m/nofp/libc_nano.a(lib_a-assert.o)
 .debug_info    0x000000000001e7eb      0xe91 /usr/lib/gcc/arm-none-eabi/9.2.1/../../../arm-none-eabi/lib/thumb/v7-m/nofp/libc_nano.a(lib_a-ctype_.o)
 .debug_info    0x000000000001f67c      0xa7a /usr/lib/gcc/arm-none-eabi/9.2.1/../../../arm-none-eabi/lib/thumb/v7-m/nofp/libc_nano.a(lib_a-fprintf.o)
 .debug_info    0x00000000000200f6      0x9b6 /usr/lib/gcc/arm-none-eabi/9.2.1/../../../arm-none-eabi/lib/thumb/v7-m/nofp/libc_nano.a(lib_a-malloc.o)
 .debug_info    0x0000000000020aac      0xb85 /usr/lib/gcc/arm-none-eabi/9.2.1/../../../arm-none-eabi/lib/thumb/v7-m/nofp/libc_nano.a(lib_a-nano-freer.o)
 .debug_info    0x0000000000021631      0xc5a /usr/lib/gcc/arm-none-eabi/9.2.1/../../../arm-none-eabi/lib/thumb/v7-m/nofp/libc_nano.a(lib_a-nano-mallocr.o)
 .debug_info    0x000000000002228b     0x17e4 /usr/lib/gcc/arm-none-eabi/9.2.1/../../../arm-none-eabi/lib/thumb/v7-m/nofp/libc_nano.a(lib_a-nano-svfprintf.o)
 .debug_info    0x0000000000023a6f     0x176a /usr/lib/gcc/arm-none-eabi/9.2.1/../../../arm-none-eabi/lib/thumb/v7-m/nofp/libc_nano.a(lib_a-nano-vfprintf.o)
 .debug_info    0x00000000000251d9     0x1592 /usr/lib/gcc/arm-none-eabi/9.2.1/../../../arm-none-eabi/lib/thumb/v7-m/nofp/libc_nano.a(lib_a-nano-vfprintf_i.o)
 .debug_info    0x000000000002676b      0x9fb /usr/lib/gcc/arm-none-eabi/9.2.1/../../../arm-none-eabi/lib/thumb/v7-m/nofp/libc_nano.a(lib_a-sbrkr.o)
 .debug_info    0x0000000000027166      0xc90 /usr/lib/gcc/arm-none-eabi/9.2.1/../../../arm-none-eabi/lib/thumb/v7-m/nofp/libc_nano.a(lib_a-wbuf.o)
 .debug_info    0x0000000000027df6      0xbfa /usr/lib/gcc/arm-none-eabi/9.2.1/../../../arm-none-eabi/lib/thumb/v7-m/nofp/libc_nano.a(lib_a-wsetup.o)
 .debug_info    0x00000000000289f0      0x9b5 /usr/lib/gcc/arm-none-eabi/9.2.1/../../../arm-none-eabi/lib/thumb/v7-m/nofp/libc_nano.a(lib_a-abort.o)
 .debug_info    0x00000000000293a5      0xd7d /usr/lib/gcc/arm-none-eabi/9.2.1/../../../arm-none-eabi/lib/thumb/v7-m/nofp/libc_nano.a(lib_a-fflush.o)
 .debug_info    0x000000000002a122     0x11a8 /usr/lib/gcc/arm-none-eabi/9.2.1/../../../arm-none-eabi/lib/thumb/v7-m/nofp/libc_nano.a(lib_a-findfp.o)
 .debug_info    0x000000000002b2ca      0xf1c /usr/lib/gcc/arm-none-eabi/9.2.1/../../../arm-none-eabi/lib/thumb/v7-m/nofp/libc_nano.a(lib_a-fvwrite.o)
 .debug_info    0x000000000002c1e6      0xca4 /usr/lib/gcc/arm-none-eabi/9.2.1/../../../arm-none-eabi/lib/thumb/v7-m/nofp/libc_nano.a(lib_a-fwalk.o)
 .debug_info    0x000000000002ce8a      0xf68 /usr/lib/gcc/arm-none-eabi/9.2.1/../../../arm-none-eabi/lib/thumb/v7-m/nofp/libc_nano.a(lib_a-makebuf.o)
 .debug_info    0x000000000002ddf2      0x9e3 /usr/lib/gcc/arm-none-eabi/9.2.1/../../../arm-none-eabi/lib/thumb/v7-m/nofp/libc_nano.a(lib_a-memchr-stub.o)
 .debug_info    0x000000000002e7d5       0x26 /usr/lib/gcc/arm-none-eabi/9.2.1/../../../arm-none-eabi/lib/thumb/v7-m/nofp/libc_nano.a(lib_a-memcpy.o)
 .debug_info    0x000000000002e7fb      0xf2b /usr/lib/gcc/arm-none-eabi/9.2.1/../../../arm-none-eabi/lib/thumb/v7-m/nofp/libc_nano.a(lib_a-memmove.o)
 .debug_info    0x000000000002f726      0x961 /usr/lib/gcc/arm-none-eabi/9.2.1/../../../arm-none-eabi/lib/thumb/v7-m/nofp/libc_nano.a(lib_a-mlock.o)
 .debug_info    0x0000000000030087      0xb77 /usr/lib/gcc/arm-none-eabi/9.2.1/../../../arm-none-eabi/lib/thumb/v7-m/nofp/libc_nano.a(lib_a-nano-reallocr.o)
 .debug_info    0x0000000000030bfe      0xb0f /usr/lib/gcc/arm-none-eabi/9.2.1/../../../arm-none-eabi/lib/thumb/v7-m/nofp/libc_nano.a(lib_a-reent.o)
 .debug_info    0x000000000003170d      0xd5c /usr/lib/gcc/arm-none-eabi/9.2.1/../../../arm-none-eabi/lib/thumb/v7-m/nofp/libc_nano.a(lib_a-signal.o)
 .debug_info    0x0000000000032469      0xa43 /usr/lib/gcc/arm-none-eabi/9.2.1/../../../arm-none-eabi/lib/thumb/v7-m/nofp/libc_nano.a(lib_a-signalr.o)
 .debug_info    0x0000000000032eac      0xe67 /usr/lib/gcc/arm-none-eabi/9.2.1/../../../arm-none-eabi/lib/thumb/v7-m/nofp/libc_nano.a(lib_a-stdio.o)
 .debug_info    0x0000000000033d13      0xa2c /usr/lib/gcc/arm-none-eabi/9.2.1/../../../arm-none-eabi/lib/thumb/v7-m/nofp/libc_nano.a(lib_a-writer.o)
 .debug_info    0x000000000003473f      0x9d8 /usr/lib/gcc/arm-none-eabi/9.2.1/../../../arm-none-eabi/lib/thumb/v7-m/nofp/libc_nano.a(lib_a-closer.o)
 .debug_info    0x0000000000035117      0xc23 /usr/lib/gcc/arm-none-eabi/9.2.1/../../../arm-none-eabi/lib/thumb/v7-m/nofp/libc_nano.a(lib_a-fstatr.o)
 .debug_info    0x0000000000035d3a      0x9d8 /usr/lib/gcc/arm-none-eabi/9.2.1/../../../arm-none-eabi/lib/thumb/v7-m/nofp/libc_nano.a(lib_a-isattyr.o)
 .debug_info    0x0000000000036712      0xa0d /usr/lib/gcc/arm-none-eabi/9.2.1/../../../arm-none-eabi/lib/thumb/v7-m/nofp/libc_nano.a(lib_a-lseekr.o)
 .debug_info    0x000000000003711f      0xaa6 /usr/lib/gcc/arm-none-eabi/9.2.1/../../../arm-none-eabi/lib/thumb/v7-m/nofp/libc_nano.a(lib_a-nano-msizer.o)
 .debug_info    0x0000000000037bc5      0xa25 /usr/lib/gcc/arm-none-eabi/9.2.1/../../../arm-none-eabi/lib/thumb/v7-m/nofp/libc_nano.a(lib_a-readr.o)

.debug_abbrev   0x0000000000000000     0x8f67
 .debug_abbrev  0x0000000000000000      0x435 build/main.o
 .debug_abbrev  0x0000000000000435      0x17e build/gpio.o
 .debug_abbrev  0x00000000000005b3      0x1b2 build/stm32f1xx_it.o
 .debug_abbrev  0x0000000000000765      0x130 build/stm32f1xx_hal_msp.o
 .debug_abbrev  0x0000000000000895      0x2c3 build/stm32f1xx_hal_tim.o
 .debug_abbrev  0x0000000000000b58      0x2ab build/stm32f1xx_hal_tim_ex.o
 .debug_abbrev  0x0000000000000e03      0x21c build/stm32f1xx_hal.o
 .debug_abbrev  0x000000000000101f      0x2cb build/stm32f1xx_hal_rcc.o
 .debug_abbrev  0x00000000000012ea      0x24f build/stm32f1xx_hal_gpio.o
 .debug_abbrev  0x0000000000001539      0x2a1 build/stm32f1xx_hal_dma.o
 .debug_abbrev  0x00000000000017da      0x37f build/stm32f1xx_hal_cortex.o
 .debug_abbrev  0x0000000000001b59      0x153 build/system_stm32f1xx.o
 .debug_abbrev  0x0000000000001cac      0x21f build/sysmem.o
 .debug_abbrev  0x0000000000001ecb      0x2e6 build/syscalls.o
 .debug_abbrev  0x00000000000021b1      0x20d build/tim.o
 .debug_abbrev  0x00000000000023be      0x221 build/usart.o
 .debug_abbrev  0x00000000000025df      0x36c build/stm32f1xx_hal_uart.o
 .debug_abbrev  0x000000000000294b      0x156 build/dma.o
 .debug_abbrev  0x0000000000002aa1       0x12 build/startup_stm32f103xe.o
 .debug_abbrev  0x0000000000002ab3      0x1d6 /usr/lib/gcc/arm-none-eabi/9.2.1/../../../arm-none-eabi/lib/thumb/v7-m/nofp/libc_nano.a(lib_a-atoi.o)
 .debug_abbrev  0x0000000000002c89      0x198 /usr/lib/gcc/arm-none-eabi/9.2.1/../../../arm-none-eabi/lib/thumb/v7-m/nofp/libc_nano.a(lib_a-errno.o)
 .debug_abbrev  0x0000000000002e21      0x17a /usr/lib/gcc/arm-none-eabi/9.2.1/../../../arm-none-eabi/lib/thumb/v7-m/nofp/libc_nano.a(lib_a-impure.o)
 .debug_abbrev  0x0000000000002f9b       0xcc /usr/lib/gcc/arm-none-eabi/9.2.1/../../../arm-none-eabi/lib/thumb/v7-m/nofp/libc_nano.a(lib_a-init.o)
 .debug_abbrev  0x0000000000003067      0x1d9 /usr/lib/gcc/arm-none-eabi/9.2.1/../../../arm-none-eabi/lib/thumb/v7-m/nofp/libc_nano.a(lib_a-memset.o)
 .debug_abbrev  0x0000000000003240      0x274 /usr/lib/gcc/arm-none-eabi/9.2.1/../../../arm-none-eabi/lib/thumb/v7-m/nofp/libc_nano.a(lib_a-sprintf.o)
 .debug_abbrev  0x00000000000034b4      0x194 /usr/lib/gcc/arm-none-eabi/9.2.1/../../../arm-none-eabi/lib/thumb/v7-m/nofp/libc_nano.a(lib_a-strlen-stub.o)
 .debug_abbrev  0x0000000000003648      0x1ce /usr/lib/gcc/arm-none-eabi/9.2.1/../../../arm-none-eabi/lib/thumb/v7-m/nofp/libc_nano.a(lib_a-strncat.o)
 .debug_abbrev  0x0000000000003816      0x1aa /usr/lib/gcc/arm-none-eabi/9.2.1/../../../arm-none-eabi/lib/thumb/v7-m/nofp/libc_nano.a(lib_a-strncmp.o)
 .debug_abbrev  0x00000000000039c0      0x1d6 /usr/lib/gcc/arm-none-eabi/9.2.1/../../../arm-none-eabi/lib/thumb/v7-m/nofp/libc_nano.a(lib_a-strncpy.o)
 .debug_abbrev  0x0000000000003b96      0x245 /usr/lib/gcc/arm-none-eabi/9.2.1/../../../arm-none-eabi/lib/thumb/v7-m/nofp/libc_nano.a(lib_a-strtok.o)
 .debug_abbrev  0x0000000000003ddb      0x23c /usr/lib/gcc/arm-none-eabi/9.2.1/../../../arm-none-eabi/lib/thumb/v7-m/nofp/libc_nano.a(lib_a-strtok_r.o)
 .debug_abbrev  0x0000000000004017      0x2d4 /usr/lib/gcc/arm-none-eabi/9.2.1/../../../arm-none-eabi/lib/thumb/v7-m/nofp/libc_nano.a(lib_a-strtol.o)
 .debug_abbrev  0x00000000000042eb      0x1ff /usr/lib/gcc/arm-none-eabi/9.2.1/../../../arm-none-eabi/lib/thumb/v7-m/nofp/libc_nano.a(lib_a-assert.o)
 .debug_abbrev  0x00000000000044ea      0x178 /usr/lib/gcc/arm-none-eabi/9.2.1/../../../arm-none-eabi/lib/thumb/v7-m/nofp/libc_nano.a(lib_a-ctype_.o)
 .debug_abbrev  0x0000000000004662      0x23c /usr/lib/gcc/arm-none-eabi/9.2.1/../../../arm-none-eabi/lib/thumb/v7-m/nofp/libc_nano.a(lib_a-fprintf.o)
 .debug_abbrev  0x000000000000489e      0x1f2 /usr/lib/gcc/arm-none-eabi/9.2.1/../../../arm-none-eabi/lib/thumb/v7-m/nofp/libc_nano.a(lib_a-malloc.o)
 .debug_abbrev  0x0000000000004a90      0x286 /usr/lib/gcc/arm-none-eabi/9.2.1/../../../arm-none-eabi/lib/thumb/v7-m/nofp/libc_nano.a(lib_a-nano-freer.o)
 .debug_abbrev  0x0000000000004d16      0x2d1 /usr/lib/gcc/arm-none-eabi/9.2.1/../../../arm-none-eabi/lib/thumb/v7-m/nofp/libc_nano.a(lib_a-nano-mallocr.o)
 .debug_abbrev  0x0000000000004fe7      0x33f /usr/lib/gcc/arm-none-eabi/9.2.1/../../../arm-none-eabi/lib/thumb/v7-m/nofp/libc_nano.a(lib_a-nano-svfprintf.o)
 .debug_abbrev  0x0000000000005326      0x337 /usr/lib/gcc/arm-none-eabi/9.2.1/../../../arm-none-eabi/lib/thumb/v7-m/nofp/libc_nano.a(lib_a-nano-vfprintf.o)
 .debug_abbrev  0x000000000000565d      0x2dc /usr/lib/gcc/arm-none-eabi/9.2.1/../../../arm-none-eabi/lib/thumb/v7-m/nofp/libc_nano.a(lib_a-nano-vfprintf_i.o)
 .debug_abbrev  0x0000000000005939      0x212 /usr/lib/gcc/arm-none-eabi/9.2.1/../../../arm-none-eabi/lib/thumb/v7-m/nofp/libc_nano.a(lib_a-sbrkr.o)
 .debug_abbrev  0x0000000000005b4b      0x285 /usr/lib/gcc/arm-none-eabi/9.2.1/../../../arm-none-eabi/lib/thumb/v7-m/nofp/libc_nano.a(lib_a-wbuf.o)
 .debug_abbrev  0x0000000000005dd0      0x23a /usr/lib/gcc/arm-none-eabi/9.2.1/../../../arm-none-eabi/lib/thumb/v7-m/nofp/libc_nano.a(lib_a-wsetup.o)
 .debug_abbrev  0x000000000000600a      0x1cd /usr/lib/gcc/arm-none-eabi/9.2.1/../../../arm-none-eabi/lib/thumb/v7-m/nofp/libc_nano.a(lib_a-abort.o)
 .debug_abbrev  0x00000000000061d7      0x2e4 /usr/lib/gcc/arm-none-eabi/9.2.1/../../../arm-none-eabi/lib/thumb/v7-m/nofp/libc_nano.a(lib_a-fflush.o)
 .debug_abbrev  0x00000000000064bb      0x3dc /usr/lib/gcc/arm-none-eabi/9.2.1/../../../arm-none-eabi/lib/thumb/v7-m/nofp/libc_nano.a(lib_a-findfp.o)
 .debug_abbrev  0x0000000000006897      0x27b /usr/lib/gcc/arm-none-eabi/9.2.1/../../../arm-none-eabi/lib/thumb/v7-m/nofp/libc_nano.a(lib_a-fvwrite.o)
 .debug_abbrev  0x0000000000006b12      0x210 /usr/lib/gcc/arm-none-eabi/9.2.1/../../../arm-none-eabi/lib/thumb/v7-m/nofp/libc_nano.a(lib_a-fwalk.o)
 .debug_abbrev  0x0000000000006d22      0x2f6 /usr/lib/gcc/arm-none-eabi/9.2.1/../../../arm-none-eabi/lib/thumb/v7-m/nofp/libc_nano.a(lib_a-makebuf.o)
 .debug_abbrev  0x0000000000007018      0x1d7 /usr/lib/gcc/arm-none-eabi/9.2.1/../../../arm-none-eabi/lib/thumb/v7-m/nofp/libc_nano.a(lib_a-memchr-stub.o)
 .debug_abbrev  0x00000000000071ef       0x14 /usr/lib/gcc/arm-none-eabi/9.2.1/../../../arm-none-eabi/lib/thumb/v7-m/nofp/libc_nano.a(lib_a-memcpy.o)
 .debug_abbrev  0x0000000000007203      0x1de /usr/lib/gcc/arm-none-eabi/9.2.1/../../../arm-none-eabi/lib/thumb/v7-m/nofp/libc_nano.a(lib_a-memmove.o)
 .debug_abbrev  0x00000000000073e1      0x1c5 /usr/lib/gcc/arm-none-eabi/9.2.1/../../../arm-none-eabi/lib/thumb/v7-m/nofp/libc_nano.a(lib_a-mlock.o)
 .debug_abbrev  0x00000000000075a6      0x22a /usr/lib/gcc/arm-none-eabi/9.2.1/../../../arm-none-eabi/lib/thumb/v7-m/nofp/libc_nano.a(lib_a-nano-reallocr.o)
 .debug_abbrev  0x00000000000077d0      0x268 /usr/lib/gcc/arm-none-eabi/9.2.1/../../../arm-none-eabi/lib/thumb/v7-m/nofp/libc_nano.a(lib_a-reent.o)
 .debug_abbrev  0x0000000000007a38      0x32d /usr/lib/gcc/arm-none-eabi/9.2.1/../../../arm-none-eabi/lib/thumb/v7-m/nofp/libc_nano.a(lib_a-signal.o)
 .debug_abbrev  0x0000000000007d65      0x217 /usr/lib/gcc/arm-none-eabi/9.2.1/../../../arm-none-eabi/lib/thumb/v7-m/nofp/libc_nano.a(lib_a-signalr.o)
 .debug_abbrev  0x0000000000007f7c      0x26f /usr/lib/gcc/arm-none-eabi/9.2.1/../../../arm-none-eabi/lib/thumb/v7-m/nofp/libc_nano.a(lib_a-stdio.o)
 .debug_abbrev  0x00000000000081eb      0x1ec /usr/lib/gcc/arm-none-eabi/9.2.1/../../../arm-none-eabi/lib/thumb/v7-m/nofp/libc_nano.a(lib_a-writer.o)
 .debug_abbrev  0x00000000000083d7      0x1e7 /usr/lib/gcc/arm-none-eabi/9.2.1/../../../arm-none-eabi/lib/thumb/v7-m/nofp/libc_nano.a(lib_a-closer.o)
 .debug_abbrev  0x00000000000085be      0x1fb /usr/lib/gcc/arm-none-eabi/9.2.1/../../../arm-none-eabi/lib/thumb/v7-m/nofp/libc_nano.a(lib_a-fstatr.o)
 .debug_abbrev  0x00000000000087b9      0x1e7 /usr/lib/gcc/arm-none-eabi/9.2.1/../../../arm-none-eabi/lib/thumb/v7-m/nofp/libc_nano.a(lib_a-isattyr.o)
 .debug_abbrev  0x00000000000089a0      0x1fb /usr/lib/gcc/arm-none-eabi/9.2.1/../../../arm-none-eabi/lib/thumb/v7-m/nofp/libc_nano.a(lib_a-lseekr.o)
 .debug_abbrev  0x0000000000008b9b      0x1e5 /usr/lib/gcc/arm-none-eabi/9.2.1/../../../arm-none-eabi/lib/thumb/v7-m/nofp/libc_nano.a(lib_a-nano-msizer.o)
 .debug_abbrev  0x0000000000008d80      0x1e7 /usr/lib/gcc/arm-none-eabi/9.2.1/../../../arm-none-eabi/lib/thumb/v7-m/nofp/libc_nano.a(lib_a-readr.o)

.debug_loc      0x0000000000000000    0x158e1
 .debug_loc     0x0000000000000000      0x5c4 build/main.o
 .debug_loc     0x00000000000005c4       0x38 build/gpio.o
 .debug_loc     0x00000000000005fc       0xc0 build/stm32f1xx_it.o
 .debug_loc     0x00000000000006bc       0x41 build/stm32f1xx_hal_msp.o
 .debug_loc     0x00000000000006fd     0x5b12 build/stm32f1xx_hal_tim.o
 .debug_loc     0x000000000000620f     0x20e6 build/stm32f1xx_hal_tim_ex.o
 .debug_loc     0x00000000000082f5      0x1e1 build/stm32f1xx_hal.o
 .debug_loc     0x00000000000084d6      0x75f build/stm32f1xx_hal_rcc.o
 .debug_loc     0x0000000000008c35      0x53b build/stm32f1xx_hal_gpio.o
 .debug_loc     0x0000000000009170      0x8ea build/stm32f1xx_hal_dma.o
 .debug_loc     0x0000000000009a5a      0x7af build/stm32f1xx_hal_cortex.o
 .debug_loc     0x000000000000a209       0xff build/system_stm32f1xx.o
 .debug_loc     0x000000000000a308       0x84 build/sysmem.o
 .debug_loc     0x000000000000a38c      0x511 build/syscalls.o
 .debug_loc     0x000000000000a89d      0x208 build/tim.o
 .debug_loc     0x000000000000aaa5      0x193 build/usart.o
 .debug_loc     0x000000000000ac38     0x4ebf build/stm32f1xx_hal_uart.o
 .debug_loc     0x000000000000faf7       0x38 build/dma.o
 .debug_loc     0x000000000000fb2f       0x6f /usr/lib/gcc/arm-none-eabi/9.2.1/../../../arm-none-eabi/lib/thumb/v7-m/nofp/libc_nano.a(lib_a-atoi.o)
 .debug_loc     0x000000000000fb9e       0xba /usr/lib/gcc/arm-none-eabi/9.2.1/../../../arm-none-eabi/lib/thumb/v7-m/nofp/libc_nano.a(lib_a-init.o)
 .debug_loc     0x000000000000fc58      0x231 /usr/lib/gcc/arm-none-eabi/9.2.1/../../../arm-none-eabi/lib/thumb/v7-m/nofp/libc_nano.a(lib_a-memset.o)
 .debug_loc     0x000000000000fe89       0xd1 /usr/lib/gcc/arm-none-eabi/9.2.1/../../../arm-none-eabi/lib/thumb/v7-m/nofp/libc_nano.a(lib_a-sprintf.o)
 .debug_loc     0x000000000000ff5a       0x25 /usr/lib/gcc/arm-none-eabi/9.2.1/../../../arm-none-eabi/lib/thumb/v7-m/nofp/libc_nano.a(lib_a-strlen-stub.o)
 .debug_loc     0x000000000000ff7f      0x112 /usr/lib/gcc/arm-none-eabi/9.2.1/../../../arm-none-eabi/lib/thumb/v7-m/nofp/libc_nano.a(lib_a-strncat.o)
 .debug_loc     0x0000000000010091      0x1dc /usr/lib/gcc/arm-none-eabi/9.2.1/../../../arm-none-eabi/lib/thumb/v7-m/nofp/libc_nano.a(lib_a-strncmp.o)
 .debug_loc     0x000000000001026d      0x1c5 /usr/lib/gcc/arm-none-eabi/9.2.1/../../../arm-none-eabi/lib/thumb/v7-m/nofp/libc_nano.a(lib_a-strncpy.o)
 .debug_loc     0x0000000000010432       0xf2 /usr/lib/gcc/arm-none-eabi/9.2.1/../../../arm-none-eabi/lib/thumb/v7-m/nofp/libc_nano.a(lib_a-strtok.o)
 .debug_loc     0x0000000000010524      0x2a9 /usr/lib/gcc/arm-none-eabi/9.2.1/../../../arm-none-eabi/lib/thumb/v7-m/nofp/libc_nano.a(lib_a-strtok_r.o)
 .debug_loc     0x00000000000107cd      0x76c /usr/lib/gcc/arm-none-eabi/9.2.1/../../../arm-none-eabi/lib/thumb/v7-m/nofp/libc_nano.a(lib_a-strtol.o)
 .debug_loc     0x0000000000010f39      0x15c /usr/lib/gcc/arm-none-eabi/9.2.1/../../../arm-none-eabi/lib/thumb/v7-m/nofp/libc_nano.a(lib_a-assert.o)
 .debug_loc     0x0000000000011095       0xa6 /usr/lib/gcc/arm-none-eabi/9.2.1/../../../arm-none-eabi/lib/thumb/v7-m/nofp/libc_nano.a(lib_a-fprintf.o)
 .debug_loc     0x000000000001113b       0x64 /usr/lib/gcc/arm-none-eabi/9.2.1/../../../arm-none-eabi/lib/thumb/v7-m/nofp/libc_nano.a(lib_a-malloc.o)
 .debug_loc     0x000000000001119f      0x1f7 /usr/lib/gcc/arm-none-eabi/9.2.1/../../../arm-none-eabi/lib/thumb/v7-m/nofp/libc_nano.a(lib_a-nano-freer.o)
 .debug_loc     0x0000000000011396      0x424 /usr/lib/gcc/arm-none-eabi/9.2.1/../../../arm-none-eabi/lib/thumb/v7-m/nofp/libc_nano.a(lib_a-nano-mallocr.o)
 .debug_loc     0x00000000000117ba      0x80e /usr/lib/gcc/arm-none-eabi/9.2.1/../../../arm-none-eabi/lib/thumb/v7-m/nofp/libc_nano.a(lib_a-nano-svfprintf.o)
 .debug_loc     0x0000000000011fc8      0x7a3 /usr/lib/gcc/arm-none-eabi/9.2.1/../../../arm-none-eabi/lib/thumb/v7-m/nofp/libc_nano.a(lib_a-nano-vfprintf.o)
 .debug_loc     0x000000000001276b      0x7ab /usr/lib/gcc/arm-none-eabi/9.2.1/../../../arm-none-eabi/lib/thumb/v7-m/nofp/libc_nano.a(lib_a-nano-vfprintf_i.o)
 .debug_loc     0x0000000000012f16       0x6c /usr/lib/gcc/arm-none-eabi/9.2.1/../../../arm-none-eabi/lib/thumb/v7-m/nofp/libc_nano.a(lib_a-sbrkr.o)
 .debug_loc     0x0000000000012f82      0x193 /usr/lib/gcc/arm-none-eabi/9.2.1/../../../arm-none-eabi/lib/thumb/v7-m/nofp/libc_nano.a(lib_a-wbuf.o)
 .debug_loc     0x0000000000013115       0xb7 /usr/lib/gcc/arm-none-eabi/9.2.1/../../../arm-none-eabi/lib/thumb/v7-m/nofp/libc_nano.a(lib_a-wsetup.o)
 .debug_loc     0x00000000000131cc      0x41c /usr/lib/gcc/arm-none-eabi/9.2.1/../../../arm-none-eabi/lib/thumb/v7-m/nofp/libc_nano.a(lib_a-fflush.o)
 .debug_loc     0x00000000000135e8      0x339 /usr/lib/gcc/arm-none-eabi/9.2.1/../../../arm-none-eabi/lib/thumb/v7-m/nofp/libc_nano.a(lib_a-findfp.o)
 .debug_loc     0x0000000000013921      0x65b /usr/lib/gcc/arm-none-eabi/9.2.1/../../../arm-none-eabi/lib/thumb/v7-m/nofp/libc_nano.a(lib_a-fvwrite.o)
 .debug_loc     0x0000000000013f7c      0x235 /usr/lib/gcc/arm-none-eabi/9.2.1/../../../arm-none-eabi/lib/thumb/v7-m/nofp/libc_nano.a(lib_a-fwalk.o)
 .debug_loc     0x00000000000141b1      0x192 /usr/lib/gcc/arm-none-eabi/9.2.1/../../../arm-none-eabi/lib/thumb/v7-m/nofp/libc_nano.a(lib_a-makebuf.o)
 .debug_loc     0x0000000000014343      0x226 /usr/lib/gcc/arm-none-eabi/9.2.1/../../../arm-none-eabi/lib/thumb/v7-m/nofp/libc_nano.a(lib_a-memchr-stub.o)
 .debug_loc     0x0000000000014569      0x2e4 /usr/lib/gcc/arm-none-eabi/9.2.1/../../../arm-none-eabi/lib/thumb/v7-m/nofp/libc_nano.a(lib_a-memmove.o)
 .debug_loc     0x000000000001484d      0x133 /usr/lib/gcc/arm-none-eabi/9.2.1/../../../arm-none-eabi/lib/thumb/v7-m/nofp/libc_nano.a(lib_a-nano-reallocr.o)
 .debug_loc     0x0000000000014980      0x135 /usr/lib/gcc/arm-none-eabi/9.2.1/../../../arm-none-eabi/lib/thumb/v7-m/nofp/libc_nano.a(lib_a-reent.o)
 .debug_loc     0x0000000000014ab5      0x55d /usr/lib/gcc/arm-none-eabi/9.2.1/../../../arm-none-eabi/lib/thumb/v7-m/nofp/libc_nano.a(lib_a-signal.o)
 .debug_loc     0x0000000000015012       0xc3 /usr/lib/gcc/arm-none-eabi/9.2.1/../../../arm-none-eabi/lib/thumb/v7-m/nofp/libc_nano.a(lib_a-signalr.o)
 .debug_loc     0x00000000000150d5      0x3a0 /usr/lib/gcc/arm-none-eabi/9.2.1/../../../arm-none-eabi/lib/thumb/v7-m/nofp/libc_nano.a(lib_a-stdio.o)
 .debug_loc     0x0000000000015475       0xd0 /usr/lib/gcc/arm-none-eabi/9.2.1/../../../arm-none-eabi/lib/thumb/v7-m/nofp/libc_nano.a(lib_a-writer.o)
 .debug_loc     0x0000000000015545       0x6c /usr/lib/gcc/arm-none-eabi/9.2.1/../../../arm-none-eabi/lib/thumb/v7-m/nofp/libc_nano.a(lib_a-closer.o)
 .debug_loc     0x00000000000155b1       0x9e /usr/lib/gcc/arm-none-eabi/9.2.1/../../../arm-none-eabi/lib/thumb/v7-m/nofp/libc_nano.a(lib_a-fstatr.o)
 .debug_loc     0x000000000001564f       0x6c /usr/lib/gcc/arm-none-eabi/9.2.1/../../../arm-none-eabi/lib/thumb/v7-m/nofp/libc_nano.a(lib_a-isattyr.o)
 .debug_loc     0x00000000000156bb       0xd0 /usr/lib/gcc/arm-none-eabi/9.2.1/../../../arm-none-eabi/lib/thumb/v7-m/nofp/libc_nano.a(lib_a-lseekr.o)
 .debug_loc     0x000000000001578b       0x86 /usr/lib/gcc/arm-none-eabi/9.2.1/../../../arm-none-eabi/lib/thumb/v7-m/nofp/libc_nano.a(lib_a-nano-msizer.o)
 .debug_loc     0x0000000000015811       0xd0 /usr/lib/gcc/arm-none-eabi/9.2.1/../../../arm-none-eabi/lib/thumb/v7-m/nofp/libc_nano.a(lib_a-readr.o)

.debug_aranges  0x0000000000000000     0x12e8
 .debug_aranges
                0x0000000000000000       0x88 build/main.o
 .debug_aranges
                0x0000000000000088       0x20 build/gpio.o
 .debug_aranges
                0x00000000000000a8       0x88 build/stm32f1xx_it.o
 .debug_aranges
                0x0000000000000130       0x20 build/stm32f1xx_hal_msp.o
 .debug_aranges
                0x0000000000000150      0x3d0 build/stm32f1xx_hal_tim.o
 .debug_aranges
                0x0000000000000520      0x168 build/stm32f1xx_hal_tim_ex.o
 .debug_aranges
                0x0000000000000688       0xe0 build/stm32f1xx_hal.o
 .debug_aranges
                0x0000000000000768       0x90 build/stm32f1xx_hal_rcc.o
 .debug_aranges
                0x00000000000007f8       0x58 build/stm32f1xx_hal_gpio.o
 .debug_aranges
                0x0000000000000850       0x80 build/stm32f1xx_hal_dma.o
 .debug_aranges
                0x00000000000008d0       0x90 build/stm32f1xx_hal_cortex.o
 .debug_aranges
                0x0000000000000960       0x28 build/system_stm32f1xx.o
 .debug_aranges
                0x0000000000000988       0x20 build/sysmem.o
 .debug_aranges
                0x00000000000009a8       0xa8 build/syscalls.o
 .debug_aranges
                0x0000000000000a50       0x40 build/tim.o
 .debug_aranges
                0x0000000000000a90       0x38 build/usart.o
 .debug_aranges
                0x0000000000000ac8      0x208 build/stm32f1xx_hal_uart.o
 .debug_aranges
                0x0000000000000cd0       0x20 build/dma.o
 .debug_aranges
                0x0000000000000cf0       0x28 build/startup_stm32f103xe.o
 .debug_aranges
                0x0000000000000d18       0x20 /usr/lib/gcc/arm-none-eabi/9.2.1/../../../arm-none-eabi/lib/thumb/v7-m/nofp/libc_nano.a(lib_a-atoi.o)
 .debug_aranges
                0x0000000000000d38       0x20 /usr/lib/gcc/arm-none-eabi/9.2.1/../../../arm-none-eabi/lib/thumb/v7-m/nofp/libc_nano.a(lib_a-errno.o)
 .debug_aranges
                0x0000000000000d58       0x18 /usr/lib/gcc/arm-none-eabi/9.2.1/../../../arm-none-eabi/lib/thumb/v7-m/nofp/libc_nano.a(lib_a-impure.o)
 .debug_aranges